Component: ARM Compiler 5.06 update 1 (build 61) Tool: armlink [4d35a8]

==============================================================================

Section Cross References

    main.o(i.Init_USART1) refers to usart_stm32f2xx.o(.constdata) for Driver_USART1
    main.o(i.Init_USART1) refers to main.o(i.USART1_Callback) for USART1_Callback
    main.o(i.Init_USART1) refers to main.o(.data) for rx_char
    main.o(i.Sound_Init) refers to fflt_clz.o(x$fpl$fflt) for __aeabi_i2f
    main.o(i.Sound_Init) refers to fmul.o(x$fpl$fmul) for __aeabi_fmul
    main.o(i.Sound_Init) refers to fdiv.o(x$fpl$fdiv) for __aeabi_fdiv
    main.o(i.Sound_Init) refers to sinf.o(i.sinf) for sinf
    main.o(i.Sound_Init) refers to faddsub_clz.o(x$fpl$fadd) for __aeabi_fadd
    main.o(i.Sound_Init) refers to ffixu.o(x$fpl$ffixu) for __aeabi_f2uiz
    main.o(i.Sound_Init) refers to main.o(.bss) for sine_table
    main.o(i.TIM6_DAC_IRQHandler) refers to frleqf.o(x$fpl$frleqf) for __aeabi_cfrcmple
    main.o(i.TIM6_DAC_IRQHandler) refers to main.o(i.generateSine) for generateSine
    main.o(i.TIM6_DAC_IRQHandler) refers to main.o(.data) for g_current_note_step
    main.o(i.USART1_Callback) refers to rt_cmsis.o(i.osMailAlloc) for osMailAlloc
    main.o(i.USART1_Callback) refers to strncpy.o(.text) for strncpy
    main.o(i.USART1_Callback) refers to rt_cmsis.o(i.osMailPut) for osMailPut
    main.o(i.USART1_Callback) refers to main.o(.data) for idx
    main.o(i.USART1_Callback) refers to main.o(.bss) for local_buffer
    main.o(i.USART1_Callback) refers to usart_stm32f2xx.o(.constdata) for Driver_USART1
    main.o(i.app_main) refers to _printf_percent.o(.ARM.Collect$$_printf_percent$$00000000) for _printf_percent
    main.o(i.app_main) refers to _printf_f.o(.ARM.Collect$$_printf_percent$$00000003) for _printf_f
    main.o(i.app_main) refers to _printf_s.o(.ARM.Collect$$_printf_percent$$00000014) for _printf_s
    main.o(i.app_main) refers to printf1.o(x$fpl$printf1) for _printf_fp_dec
    main.o(i.app_main) refers to _printf_str.o(.text) for _printf_str
    main.o(i.app_main) refers to rt_cmsis.o(i.osMailGet) for osMailGet
    main.o(i.app_main) refers to strncmp.o(.text) for strncmp
    main.o(i.app_main) refers to strlen.o(.text) for strlen
    main.o(i.app_main) refers to strncpy.o(.text) for strncpy
    main.o(i.app_main) refers to main.o(i.get_note_step_from_string) for get_note_step_from_string
    main.o(i.app_main) refers to f2d.o(x$fpl$f2d) for __aeabi_f2d
    main.o(i.app_main) refers to noretval__2sprintf.o(.text) for __2sprintf
    main.o(i.app_main) refers to led_mcbstm32f200.o(i.LED_On) for LED_On
    main.o(i.app_main) refers to led_mcbstm32f200.o(i.LED_Off) for LED_Off
    main.o(i.app_main) refers to rt_cmsis.o(i.osMailFree) for osMailFree
    main.o(i.app_main) refers to main.o(.data) for note_mailbox_id
    main.o(i.app_main) refers to usart_stm32f2xx.o(.constdata) for Driver_USART1
    main.o(i.generateSine) refers to ffix.o(x$fpl$ffix) for __aeabi_f2iz
    main.o(i.generateSine) refers to faddsub_clz.o(x$fpl$fadd) for __aeabi_fadd
    main.o(i.generateSine) refers to frleqf.o(x$fpl$frleqf) for __aeabi_cfrcmple
    main.o(i.generateSine) refers to faddsub_clz.o(x$fpl$fsub) for __aeabi_fsub
    main.o(i.generateSine) refers to main.o(.data) for sine_index
    main.o(i.generateSine) refers to main.o(.bss) for sine_table
    main.o(i.get_note_step_from_string) refers to strcmpv7m.o(.text) for strcmp
    main.o(i.main) refers to led_mcbstm32f200.o(i.LED_Initialize) for LED_Initialize
    main.o(i.main) refers to main.o(i.Sound_Init) for Sound_Init
    main.o(i.main) refers to main.o(i.Init_USART1) for Init_USART1
    main.o(i.main) refers to rt_cmsis.o(i.osKernelInitialize) for osKernelInitialize
    main.o(i.main) refers to rt_cmsis.o(i.osMailCreate) for osMailCreate
    main.o(i.main) refers to rt_cmsis.o(i.osThreadCreate) for osThreadCreate
    main.o(i.main) refers to rt_cmsis.o(i.osKernelStart) for osKernelStart
    main.o(i.main) refers to main.o(.constdata) for os_mailQ_def_note_mailbox
    main.o(i.main) refers to main.o(.data) for note_mailbox_id
    main.o(.constdata) refers to main.o(.data) for os_mailQ_p_note_mailbox
    main.o(.constdata) refers to main.o(i.app_main) for app_main
    main.o(.data) refers to main.o(.bss) for os_mailQ_q_note_mailbox
    adc_mcbstm32f200.o(i.ADC_ConversionDone) refers to stm32f2xx_hal_adc.o(i.HAL_ADC_PollForConversion) for HAL_ADC_PollForConversion
    adc_mcbstm32f200.o(i.ADC_ConversionDone) refers to adc_mcbstm32f200.o(.bss) for hadc3
    adc_mcbstm32f200.o(i.ADC_ConversionDone) refers to adc_mcbstm32f200.o(.data) for AD_done
    adc_mcbstm32f200.o(i.ADC_GetValue) refers to stm32f2xx_hal_adc.o(i.HAL_ADC_PollForConversion) for HAL_ADC_PollForConversion
    adc_mcbstm32f200.o(i.ADC_GetValue) refers to stm32f2xx_hal_adc.o(i.HAL_ADC_GetValue) for HAL_ADC_GetValue
    adc_mcbstm32f200.o(i.ADC_GetValue) refers to adc_mcbstm32f200.o(.data) for AD_done
[...]
    locale$$code                             0x08005098   Section       44  lc_numeric_c.o(locale$$code)
    x$fpl$dretinf                            0x080050c4   Section       12  dretinf.o(x$fpl$dretinf)
    x$fpl$f2d                                0x080050d0   Section       86  f2d.o(x$fpl$f2d)
    x$fpl$fadd                               0x08005128   Section      196  faddsub_clz.o(x$fpl$fadd)
    _fadd1                                   0x08005137   Thumb Code     0  faddsub_clz.o(x$fpl$fadd)
    x$fpl$fcheck1                            0x080051ec   Section       12  fcheck1.o(x$fpl$fcheck1)
    x$fpl$fcmpinf                            0x080051f8   Section       24  fcmpi.o(x$fpl$fcmpinf)
    x$fpl$fdiv                               0x08005210   Section      388  fdiv.o(x$fpl$fdiv)
    _fdiv1                                   0x08005211   Thumb Code     0  fdiv.o(x$fpl$fdiv)
    x$fpl$ffix                               0x08005394   Section       54  ffix.o(x$fpl$ffix)
    x$fpl$ffixu                              0x080053cc   Section       62  ffixu.o(x$fpl$ffixu)
    x$fpl$fflt                               0x0800540c   Section       48  fflt_clz.o(x$fpl$fflt)
    x$fpl$ffltu                              0x0800543c   Section       38  fflt_clz.o(x$fpl$ffltu)
    x$fpl$fleqf                              0x08005464   Section      104  fleqf.o(x$fpl$fleqf)
    x$fpl$fmul                               0x080054cc   Section      258  fmul.o(x$fpl$fmul)
    x$fpl$fnaninf                            0x080055ce   Section      140  fnaninf.o(x$fpl$fnaninf)
    x$fpl$fretinf                            0x0800565a   Section       10  fretinf.o(x$fpl$fretinf)
    x$fpl$frleqf                             0x08005664   Section       98  frleqf.o(x$fpl$frleqf)
    x$fpl$frnd                               0x080056c8   Section       96  frnd.o(x$fpl$frnd)
    x$fpl$frsb                               0x08005728   Section       20  faddsub_clz.o(x$fpl$frsb)
    x$fpl$fsub                               0x0800573c   Section      234  faddsub_clz.o(x$fpl$fsub)
    _fsub1                                   0x0800574b   Thumb Code     0  faddsub_clz.o(x$fpl$fsub)
    x$fpl$printf1                            0x08005826   Section        4  printf1.o(x$fpl$printf1)
    x$fpl$retnan                             0x0800582a   Section      100  retnan.o(x$fpl$retnan)
    x$fpl$scalbnf                            0x0800588e   Section       76  scalbnf.o(x$fpl$scalbnf)
    x$fpl$trapveneer                         0x080058da   Section       48  trapv.o(x$fpl$trapveneer)
    x$fpl$usenofp                            0x0800590a   Section        0  usenofp.o(x$fpl$usenofp)
    .constdata                               0x0800590c   Section       28  main.o(.constdata)
    .constdata                               0x08005928   Section       64  led_mcbstm32f200.o(.constdata)
    LED_PIN                                  0x08005928   Data          64  led_mcbstm32f200.o(.constdata)
    .constdata                               0x08005968   Section      104  rtx_conf_cm.o(.constdata)
    __tagsym$$used                           0x08005984   Number         0  rtx_conf_cm.o(.constdata)
    __tagsym$$used                           0x08005988   Number         0  rtx_conf_cm.o(.constdata)
    __tagsym$$used                           0x0800598c   Number         0  rtx_conf_cm.o(.constdata)
    __tagsym$$used                           0x08005990   Number         0  rtx_conf_cm.o(.constdata)
    .constdata                               0x080059d0   Section      136  usart_stm32f2xx.o(.constdata)
    usart_driver_version                     0x080059d0   Data           4  usart_stm32f2xx.o(.constdata)
    USART1_tx                                0x080059d4   Data          12  usart_stm32f2xx.o(.constdata)
    USART1_rx                                0x080059e0   Data          12  usart_stm32f2xx.o(.constdata)
    USART1_Resources                         0x080059ec   Data          52  usart_stm32f2xx.o(.constdata)
    .constdata                               0x08005a58   Section       24  system_stm32f2xx.o(.constdata)
    .constdata                               0x08005a70   Section       32  rredf.o(.constdata)
    twooverpi                                0x08005a70   Data          32  rredf.o(.constdata)
    .constdata                               0x08005a90   Section      148  bigflt0.o(.constdata)
    tenpwrs_x                                0x08005a90   Data          60  bigflt0.o(.constdata)
    tenpwrs_i                                0x08005acc   Data          64  bigflt0.o(.constdata)
    locale$$data                             0x08005b44   Section       28  lc_numeric_c.o(locale$$data)
    __lcnum_c_name                           0x08005b48   Data           2  lc_numeric_c.o(locale$$data)
    __lcnum_c_start                          0x08005b50   Data           0  lc_numeric_c.o(locale$$data)
    __lcnum_c_point                          0x08005b5c   Data           0  lc_numeric_c.o(locale$$data)
    __lcnum_c_thousands                      0x08005b5e   Data           0  lc_numeric_c.o(locale$$data)
    __lcnum_c_grouping                       0x08005b5f   Data           0  lc_numeric_c.o(locale$$data)
    __lcnum_c_end                            0x08005b60   Data           0  lc_numeric_c.o(locale$$data)
    .data                                    0x20000000   Section       28  main.o(.data)
    idx                                      0x20000018   Data           4  main.o(.data)
    .data                                    0x2000001c   Section       20  rtx_conf_cm.o(.data)
    nr_mutex                                 0x2000002c   Data           4  rtx_conf_cm.o(.data)
    .data                                    0x20000030   Section        9  stm32f2xx_hal.o(.data)
    .data                                    0x2000003c   Section        4  system_stm32f2xx.o(.data)
    .data                                    0x20000040   Section        8  rt_cmsis.o(.data)
    .data                                    0x20000048   Section        8  rt_task.o(.data)
    .data                                    0x20000050   Section        8  rt_system.o(.data)
    os_lock                                  0x20000050   Data           1  rt_system.o(.data)
    os_psh_flag                              0x20000051   Data           1  rt_system.o(.data)
    pend_flags                               0x20000052   Data           1  rt_system.o(.data)
    .data                                    0x20000058   Section        4  rt_time.o(.data)
    .data                                    0x2000005c   Section        8  rt_robin.o(.data)
    .data                                    0x20000064   Section        1  hal_cm.o(.data)
    .bss                                     0x20000068   Section     2396  main.o(.bss)
    local_buffer                             0x200009a4   Data          32  main.o(.bss)
    .bss                                     0x200009c8   Section     8784  rtx_conf_cm.o(.bss)
    std_libspace                             0x200028f8   Data         672  rtx_conf_cm.o(.bss)
    std_libmutex                             0x20002b98   Data         128  rtx_conf_cm.o(.bss)
    .bss                                     0x20002c18   Section       56  usart_stm32f2xx.o(.bss)
    USART1_Info                              0x20002c18   Data          20  usart_stm32f2xx.o(.bss)
    USART1_TransferInfo                      0x20002c2c   Data          36  usart_stm32f2xx.o(.bss)
    .bss                                     0x20002c50   Section       52  rt_task.o(.bss)
    .bss                                     0x20002c84   Section       48  rt_list.o(.bss)
    .bss                                     0x20002cb4   Section       96  libspace.o(.bss)
    HEAP                                     0x20002d18   Section      512  startup_stm32f207xx.o(HEAP)
    Heap_Mem                                 0x20002d18   Data         512  startup_stm32f207xx.o(HEAP)
    STACK                                    0x20002f18   Section     1024  startup_stm32f207xx.o(STACK)
    Stack_Mem                                0x20002f18   Data        1024  startup_stm32f207xx.o(STACK)
    __initial_sp                             0x20003318   Data           0  startup_stm32f207xx.o(STACK)

    Global Symbols

    Symbol Name                              Value     Ov Type        Size  Object(Section)

    BuildAttributes$$THM_ISAv4$P$D$K$B$S$PE$A:L22UL41UL21$X:L11$S22US41US21$IEEE1$IW$USESV6$~STKCKD$USESV7$~SHL$OTIME$ROPI$IEEEX$EBA8$UX$STANDARDLIB$REQ8$PRES8$EABIv2 0x00000000   Number         0  anon$$obj.o ABSOLUTE
    __ARM_use_no_argv                        0x00000000   Number         0  main.o ABSOLUTE
    _printf_flags                            0x00000000   Number         0  printf_stubs.o ABSOLUTE
    _printf_return_value                     0x00000000   Number         0  printf_stubs.o ABSOLUTE
    _printf_sizespec                         0x00000000   Number         0  printf_stubs.o ABSOLUTE
    _printf_widthprec                        0x00000000   Number         0  printf_stubs.o ABSOLUTE
    __ARM_exceptions_init                     - Undefined Weak Reference
    __alloca_initialize                       - Undefined Weak Reference
    __arm_preinit_                            - Undefined Weak Reference
    __cpp_initialize__aeabi_                  - Undefined Weak Reference
    __cxa_finalize                            - Undefined Weak Reference
    __sigvec_lookup                           - Undefined Weak Reference
    _atexit_init                              - Undefined Weak Reference
    _call_atexit_fns                          - Undefined Weak Reference
    _clock_init                               - Undefined Weak Reference
    _fp_trap_init                             - Undefined Weak Reference
    _fp_trap_shutdown                         - Undefined Weak Reference
    _get_lc_collate                           - Undefined Weak Reference
    _get_lc_ctype                             - Undefined Weak Reference
    _get_lc_monetary                          - Undefined Weak Reference
    _get_lc_time                              - Undefined Weak Reference
    _getenv_init                              - Undefined Weak Reference
    _handle_redirection                       - Undefined Weak Reference
    _init_alloc                               - Undefined Weak Reference
    _init_user_alloc                          - Undefined Weak Reference
    _initio                                   - Undefined Weak Reference
    _printf_mbtowc                            - Undefined Weak Reference
    _printf_post_padding                      - Undefined Weak Reference
    _printf_pre_padding                       - Undefined Weak Reference
    _rand_init                                - Undefined Weak Reference
    _signal_finish                            - Undefined Weak Reference
    _signal_init                              - Undefined Weak Reference
    _terminate_alloc                          - Undefined Weak Reference
    _terminate_user_alloc                     - Undefined Weak Reference
    _terminateio                              - Undefined Weak Reference
    __Vectors_Size                           0x00000184   Number         0  startup_stm32f207xx.o ABSOLUTE
    __RL_RTX_VER                             0x00000482   Number         0  rt_system.o ABSOLUTE
    __Vectors                                0x08000000   Data           4  startup_stm32f207xx.o(RESET)
    __Vectors_End                            0x08000184   Data           0  startup_stm32f207xx.o(RESET)
    __main                                   0x08000185   Thumb Code     8  __main.o(!!!main)
    __scatterload                            0x0800018d   Thumb Code     0  __scatter.o(!!!scatter)
    __scatterload_rt2                        0x0800018d   Thumb Code    44  __scatter.o(!!!scatter)
    __scatterload_rt2_thumb_only             0x0800018d   Thumb Code     0  __scatter.o(!!!scatter)
    __scatterload_null                       0x0800019b   Thumb Code     0  __scatter.o(!!!scatter)
    __scatterload_copy                       0x080001c1   Thumb Code    26  __scatter_copy.o(!!handler_copy)
    __scatterload_zeroinit                   0x080001dd   Thumb Code    28  __scatter_zi.o(!!handler_zi)
    _printf_f                                0x080001f9   Thumb Code     0  _printf_f.o(.ARM.Collect$$_printf_percent$$00000003)
    _printf_percent                          0x080001f9   Thumb Code     0  _printf_percent.o(.ARM.Collect$$_printf_percent$$00000000)
    _printf_s                                0x080001ff   Thumb Code     0  _printf_s.o(.ARM.Collect$$_printf_percent$$00000014)
    _printf_percent_end                      0x08000205   Thumb Code     0  _printf_percent_end.o(.ARM.Collect$$_printf_percent$$00000017)
    __rt_lib_init                            0x08000209   Thumb Code     0  libinit.o(.ARM.Collect$$libinit$$00000000)
    __rt_lib_init_fp_1                       0x0800020b   Thumb Code     0  libinit2.o(.ARM.Collect$$libinit$$00000002)
    __rt_lib_init_heap_1                     0x0800020b   Thumb Code     0  libinit2.o(.ARM.Collect$$libinit$$0000000A)
    __rt_lib_init_lc_common                  0x0800020b   Thumb Code     0  libinit2.o(.ARM.Collect$$libinit$$0000000F)
    __rt_lib_init_preinit_1                  0x0800020b   Thumb Code     0  libinit2.o(.ARM.Collect$$libinit$$00000004)
    __rt_lib_init_rand_1                     0x0800020b   Thumb Code     0  libinit2.o(.ARM.Collect$$libinit$$0000000E)
    __rt_lib_init_user_alloc_1               0x0800020b   Thumb Code     0  libinit2.o(.ARM.Collect$$libinit$$0000000C)
    __rt_lib_init_lc_collate_1               0x08000211   Thumb Code     0  libinit2.o(.ARM.Collect$$libinit$$00000011)
    __rt_lib_init_lc_ctype_1                 0x08000211   Thumb Code     0  libinit2.o(.ARM.Collect$$libinit$$00000013)
    __rt_lib_init_lc_monetary_1              0x08000211   Thumb Code     0  libinit2.o(.ARM.Collect$$libinit$$00000015)
    __rt_lib_init_lc_numeric_2               0x08000211   Thumb Code     0  libinit2.o(.ARM.Collect$$libinit$$00000016)
    __rt_lib_init_alloca_1                   0x0800021b   Thumb Code     0  libinit2.o(.ARM.Collect$$libinit$$0000002E)
    __rt_lib_init_argv_1                     0x0800021b   Thumb Code     0  libinit2.o(.ARM.Collect$$libinit$$0000002C)
    __rt_lib_init_atexit_1                   0x0800021b   Thumb Code     0  libinit2.o(.ARM.Collect$$libinit$$0000001B)
    __rt_lib_init_clock_1                    0x0800021b   Thumb Code     0  libinit2.o(.ARM.Collect$$libinit$$00000021)
    __rt_lib_init_cpp_1                      0x0800021b   Thumb Code     0  libinit2.o(.ARM.Collect$$libinit$$00000032)
    __rt_lib_init_exceptions_1               0x0800021b   Thumb Code     0  libinit2.o(.ARM.Collect$$libinit$$00000030)
    __rt_lib_init_fp_trap_1                  0x0800021b   Thumb Code     0  libinit2.o(.ARM.Collect$$libinit$$0000001F)
    __rt_lib_init_getenv_1                   0x0800021b   Thumb Code     0  libinit2.o(.ARM.Collect$$libinit$$00000023)
    __rt_lib_init_lc_numeric_1               0x0800021b   Thumb Code     0  libinit2.o(.ARM.Collect$$libinit$$00000017)
    __rt_lib_init_lc_time_1                  0x0800021b   Thumb Code     0  libinit2.o(.ARM.Collect$$libinit$$00000019)
    __rt_lib_init_return                     0x0800021b   Thumb Code     0  libinit2.o(.ARM.Collect$$libinit$$00000033)
    __rt_lib_init_signal_1                   0x0800021b   Thumb Code     0  libinit2.o(.ARM.Collect$$libinit$$0000001D)
    __rt_lib_init_stdio_1                    0x0800021b   Thumb Code     0  libinit2.o(.ARM.Collect$$libinit$$00000025)
    __rt_lib_shutdown                        0x0800021d   Thumb Code     0  libshutdown.o(.ARM.Collect$$libshutdown$$00000000)
    __rt_lib_shutdown_cpp_1                  0x0800021f   Thumb Code     0  libshutdown2.o(.ARM.Collect$$libshutdown$$00000002)
    __rt_lib_shutdown_fp_trap_1              0x0800021f   Thumb Code     0  libshutdown2.o(.ARM.Collect$$libshutdown$$00000007)
    __rt_lib_shutdown_heap_1                 0x0800021f   Thumb Code     0  libshutdown2.o(.ARM.Collect$$libshutdown$$0000000F)
    __rt_lib_shutdown_return                 0x0800021f   Thumb Code     0  libshutdown2.o(.ARM.Collect$$libshutdown$$00000010)
    __rt_lib_shutdown_signal_1               0x0800021f   Thumb Code     0  libshutdown2.o(.ARM.Collect$$libshutdown$$0000000A)
    __rt_lib_shutdown_stdio_1                0x0800021f   Thumb Code     0  libshutdown2.o(.ARM.Collect$$libshutdown$$00000004)
    __rt_lib_shutdown_user_alloc_1           0x0800021f   Thumb Code     0  libshutdown2.o(.ARM.Collect$$libshutdown$$0000000C)
    __rt_entry                               0x08000221   Thumb Code     0  __rtentry.o(.ARM.Collect$$rtentry$$00000000)
    __rt_entry_presh_1                       0x08000221   Thumb Code     0  __rtentry2.o(.ARM.Collect$$rtentry$$00000002)
    __rt_entry_sh                            0x08000221   Thumb Code     0  __rtentry4.o(.ARM.Collect$$rtentry$$00000004)
    __rt_entry_li                            0x08000227   Thumb Code     0  __rtentry2.o(.ARM.Collect$$rtentry$$0000000A)
    __rt_entry_postsh_1                      0x08000227   Thumb Code     0  __rtentry2.o(.ARM.Collect$$rtentry$$00000009)
    __rt_entry_postli_1                      0x0800022b   Thumb Code     0  __rtentry2.o(.ARM.Collect$$rtentry$$0000000B)
    __rt_entry_main                          0x08000233   Thumb Code     0  __rtentry2.o(.ARM.Collect$$rtentry$$0000000D)
    __rt_exit                                0x0800023b   Thumb Code     0  rtexit.o(.ARM.Collect$$rtexit$$00000000)
    __rt_exit_ls                             0x0800023d   Thumb Code     0  rtexit2.o(.ARM.Collect$$rtexit$$00000003)
    __rt_exit_prels_1                        0x0800023d   Thumb Code     0  rtexit2.o(.ARM.Collect$$rtexit$$00000002)
    __rt_exit_exit                           0x08000241   Thumb Code     0  rtexit2.o(.ARM.Collect$$rtexit$$00000004)
    _platform_post_lib_init                  0x08000249   Thumb Code    24  rtx_conf_cm.o(.emb_text)
    rt_set_PSP                               0x08000265   Thumb Code     6  hal_cm3.o(.emb_text)
    rt_get_PSP                               0x0800026b   Thumb Code     6  hal_cm3.o(.emb_text)
    os_set_env                               0x08000271   Thumb Code    24  hal_cm3.o(.emb_text)
    _alloc_box                               0x0800028d   Thumb Code    28  hal_cm3.o(.emb_text)
    _free_box                                0x080002ad   Thumb Code    28  hal_cm3.o(.emb_text)
    SVC_Handler                              0x080002cd   Thumb Code   108  hal_cm3.o(.emb_text)
    PendSV_Handler                           0x08000345   Thumb Code    56  hal_cm3.o(.emb_text)
    SysTick_Handler                          0x08000381   Thumb Code     8  hal_cm3.o(.emb_text)
    OS_Tick_Handler                          0x08000389   Thumb Code    12  hal_cm3.o(.emb_text)
    Reset_Handler                            0x08000395   Thumb Code     8  startup_stm32f207xx.o(.text)
    NMI_Handler                              0x0800039d   Thumb Code     2  startup_stm32f207xx.o(.text)
    HardFault_Handler                        0x0800039f   Thumb Code     2  startup_stm32f207xx.o(.text)
    MemManage_Handler                        0x080003a1   Thumb Code     2  startup_stm32f207xx.o(.text)
    BusFault_Handler                         0x080003a3   Thumb Code     2  startup_stm32f207xx.o(.text)
    UsageFault_Handler                       0x080003a5   Thumb Code     2  startup_stm32f207xx.o(.text)
    DebugMon_Handler                         0x080003a9   Thumb Code     2  startup_stm32f207xx.o(.text)
    ADC_IRQHandler                           0x080003af   Thumb Code     0  startup_stm32f207xx.o(.text)
    CAN1_RX0_IRQHandler                      0x080003af   Thumb Code     0  startup_stm32f207xx.o(.text)
    CAN1_RX1_IRQHandler                      0x080003af   Thumb Code     0  startup_stm32f207xx.o(.text)
    CAN1_SCE_IRQHandler                      0x080003af   Thumb Code     0  startup_stm32f207xx.o(.text)
    CAN1_TX_IRQHandler                       0x080003af   Thumb Code     0  startup_stm32f207xx.o(.text)
    CAN2_RX0_IRQHandler                      0x080003af   Thumb Code     0  startup_stm32f207xx.o(.text)
    CAN2_RX1_IRQHandler                      0x080003af   Thumb Code     0  startup_stm32f207xx.o(.text)
    CAN2_SCE_IRQHandler                      0x080003af   Thumb Code     0  startup_stm32f207xx.o(.text)
    CAN2_TX_IRQHandler                       0x080003af   Thumb Code     0  startup_stm32f207xx.o(.text)
    DCMI_IRQHandler                          0x080003af   Thumb Code     0  startup_stm32f207xx.o(.text)
    DMA1_Stream0_IRQHandler                  0x080003af   Thumb Code     0  startup_stm32f207xx.o(.text)
    DMA1_Stream1_IRQHandler                  0x080003af   Thumb Code     0  startup_stm32f207xx.o(.text)
    DMA1_Stream2_IRQHandler                  0x080003af   Thumb Code     0  startup_stm32f207xx.o(.text)
    DMA1_Stream3_IRQHandler                  0x080003af   Thumb Code     0  startup_stm32f207xx.o(.text)
    DMA1_Stream4_IRQHandler                  0x080003af   Thumb Code     0  startup_stm32f207xx.o(.text)
    DMA1_Stream5_IRQHandler                  0x080003af   Thumb Code     0  startup_stm32f207xx.o(.text)
    DMA1_Stream6_IRQHandler                  0x080003af   Thumb Code     0  startup_stm32f207xx.o(.text)
    DMA1_Stream7_IRQHandler                  0x080003af   Thumb Code     0  startup_stm32f207xx.o(.text)
    DMA2_Stream0_IRQHandler                  0x080003af   Thumb Code     0  startup_stm32f207xx.o(.text)
    DMA2_Stream1_IRQHandler                  0x080003af   Thumb Code     0  startup_stm32f207xx.o(.text)
    DMA2_Stream2_IRQHandler                  0x080003af   Thumb Code     0  startup_stm32f207xx.o(.text)
    DMA2_Stream3_IRQHandler                  0x080003af   Thumb Code     0  startup_stm32f207xx.o(.text)
    DMA2_Stream4_IRQHandler                  0x080003af   Thumb Code     0  startup_stm32f207xx.o(.text)
    DMA2_Stream5_IRQHandler                  0x080003af   Thumb Code     0  startup_stm32f207xx.o(.text)
    DMA2_Stream6_IRQHandler                  0x080003af   Thumb Code     0  startup_stm32f207xx.o(.text)
    DMA2_Stream7_IRQHandler                  0x080003af   Thumb Code     0  startup_stm32f207xx.o(.text)
    ETH_IRQHandler                           0x080003af   Thumb Code     0  startup_stm32f207xx.o(.text)
    ETH_WKUP_IRQHandler                      0x080003af   Thumb Code     0  startup_stm32f207xx.o(.text)
    EXTI0_IRQHandler                         0x080003af   Thumb Code     0  startup_stm32f207xx.o(.text)
    EXTI15_10_IRQHandler                     0x080003af   Thumb Code     0  startup_stm32f207xx.o(.text)
    EXTI1_IRQHandler                         0x080003af   Thumb Code     0  startup_stm32f207xx.o(.text)
    EXTI2_IRQHandler                         0x080003af   Thumb Code     0  startup_stm32f207xx.o(.text)
    EXTI3_IRQHandler                         0x080003af   Thumb Code     0  startup_stm32f207xx.o(.text)
    EXTI4_IRQHandler                         0x080003af   Thumb Code     0  startup_stm32f207xx.o(.text)
    EXTI9_5_IRQHandler                       0x080003af   Thumb Code     0  startup_stm32f207xx.o(.text)
    FLASH_IRQHandler                         0x080003af   Thumb Code     0  startup_stm32f207xx.o(.text)
    FSMC_IRQHandler                          0x080003af   Thumb Code     0  startup_stm32f207xx.o(.text)
    HASH_RNG_IRQHandler                      0x080003af   Thumb Code     0  startup_stm32f207xx.o(.text)
    I2C1_ER_IRQHandler                       0x080003af   Thumb Code     0  startup_stm32f207xx.o(.text)
    I2C1_EV_IRQHandler                       0x080003af   Thumb Code     0  startup_stm32f207xx.o(.text)
    I2C2_ER_IRQHandler                       0x080003af   Thumb Code     0  startup_stm32f207xx.o(.text)
    I2C2_EV_IRQHandler                       0x080003af   Thumb Code     0  startup_stm32f207xx.o(.text)
    I2C3_ER_IRQHandler                       0x080003af   Thumb Code     0  startup_stm32f207xx.o(.text)
    I2C3_EV_IRQHandler                       0x080003af   Thumb Code     0  startup_stm32f207xx.o(.text)
    OTG_FS_IRQHandler                        0x080003af   Thumb Code     0  startup_stm32f207xx.o(.text)
    OTG_FS_WKUP_IRQHandler                   0x080003af   Thumb Code     0  startup_stm32f207xx.o(.text)
    OTG_HS_EP1_IN_IRQHandler                 0x080003af   Thumb Code     0  startup_stm32f207xx.o(.text)
    OTG_HS_EP1_OUT_IRQHandler                0x080003af   Thumb Code     0  startup_stm32f207xx.o(.text)
    OTG_HS_IRQHandler                        0x080003af   Thumb Code     0  startup_stm32f207xx.o(.text)
    OTG_HS_WKUP_IRQHandler                   0x080003af   Thumb Code     0  startup_stm32f207xx.o(.text)
    PVD_IRQHandler                           0x080003af   Thumb Code     0  startup_stm32f207xx.o(.text)
    RCC_IRQHandler                           0x080003af   Thumb Code     0  startup_stm32f207xx.o(.text)
    RTC_Alarm_IRQHandler                     0x080003af   Thumb Code     0  startup_stm32f207xx.o(.text)
    RTC_WKUP_IRQHandler                      0x080003af   Thumb Code     0  startup_stm32f207xx.o(.text)
    SDIO_IRQHandler                          0x080003af   Thumb Code     0  startup_stm32f207xx.o(.text)
    SPI1_IRQHandler                          0x080003af   Thumb Code     0  startup_stm32f207xx.o(.text)
    SPI2_IRQHandler                          0x080003af   Thumb Code     0  startup_stm32f207xx.o(.text)
    SPI3_IRQHandler                          0x080003af   Thumb Code     0  startup_stm32f207xx.o(.text)
    TAMP_STAMP_IRQHandler                    0x080003af   Thumb Code     0  startup_stm32f207xx.o(.text)
    TIM1_BRK_TIM9_IRQHandler                 0x080003af   Thumb Code     0  startup_stm32f207xx.o(.text)
    TIM1_CC_IRQHandler                       0x080003af   Thumb Code     0  startup_stm32f207xx.o(.text)
    TIM1_TRG_COM_TIM11_IRQHandler            0x080003af   Thumb Code     0  startup_stm32f207xx.o(.text)
    TIM1_UP_TIM10_IRQHandler                 0x080003af   Thumb Code     0  startup_stm32f207xx.o(.text)
    TIM2_IRQHandler                          0x080003af   Thumb Code     0  startup_stm32f207xx.o(.text)
    TIM3_IRQHandler                          0x080003af   Thumb Code     0  startup_stm32f207xx.o(.text)
    TIM4_IRQHandler                          0x080003af   Thumb Code     0  startup_stm32f207xx.o(.text)
    TIM5_IRQHandler                          0x080003af   Thumb Code     0  startup_stm32f207xx.o(.text)
    TIM7_IRQHandler                          0x080003af   Thumb Code     0  startup_stm32f207xx.o(.text)
    TIM8_BRK_TIM12_IRQHandler                0x080003af   Thumb Code     0  startup_stm32f207xx.o(.text)
    TIM8_CC_IRQHandler                       0x080003af   Thumb Code     0  startup_stm32f207xx.o(.text)
    TIM8_TRG_COM_TIM14_IRQHandler            0x080003af   Thumb Code     0  startup_stm32f207xx.o(.text)
    TIM8_UP_TIM13_IRQHandler                 0x080003af   Thumb Code     0  startup_stm32f207xx.o(.text)
    UART4_IRQHandler                         0x080003af   Thumb Code     0  startup_stm32f207xx.o(.text)
    UART5_IRQHandler                         0x080003af   Thumb Code     0  startup_stm32f207xx.o(.text)
    USART2_IRQHandler                        0x080003af   Thumb Code     0  startup_stm32f207xx.o(.text)
    USART3_IRQHandler                        0x080003af   Thumb Code     0  startup_stm32f207xx.o(.text)
    USART6_IRQHandler                        0x080003af   Thumb Code     0  startup_stm32f207xx.o(.text)
    WWDG_IRQHandler                          0x080003af   Thumb Code     0  startup_stm32f207xx.o(.text)
    __user_initial_stackheap                 0x080003b1   Thumb Code     0  startup_stm32f207xx.o(.text)
    __user_libspace                          0x080003d5   Thumb Code     8  libspace.o(.text)
    __user_perproc_libspace                  0x080003d5   Thumb Code     0  libspace.o(.text)
    __2sprintf                               0x080003dd   Thumb Code    34  noretval__2sprintf.o(.text)
    _printf_str                              0x08000405   Thumb Code    82  _printf_str.o(.text)
    __printf                                 0x08000457   Thumb Code   270  __printf_wp.o(.text)
    exit                                     0x08000565   Thumb Code    18  exit.o(.text)
    strlen                                   0x08000577   Thumb Code    62  strlen.o(.text)
    strncmp                                  0x080005b5   Thumb Code   150  strncmp.o(.text)
    __aeabi_memclr4                          0x0800064b   Thumb Code     0  rt_memclr_w.o(.text)
    __aeabi_memclr8                          0x0800064b   Thumb Code     0  rt_memclr_w.o(.text)
    __rt_memclr_w                            0x0800064b   Thumb Code    78  rt_memclr_w.o(.text)
    _memset_w                                0x0800064f   Thumb Code     0  rt_memclr_w.o(.text)
    strncpy                                  0x08000699   Thumb Code    86  strncpy.o(.text)
    strcmp                                   0x080006f1   Thumb Code   128  strcmpv7m.o(.text)
    __use_two_region_memory                  0x08000771   Thumb Code     2  heapauxi.o(.text)
    __rt_heap_escrow$2region                 0x08000773   Thumb Code     2  heapauxi.o(.text)
    __rt_heap_expand$2region                 0x08000775   Thumb Code     2  heapauxi.o(.text)
    __read_errno                             0x08000777   Thumb Code    10  _rserrno.o(.text)
    __set_errno                              0x08000781   Thumb Code    12  _rserrno.o(.text)
    __lib_sel_fp_printf                      0x0800078d   Thumb Code     2  _printf_fp_dec.o(.text)
    _printf_fp_dec_real                      0x0800093b   Thumb Code   620  _printf_fp_dec.o(.text)
    _printf_char_common                      0x08000bb3   Thumb Code    32  _printf_char_common.o(.text)
    _sputc                                   0x08000bd9   Thumb Code    10  _sputc.o(.text)
    _printf_cs_common                        0x08000be3   Thumb Code    20  _printf_char.o(.text)
    _printf_char                             0x08000bf7   Thumb Code    16  _printf_char.o(.text)
    _printf_string                           0x08000c07   Thumb Code     8  _printf_char.o(.text)
    __aeabi_memclr                           0x08000c0f   Thumb Code     0  rt_memclr.o(.text)
    __rt_memclr                              0x08000c0f   Thumb Code    68  rt_memclr.o(.text)
    _memset                                  0x08000c13   Thumb Code     0  rt_memclr.o(.text)
    __rt_locale                              0x08000c53   Thumb Code    10  rt_locale_twolibspace.o(.text)
    __aeabi_errno_addr                       0x08000c5d   Thumb Code     4  rt_errno_addr_twolibspace.o(.text)
    __errno$twolibspace                      0x08000c5d   Thumb Code     0  rt_errno_addr_twolibspace.o(.text)
    __rt_errno_addr$twolibspace              0x08000c5d   Thumb Code     0  rt_errno_addr_twolibspace.o(.text)
    _ll_udiv10                               0x08000c61   Thumb Code   138  lludiv10.o(.text)
    _printf_fp_infnan                        0x08000ced   Thumb Code   112  _printf_fp_infnan.o(.text)
    _btod_etento                             0x08000d6d   Thumb Code   216  bigflt0.o(.text)
    _sys_exit                                0x08000e49   Thumb Code     8  sys_exit.o(.text)
    __user_setup_stackheap                   0x08000e55   Thumb Code    74  sys_stackheap_outer.o(.text)
    __I$use$semihosting                      0x08000e9f   Thumb Code     0  use_no_semi.o(.text)
    __use_no_semihosting_swi                 0x08000e9f   Thumb Code     2  use_no_semi.o(.text)
    __semihosting_library_function           0x08000ea1   Thumb Code     0  indicate_semi.o(.text)
    _btod_d2e                                0x08000ea1   Thumb Code    62  btod.o(CL$$btod_d2e)
    _d2e_denorm_low                          0x08000edf   Thumb Code    70  btod.o(CL$$btod_d2e_denorm_low)
    _d2e_norm_op1                            0x08000f25   Thumb Code    96  btod.o(CL$$btod_d2e_norm_op1)
    __btod_div_common                        0x08000f85   Thumb Code   696  btod.o(CL$$btod_div_common)
    _e2e                                     0x080012bd   Thumb Code   198  btod.o(CL$$btod_e2e)
    _btod_ediv                               0x08001383   Thumb Code    40  btod.o(CL$$btod_ediv)
    _btod_emul                               0x080013ab   Thumb Code    40  btod.o(CL$$btod_emul)
    __btod_mult_common                       0x080013d3   Thumb Code   580  btod.o(CL$$btod_mult_common)
    SVC_Count                                0x08001618   Data           4  svc_table.o(SVC_TABLE)
    SVC_Table                                0x0800161c   Data           0  svc_table.o(SVC_TABLE)
    HAL_DMA_Abort                            0x080017a1   Thumb Code   172  stm32f2xx_hal_dma.o(i.HAL_DMA_Abort)
    HAL_GPIO_DeInit                          0x0800184d   Thumb Code   302  stm32f2xx_hal_gpio.o(i.HAL_GPIO_DeInit)
    HAL_GPIO_Init                            0x080019a9   Thumb Code   458  stm32f2xx_hal_gpio.o(i.HAL_GPIO_Init)
    HAL_GPIO_ReadPin                         0x08001ba5   Thumb Code    16  stm32f2xx_hal_gpio.o(i.HAL_GPIO_ReadPin)
    HAL_GPIO_WritePin                        0x08001bb5   Thumb Code    12  stm32f2xx_hal_gpio.o(i.HAL_GPIO_WritePin)
    HAL_GetTick                              0x08001bc1   Thumb Code     6  stm32f2xx_hal.o(i.HAL_GetTick)
    HAL_NVIC_DisableIRQ                      0x08001bcd   Thumb Code    62  stm32f2xx_hal_cortex.o(i.HAL_NVIC_DisableIRQ)
    HAL_RCC_GetHCLKFreq                      0x08001c11   Thumb Code     6  stm32f2xx_hal_rcc.o(i.HAL_RCC_GetHCLKFreq)
    HAL_RCC_GetPCLK2Freq                     0x08001c1d   Thumb Code    36  stm32f2xx_hal_rcc.o(i.HAL_RCC_GetPCLK2Freq)
    Init_USART1                              0x08001c49   Thumb Code    62  main.o(i.Init_USART1)
    LED_Initialize                           0x08001c95   Thumb Code   178  led_mcbstm32f200.o(i.LED_Initialize)
    LED_Off                                  0x08001d59   Thumb Code    40  led_mcbstm32f200.o(i.LED_Off)
    LED_On                                   0x08001d85   Thumb Code    40  led_mcbstm32f200.o(i.LED_On)
    Sound_Init                               0x08001db1   Thumb Code   242  main.o(i.Sound_Init)
    SystemInit                               0x08001ec9   Thumb Code     2  system_stm32f2xx.o(i.SystemInit)
    TIM6_DAC_IRQHandler                      0x08001ecd   Thumb Code    56  main.o(i.TIM6_DAC_IRQHandler)
    USART1_Callback                          0x08001f11   Thumb Code   112  main.o(i.USART1_Callback)
    USART1_IRQHandler                        0x08001ffd   Thumb Code    10  usart_stm32f2xx.o(i.USART1_IRQHandler)
    USART_IRQHandler                         0x08002b03   Thumb Code   626  usart_stm32f2xx.o(i.USART_IRQHandler)
    __ARM_fpclassify                         0x080034a1   Thumb Code    40  fpclassify.o(i.__ARM_fpclassify)
    __ARM_fpclassifyf                        0x080034c9   Thumb Code    38  fpclassifyf.o(i.__ARM_fpclassifyf)
    __mathlib_flt_infnan                     0x080034ef   Thumb Code     6  funder.o(i.__mathlib_flt_infnan)
    __mathlib_flt_invalid                    0x080034f5   Thumb Code     8  funder.o(i.__mathlib_flt_invalid)
    __mathlib_flt_underflow                  0x080034fd   Thumb Code    10  funder.o(i.__mathlib_flt_underflow)
    __mathlib_rredf2                         0x08003509   Thumb Code   344  rredf.o(i.__mathlib_rredf2)
    __user_perthread_libspace                0x08003671   Thumb Code    32  rtx_conf_cm.o(i.__user_perthread_libspace)
    _init_box                                0x0800369d   Thumb Code    70  rt_membox.o(i._init_box)
    _is_digit                                0x080036e3   Thumb Code    14  __printf_wp.o(i._is_digit)
    _mutex_acquire                           0x080036f1   Thumb Code    22  rtx_conf_cm.o(i._mutex_acquire)
    _mutex_release                           0x08003711   Thumb Code    18  rtx_conf_cm.o(i._mutex_release)
    app_main                                 0x0800372d   Thumb Code   246  main.o(i.app_main)
    dbg_init                                 0x08003869   Thumb Code    34  hal_cm.o(i.dbg_init)
    dbg_task_notify                          0x08003899   Thumb Code    32  hal_cm.o(i.dbg_task_notify)
    dbg_task_switch                          0x080038b9   Thumb Code    16  hal_cm.o(i.dbg_task_switch)
    generateSine                             0x080038c9   Thumb Code    70  main.o(i.generateSine)
    get_note_step_from_string                0x0800391d   Thumb Code   178  main.o(i.get_note_step_from_string)
    isrMessageGet                            0x08003a2d   Thumb Code    42  rt_cmsis.o(i.isrMessageGet)
    isrMessagePut                            0x08003a57   Thumb Code    44  rt_cmsis.o(i.isrMessagePut)
    isr_mbx_receive                          0x08003a85   Thumb Code    86  rt_mailbox.o(i.isr_mbx_receive)
    isr_mbx_send                             0x08003adb   Thumb Code    14  rt_mailbox.o(i.isr_mbx_send)
    main                                     0x08003ae9   Thumb Code    44  main.o(i.main)
    osKernelInitialize                       0x08003b21   Thumb Code    30  rt_cmsis.o(i.osKernelInitialize)
    osKernelStart                            0x08003b45   Thumb Code    98  rt_cmsis.o(i.osKernelStart)
    osMailAlloc                              0x08003bb1   Thumb Code    22  rt_cmsis.o(i.osMailAlloc)
    osMailCreate                             0x08003bcd   Thumb Code    36  rt_cmsis.o(i.osMailCreate)
    osMailFree                               0x08003bf9   Thumb Code    22  rt_cmsis.o(i.osMailFree)
    osMailGet                                0x08003c15   Thumb Code    22  rt_cmsis.o(i.osMailGet)
    osMailPut                                0x08003c2b   Thumb Code    20  rt_cmsis.o(i.osMailPut)
    osMessageGet                             0x08003c41   Thumb Code    18  rt_cmsis.o(i.osMessageGet)
    osMessagePut                             0x08003c59   Thumb Code    18  rt_cmsis.o(i.osMessagePut)
    osThreadCreate                           0x08003c71   Thumb Code    36  rt_cmsis.o(i.osThreadCreate)
    osThreadExit                             0x08003c9d   Thumb Code    14  rt_cmsis.o(i.osThreadExit)
    osTimerCall                              0x08003cb5   Thumb Code     8  rt_cmsis.o(i.osTimerCall)
    osTimerThread                            0x08003cc1   Thumb Code    38  rt_cmsis.o(i.osTimerThread)
    os_error                                 0x08003ced   Thumb Code    34  rtx_conf_cm.o(i.os_error)
    os_idle_demon                            0x08003d0f   Thumb Code     4  rtx_conf_cm.o(i.os_idle_demon)
    os_tick_init                             0x08003d15   Thumb Code    32  rt_system.o(i.os_tick_init)
    os_tick_irqack                           0x08003d3d   Thumb Code     2  rt_system.o(i.os_tick_irqack)
    rt_alloc_box                             0x08003d3f   Thumb Code    26  rt_membox.o(i.rt_alloc_box)
    rt_alloc_mem                             0x08003d59   Thumb Code    62  rt_memory.o(i.rt_alloc_mem)
    rt_block                                 0x08003d99   Thumb Code    48  rt_task.o(i.rt_block)
    rt_chk_robin                             0x08003dd1   Thumb Code    60  rt_robin.o(i.rt_chk_robin)
    rt_dec_dly                               0x08003e19   Thumb Code   102  rt_list.o(i.rt_dec_dly)
    rt_dispatch                              0x08003e89   Thumb Code    60  rt_task.o(i.rt_dispatch)
    rt_evt_psh                               0x08003ecd   Thumb Code    76  rt_event.o(i.rt_evt_psh)
    rt_free_box                              0x08003f1d   Thumb Code    44  rt_membox.o(i.rt_free_box)
    rt_free_mem                              0x08003f49   Thumb Code    40  rt_memory.o(i.rt_free_mem)
    rt_get_first                             0x08003f71   Thumb Code    40  rt_list.o(i.rt_get_first)
    rt_init_mem                              0x08003fe9   Thumb Code    26  rt_memory.o(i.rt_init_mem)
    rt_init_robin                            0x08004005   Thumb Code    14  rt_robin.o(i.rt_init_robin)
    rt_init_stack                            0x0800401d   Thumb Code   118  hal_cm.o(i.rt_init_stack)
    rt_mbx_check                             0x0800409d   Thumb Code     8  rt_mailbox.o(i.rt_mbx_check)
    rt_mbx_init                              0x080040a5   Thumb Code    26  rt_mailbox.o(i.rt_mbx_init)
    rt_mbx_psh                               0x080040c1   Thumb Code   236  rt_mailbox.o(i.rt_mbx_psh)
    rt_mbx_send                              0x080041b1   Thumb Code   148  rt_mailbox.o(i.rt_mbx_send)
    rt_mbx_wait                              0x08004249   Thumb Code   174  rt_mailbox.o(i.rt_mbx_wait)
    rt_mut_release                           0x08004341   Thumb Code   208  rt_mutex.o(i.rt_mut_release)
    rt_mut_wait                              0x08004419   Thumb Code   114  rt_mutex.o(i.rt_mut_wait)
    rt_pop_req                               0x08004491   Thumb Code   112  rt_system.o(i.rt_pop_req)
    rt_psh_req                               0x0800450d   Thumb Code    22  rt_system.o(i.rt_psh_req)
    rt_psq_enq                               0x0800452d   Thumb Code    88  rt_list.o(i.rt_psq_enq)
    rt_put_dly                               0x08004589   Thumb Code    68  rt_list.o(i.rt_put_dly)
    rt_put_prio                              0x080045d1   Thumb Code    54  rt_list.o(i.rt_put_prio)
    rt_put_rdy_first                         0x08004609   Thumb Code    14  rt_list.o(i.rt_put_rdy_first)
    rt_resort_prio                           0x0800461d   Thumb Code    46  rt_list.o(i.rt_resort_prio)
    rt_ret_val                               0x08004651   Thumb Code     6  hal_cm.o(i.rt_ret_val)
    rt_ret_val2                              0x08004657   Thumb Code     8  hal_cm.o(i.rt_ret_val2)
    rt_rmv_dly                               0x0800465f   Thumb Code    40  rt_list.o(i.rt_rmv_dly)
    rt_rmv_list                              0x08004689   Thumb Code    44  rt_list.o(i.rt_rmv_list)
    rt_sem_psh                               0x080046b9   Thumb Code    48  rt_semaphore.o(i.rt_sem_psh)
    rt_stk_check                             0x080046ed   Thumb Code    28  rt_system.o(i.rt_stk_check)
    rt_switch_req                            0x08004711   Thumb Code    30  rt_task.o(i.rt_switch_req)
    rt_sys_init                              0x08004739   Thumb Code   138  rt_task.o(i.rt_sys_init)
    rt_sys_start                             0x08004805   Thumb Code   110  rt_task.o(i.rt_sys_start)
    rt_systick                               0x0800487d   Thumb Code    50  rt_system.o(i.rt_systick)
    rt_tsk_create                            0x08004905   Thumb Code   118  rt_task.o(i.rt_tsk_create)
    rt_tsk_delete                            0x0800498d   Thumb Code   352  rt_task.o(i.rt_tsk_delete)
    rt_tsk_prio                              0x08004b09   Thumb Code   108  rt_task.o(i.rt_tsk_prio)
    rt_tsk_self                              0x08004b85   Thumb Code    12  rt_task.o(i.rt_tsk_self)
    sinf                                     0x08004b95   Thumb Code   338  sinf.o(i.sinf)
    svcKernelInitialize                      0x08004d1d   Thumb Code    80  rt_cmsis.o(i.svcKernelInitialize)
    svcKernelStart                           0x08004d8d   Thumb Code    62  rt_cmsis.o(i.svcKernelStart)
    svcMailCreate                            0x08004dd5   Thumb Code    66  rt_cmsis.o(i.svcMailCreate)
    svcMessageCreate                         0x08004e17   Thumb Code    36  rt_cmsis.o(i.svcMessageCreate)
    svcMessageGet                            0x08004e3b   Thumb Code    58  rt_cmsis.o(i.svcMessageGet)
    svcMessagePut                            0x08004e75   Thumb Code    54  rt_cmsis.o(i.svcMessagePut)
    svcThreadCreate                          0x08004ead   Thumb Code    96  rt_cmsis.o(i.svcThreadCreate)
    svcThreadGetId                           0x08004f19   Thumb Code    22  rt_cmsis.o(i.svcThreadGetId)
    svcThreadTerminate                       0x08004f35   Thumb Code    50  rt_cmsis.o(i.svcThreadTerminate)
    svcTimerCall                             0x08004f6d   Thumb Code    24  rt_cmsis.o(i.svcTimerCall)
    sysMailAlloc                             0x08004f85   Thumb Code    84  rt_cmsis.o(i.sysMailAlloc)
    sysMailFree                              0x08004fdd   Thumb Code    96  rt_cmsis.o(i.sysMailFree)
    sysTimerTick                             0x0800503d   Thumb Code    84  rt_cmsis.o(i.sysTimerTick)
    _get_lc_numeric                          0x08005099   Thumb Code    44  lc_numeric_c.o(locale$$code)
    __fpl_dretinf                            0x080050c5   Thumb Code    12  dretinf.o(x$fpl$dretinf)
    __aeabi_f2d                              0x080050d1   Thumb Code     0  f2d.o(x$fpl$f2d)
    _f2d                                     0x080050d1   Thumb Code    86  f2d.o(x$fpl$f2d)
    __aeabi_fadd                             0x08005129   Thumb Code     0  faddsub_clz.o(x$fpl$fadd)
    _fadd                                    0x08005129   Thumb Code   196  faddsub_clz.o(x$fpl$fadd)
    __fpl_fcheck_NaN1                        0x080051ed   Thumb Code     6  fcheck1.o(x$fpl$fcheck1)
    __fpl_fcmp_Inf                           0x080051f9   Thumb Code    24  fcmpi.o(x$fpl$fcmpinf)
    __aeabi_fdiv                             0x08005211   Thumb Code     0  fdiv.o(x$fpl$fdiv)
    _fdiv                                    0x08005211   Thumb Code   384  fdiv.o(x$fpl$fdiv)
    __aeabi_f2iz                             0x08005395   Thumb Code     0  ffix.o(x$fpl$ffix)
    _ffix                                    0x08005395   Thumb Code    54  ffix.o(x$fpl$ffix)
    __aeabi_f2uiz                            0x080053cd   Thumb Code     0  ffixu.o(x$fpl$ffixu)
    _ffixu                                   0x080053cd   Thumb Code    62  ffixu.o(x$fpl$ffixu)
    __aeabi_i2f                              0x0800540d   Thumb Code     0  fflt_clz.o(x$fpl$fflt)
    _fflt                                    0x0800540d   Thumb Code    48  fflt_clz.o(x$fpl$fflt)
    __aeabi_ui2f                             0x0800543d   Thumb Code     0  fflt_clz.o(x$fpl$ffltu)
    _ffltu                                   0x0800543d   Thumb Code    38  fflt_clz.o(x$fpl$ffltu)
    __aeabi_cfcmple                          0x08005465   Thumb Code     0  fleqf.o(x$fpl$fleqf)
    _fcmple                                  0x08005465   Thumb Code   104  fleqf.o(x$fpl$fleqf)
    __fpl_fcmple_InfNaN                      0x080054b7   Thumb Code     0  fleqf.o(x$fpl$fleqf)
    __aeabi_fmul                             0x080054cd   Thumb Code     0  fmul.o(x$fpl$fmul)
    _fmul                                    0x080054cd   Thumb Code   258  fmul.o(x$fpl$fmul)
    __fpl_fnaninf                            0x080055cf   Thumb Code   140  fnaninf.o(x$fpl$fnaninf)
    __fpl_fretinf                            0x0800565b   Thumb Code    10  fretinf.o(x$fpl$fretinf)
    __aeabi_cfrcmple                         0x08005665   Thumb Code     0  frleqf.o(x$fpl$frleqf)
    _frcmple                                 0x08005665   Thumb Code    98  frleqf.o(x$fpl$frleqf)
    _frnd                                    0x080056c9   Thumb Code    96  frnd.o(x$fpl$frnd)
    __aeabi_frsub                            0x08005729   Thumb Code     0  faddsub_clz.o(x$fpl$frsb)
    _frsb                                    0x08005729   Thumb Code    20  faddsub_clz.o(x$fpl$frsb)
    __aeabi_fsub                             0x0800573d   Thumb Code     0  faddsub_clz.o(x$fpl$fsub)
    _fsub                                    0x0800573d   Thumb Code   234  faddsub_clz.o(x$fpl$fsub)
    _printf_fp_dec                           0x08005827   Thumb Code     4  printf1.o(x$fpl$printf1)
    __fpl_return_NaN                         0x0800582b   Thumb Code   100  retnan.o(x$fpl$retnan)
    __ARM_scalbnf                            0x0800588f   Thumb Code    76  scalbnf.o(x$fpl$scalbnf)
    __fpl_cmpreturn                          0x080058db   Thumb Code    48  trapv.o(x$fpl$trapveneer)
    __I$use$fp                               0x0800590a   Number         0  usenofp.o(x$fpl$usenofp)
    os_mailQ_def_note_mailbox                0x0800590c   Data          12  main.o(.constdata)
    os_thread_def_app_main                   0x08005918   Data          16  main.o(.constdata)
    os_maxtaskrun                            0x08005968   Data           2  rtx_conf_cm.o(.constdata)
    os_stackinfo                             0x0800596c   Data           4  rtx_conf_cm.o(.constdata)
    os_rrobin                                0x08005970   Data           4  rtx_conf_cm.o(.constdata)
    os_tickfreq                              0x08005974   Data           4  rtx_conf_cm.o(.constdata)
    os_tickus_i                              0x08005978   Data           2  rtx_conf_cm.o(.constdata)
    os_tickus_f                              0x0800597a   Data           2  rtx_conf_cm.o(.constdata)
    os_trv                                   0x0800597c   Data           4  rtx_conf_cm.o(.constdata)
    os_flags                                 0x08005980   Data           1  rtx_conf_cm.o(.constdata)
    CMSIS_RTOS_API_Version                   0x08005984   Data           4  rtx_conf_cm.o(.constdata)
    CMSIS_RTOS_RTX_Version                   0x08005988   Data           4  rtx_conf_cm.o(.constdata)
    os_clockrate                             0x0800598c   Data           4  rtx_conf_cm.o(.constdata)
    os_timernum                              0x08005990   Data           4  rtx_conf_cm.o(.constdata)
    mp_tcb_size                              0x08005994   Data           2  rtx_conf_cm.o(.constdata)
    mp_stk_size                              0x08005998   Data           4  rtx_conf_cm.o(.constdata)
    os_stack_sz                              0x0800599c   Data           4  rtx_conf_cm.o(.constdata)
    os_fifo_size                             0x080059a0   Data           1  rtx_conf_cm.o(.constdata)
    os_thread_def_osTimerThread              0x080059a4   Data          16  rtx_conf_cm.o(.constdata)
    os_messageQ_def_osTimerMessageQ          0x080059b4   Data           8  rtx_conf_cm.o(.constdata)
    mp_tmr_size                              0x080059bc   Data           2  rtx_conf_cm.o(.constdata)
    os_thread_def_main                       0x080059c0   Data          16  rtx_conf_cm.o(.constdata)
    Driver_USART1                            0x08005a20   Data          56  usart_stm32f2xx.o(.constdata)
    AHBPrescTable                            0x08005a58   Data          16  system_stm32f2xx.o(.constdata)
    APBPrescTable                            0x08005a68   Data           8  system_stm32f2xx.o(.constdata)
    Region$$Table$$Base                      0x08005b24   Number         0  anon$$obj.o(Region$$Table)
    Region$$Table$$Limit                     0x08005b44   Number         0  anon$$obj.o(Region$$Table)
    os_mailQ_p_note_mailbox                  0x20000000   Data           8  main.o(.data)
    note_mailbox_id                          0x20000008   Data           4  main.o(.data)
    sine_index                               0x2000000c   Data           4  main.o(.data)
    g_current_note_step                      0x20000010   Data           4  main.o(.data)
    rx_char                                  0x20000014   Data           1  main.o(.data)
    osThreadId_osTimerThread                 0x2000001c   Data           4  rtx_conf_cm.o(.data)
    osMessageQId_osTimerMessageQ             0x20000020   Data           4  rtx_conf_cm.o(.data)
    os_tmr                                   0x20000024   Data           4  rtx_conf_cm.o(.data)
    m_tmr                                    0x20000028   Data           4  rtx_conf_cm.o(.data)
    uwTick                                   0x20000030   Data           4  stm32f2xx_hal.o(.data)
    uwTickPrio                               0x20000034   Data           4  stm32f2xx_hal.o(.data)
    uwTickFreq                               0x20000038   Data           1  stm32f2xx_hal.o(.data)
    SystemCoreClock                          0x2000003c   Data           4  system_stm32f2xx.o(.data)
    os_initialized                           0x20000040   Data           1  rt_cmsis.o(.data)
    os_running                               0x20000041   Data           1  rt_cmsis.o(.data)
    os_timer_head                            0x20000044   Data           4  rt_cmsis.o(.data)
    os_tsk                                   0x20000048   Data           8  rt_task.o(.data)
    os_tick_irqn                             0x20000054   Data           4  rt_system.o(.data)
    os_time                                  0x20000058   Data           4  rt_time.o(.data)
    os_robin                                 0x2000005c   Data           8  rt_robin.o(.data)
    dbg_msg                                  0x20000064   Data           1  hal_cm.o(.data)
    os_mailQ_q_note_mailbox                  0x20000068   Data          48  main.o(.bss)
    os_mailQ_m_note_mailbox                  0x20000098   Data         268  main.o(.bss)
    sine_table                               0x200001a4   Data        2048  main.o(.bss)
    mp_tcb                                   0x200009c8   Data         376  rtx_conf_cm.o(.bss)
    mp_stk                                   0x20000b40   Data        6160  rtx_conf_cm.o(.bss)
    os_stack_mem                             0x20002350   Data        1256  rtx_conf_cm.o(.bss)
    os_fifo                                  0x20002838   Data         132  rtx_conf_cm.o(.bss)
    os_active_TCB                            0x200028bc   Data          28  rtx_conf_cm.o(.bss)
    os_messageQ_q_osTimerMessageQ            0x200028d8   Data          32  rtx_conf_cm.o(.bss)
    os_idle_TCB                              0x20002c50   Data          52  rt_task.o(.bss)
    os_rdy                                   0x20002c84   Data          24  rt_list.o(.bss)
    os_dly                                   0x20002c9c   Data          24  rt_list.o(.bss)
    __libspace_start                         0x20002cb4   Data          96  libspace.o(.bss)
    __temporary_stack_top$libspace           0x20002d14   Data           0  libspace.o(.bss)



==============================================================================

Memory Map of the image

  Image Entry point : 0x08000185

  Load Region LR_IROM1 (Base: 0x08000000, Size: 0x00005bc8, Max: 0x00100000, ABSOLUTE)

    Execution Region ER_IROM1 (Base: 0x08000000, Size: 0x00005b60, Max: 0x00100000, ABSOLUTE)

    Base Addr    Size         Type   Attr      Idx    E Section Name        Object

    0x08000000   0x00000184   Data   RO         3385    RESET               startup_stm32f207xx.o
    0x08000184   0x00000008   Code   RO         4690  * !!!main             c_w.l(__main.o)
    0x0800018c   0x00000034   Code   RO         4996    !!!scatter          c_w.l(__scatter.o)
    0x080001c0   0x0000001a   Code   RO         4998    !!handler_copy      c_w.l(__scatter_copy.o)
    0x080001da   0x00000002   PAD
    0x080001dc   0x0000001c   Code   RO         5000    !!handler_zi        c_w.l(__scatter_zi.o)
    0x080001f8   0x00000000   Code   RO         4675    .ARM.Collect$$_printf_percent$$00000000  c_w.l(_printf_percent.o)
    0x080001f8   0x00000006   Code   RO         4674    .ARM.Collect$$_printf_percent$$00000003  c_w.l(_printf_f.o)
    0x080001fe   0x00000006   Code   RO         4673    .ARM.Collect$$_printf_percent$$00000014  c_w.l(_printf_s.o)
    0x08000204   0x00000004   Code   RO         4749    .ARM.Collect$$_printf_percent$$00000017  c_w.l(_printf_percent_end.o)
    0x08000208   0x00000002   Code   RO         4876    .ARM.Collect$$libinit$$00000000  c_w.l(libinit.o)
    0x0800020a   0x00000000   Code   RO         4878    .ARM.Collect$$libinit$$00000002  c_w.l(libinit2.o)
    0x0800020a   0x00000000   Code   RO         4880    .ARM.Collect$$libinit$$00000004  c_w.l(libinit2.o)
    0x0800020a   0x00000000   Code   RO         4883    .ARM.Collect$$libinit$$0000000A  c_w.l(libinit2.o)
    0x0800020a   0x00000000   Code   RO         4885    .ARM.Collect$$libinit$$0000000C  c_w.l(libinit2.o)
    0x0800020a   0x00000000   Code   RO         4887    .ARM.Collect$$libinit$$0000000E  c_w.l(libinit2.o)
    0x0800020a   0x00000006   Code   RO         4888    .ARM.Collect$$libinit$$0000000F  c_w.l(libinit2.o)
    0x08000210   0x00000000   Code   RO         4890    .ARM.Collect$$libinit$$00000011  c_w.l(libinit2.o)
    0x08000210   0x00000000   Code   RO         4892    .ARM.Collect$$libinit$$00000013  c_w.l(libinit2.o)
    0x08000210   0x00000000   Code   RO         4894    .ARM.Collect$$libinit$$00000015  c_w.l(libinit2.o)
    0x08000210   0x0000000a   Code   RO         4895    .ARM.Collect$$libinit$$00000016  c_w.l(libinit2.o)
    0x0800021a   0x00000000   Code   RO         4896    .ARM.Collect$$libinit$$00000017  c_w.l(libinit2.o)
    0x0800021a   0x00000000   Code   RO         4898    .ARM.Collect$$libinit$$00000019  c_w.l(libinit2.o)
    0x0800021a   0x00000000   Code   RO         4900    .ARM.Collect$$libinit$$0000001B  c_w.l(libinit2.o)
    0x0800021a   0x00000000   Code   RO         4902    .ARM.Collect$$libinit$$0000001D  c_w.l(libinit2.o)
    0x0800021a   0x00000000   Code   RO         4904    .ARM.Collect$$libinit$$0000001F  c_w.l(libinit2.o)
    0x0800021a   0x00000000   Code   RO         4906    .ARM.Collect$$libinit$$00000021  c_w.l(libinit2.o)
    0x0800021a   0x00000000   Code   RO         4908    .ARM.Collect$$libinit$$00000023  c_w.l(libinit2.o)
    0x0800021a   0x00000000   Code   RO         4910    .ARM.Collect$$libinit$$00000025  c_w.l(libinit2.o)
    0x0800021a   0x00000000   Code   RO         4914    .ARM.Collect$$libinit$$0000002C  c_w.l(libinit2.o)
    0x0800021a   0x00000000   Code   RO         4916    .ARM.Collect$$libinit$$0000002E  c_w.l(libinit2.o)
    0x0800021a   0x00000000   Code   RO         4918    .ARM.Collect$$libinit$$00000030  c_w.l(libinit2.o)
    0x0800021a   0x00000000   Code   RO         4920    .ARM.Collect$$libinit$$00000032  c_w.l(libinit2.o)
    0x0800021a   0x00000002   Code   RO         4921    .ARM.Collect$$libinit$$00000033  c_w.l(libinit2.o)
    0x0800021c   0x00000002   Code   RO         4922    .ARM.Collect$$libshutdown$$00000000  c_w.l(libshutdown.o)
    0x0800021e   0x00000000   Code   RO         4937    .ARM.Collect$$libshutdown$$00000002  c_w.l(libshutdown2.o)
    0x0800021e   0x00000000   Code   RO         4939    .ARM.Collect$$libshutdown$$00000004  c_w.l(libshutdown2.o)
    0x0800021e   0x00000000   Code   RO         4942    .ARM.Collect$$libshutdown$$00000007  c_w.l(libshutdown2.o)
    0x0800021e   0x00000000   Code   RO         4945    .ARM.Collect$$libshutdown$$0000000A  c_w.l(libshutdown2.o)
    0x0800021e   0x00000000   Code   RO         4947    .ARM.Collect$$libshutdown$$0000000C  c_w.l(libshutdown2.o)
    0x0800021e   0x00000000   Code   RO         4950    .ARM.Collect$$libshutdown$$0000000F  c_w.l(libshutdown2.o)
    0x0800021e   0x00000002   Code   RO         4951    .ARM.Collect$$libshutdown$$00000010  c_w.l(libshutdown2.o)
    0x08000220   0x00000000   Code   RO         4732    .ARM.Collect$$rtentry$$00000000  c_w.l(__rtentry.o)
    0x08000220   0x00000000   Code   RO         4783    .ARM.Collect$$rtentry$$00000002  c_w.l(__rtentry2.o)
    0x08000220   0x00000006   Code   RO         4795    .ARM.Collect$$rtentry$$00000004  c_w.l(__rtentry4.o)
    0x08000226   0x00000000   Code   RO         4785    .ARM.Collect$$rtentry$$00000009  c_w.l(__rtentry2.o)
    0x08000226   0x00000004   Code   RO         4786    .ARM.Collect$$rtentry$$0000000A  c_w.l(__rtentry2.o)
    0x0800022a   0x00000008   Code   RO         4787    .ARM.Collect$$rtentry$$0000000B  c_w.l(__rtentry2.o)
    0x08000232   0x00000008   Code   RO         4789    .ARM.Collect$$rtentry$$0000000D  c_w.l(__rtentry2.o)
    0x0800023a   0x00000002   Code   RO         4733    .ARM.Collect$$rtexit$$00000000  c_w.l(rtexit.o)
    0x0800023c   0x00000000   Code   RO         4798    .ARM.Collect$$rtexit$$00000002  c_w.l(rtexit2.o)
    0x0800023c   0x00000004   Code   RO         4799    .ARM.Collect$$rtexit$$00000003  c_w.l(rtexit2.o)
    0x08000240   0x00000006   Code   RO         4800    .ARM.Collect$$rtexit$$00000004  c_w.l(rtexit2.o)
    0x08000246   0x00000002   PAD
    0x08000248   0x0000001c   Code   RO          328    .emb_text           rtx_conf_cm.o
    0x08000264   0x00000130   Code   RO         4625    .emb_text           RTX_CM3.lib(hal_cm3.o)
    0x08000394   0x00000040   Code   RO         3386    .text               startup_stm32f207xx.o
    0x080003d4   0x00000008   Code   RO         4640    .text               c_w.l(libspace.o)
    0x080003dc   0x00000028   Code   RO         4647    .text               c_w.l(noretval__2sprintf.o)
    0x08000404   0x00000052   Code   RO         4651    .text               c_w.l(_printf_str.o)
    0x08000456   0x0000010e   Code   RO         4661    .text               c_w.l(__printf_wp.o)
    0x08000564   0x00000012   Code   RO         4676    .text               c_w.l(exit.o)
    0x08000576   0x0000003e   Code   RO         4678    .text               c_w.l(strlen.o)
    0x080005b4   0x00000096   Code   RO         4680    .text               c_w.l(strncmp.o)
    0x0800064a   0x0000004e   Code   RO         4682    .text               c_w.l(rt_memclr_w.o)
    0x08000698   0x00000056   Code   RO         4684    .text               c_w.l(strncpy.o)
    0x080006ee   0x00000002   PAD
    0x080006f0   0x00000080   Code   RO         4686    .text               c_w.l(strcmpv7m.o)
    0x08000770   0x00000006   Code   RO         4688    .text               c_w.l(heapauxi.o)
    0x08000776   0x00000016   Code   RO         4739    .text               c_w.l(_rserrno.o)
    0x0800078c   0x0000041a   Code   RO         4741    .text               c_w.l(_printf_fp_dec.o)
    0x08000ba6   0x00000002   PAD
    0x08000ba8   0x00000030   Code   RO         4743    .text               c_w.l(_printf_char_common.o)
    0x08000bd8   0x0000000a   Code   RO         4745    .text               c_w.l(_sputc.o)
    0x08000be2   0x0000002c   Code   RO         4747    .text               c_w.l(_printf_char.o)
    0x08000c0e   0x00000044   Code   RO         4750    .text               c_w.l(rt_memclr.o)
    0x08000c52   0x0000000a   Code   RO         4811    .text               c_w.l(rt_locale_twolibspace.o)
    0x08000c5c   0x00000004   Code   RO         4818    .text               c_w.l(rt_errno_addr_twolibspace.o)
    0x08000c60   0x0000008a   Code   RO         4820    .text               c_w.l(lludiv10.o)
    0x08000cea   0x00000002   PAD
    0x08000cec   0x00000080   Code   RO         4822    .text               c_w.l(_printf_fp_infnan.o)
    0x08000d6c   0x000000dc   Code   RO         4826    .text               c_w.l(bigflt0.o)
    0x08000e48   0x0000000c   Code   RO         4862    .text               c_w.l(sys_exit.o)
    0x08000e54   0x0000004a   Code   RO         4864    .text               c_w.l(sys_stackheap_outer.o)
    0x08000e9e   0x00000002   Code   RO         4925    .text               c_w.l(use_no_semi.o)
    0x08000ea0   0x00000000   Code   RO         4927    .text               c_w.l(indicate_semi.o)
    0x08000ea0   0x0000003e   Code   RO         4829    CL$$btod_d2e        c_w.l(btod.o)
    0x08000ede   0x00000046   Code   RO         4831    CL$$btod_d2e_denorm_low  c_w.l(btod.o)
    0x08000f24   0x00000060   Code   RO         4830    CL$$btod_d2e_norm_op1  c_w.l(btod.o)
    0x08000f84   0x00000338   Code   RO         4839    CL$$btod_div_common  c_w.l(btod.o)
    0x080012bc   0x000000c6   Code   RO         4836    CL$$btod_e2e        c_w.l(btod.o)
    0x08001382   0x00000028   Code   RO         4833    CL$$btod_ediv       c_w.l(btod.o)
    0x080013aa   0x00000028   Code   RO         4832    CL$$btod_emul       c_w.l(btod.o)
    0x080013d2   0x00000244   Code   RO         4838    CL$$btod_mult_common  c_w.l(btod.o)
    0x08001616   0x00000002   PAD
    0x08001618   0x00000004   Code   RO         4635    SVC_TABLE           RTX_CM3.lib(svc_table.o)
    0x0800161c   0x00000184   Code   RO          389    i.Enable_GPIO_Clock  usart_stm32f2xx.o
    0x080017a0   0x000000ac   Code   RO         1422    i.HAL_DMA_Abort     stm32f2xx_hal_dma.o
    0x0800184c   0x0000015c   Code   RO         1566    i.HAL_GPIO_DeInit   stm32f2xx_hal_gpio.o
    0x080019a8   0x000001fc   Code   RO         1569    i.HAL_GPIO_Init     stm32f2xx_hal_gpio.o
    0x08001ba4   0x00000010   Code   RO         1571    i.HAL_GPIO_ReadPin  stm32f2xx_hal_gpio.o
    0x08001bb4   0x0000000c   Code   RO         1573    i.HAL_GPIO_WritePin  stm32f2xx_hal_gpio.o
    0x08001bc0   0x0000000c   Code   RO          591    i.HAL_GetTick       stm32f2xx_hal.o
    0x08001bcc   0x00000044   Code   RO         1043    i.HAL_NVIC_DisableIRQ  stm32f2xx_hal_cortex.o
    0x08001c10   0x0000000c   Code   RO         1638    i.HAL_RCC_GetHCLKFreq  stm32f2xx_hal_rcc.o
    0x08001c1c   0x0000002c   Code   RO         1641    i.HAL_RCC_GetPCLK2Freq  stm32f2xx_hal_rcc.o
    0x08001c48   0x0000004c   Code   RO            4    i.Init_USART1       main.o
    0x08001c94   0x000000c4   Code   RO          276    i.LED_Initialize    led_mcbstm32f200.o
    0x08001d58   0x0000002c   Code   RO          277    i.LED_Off           led_mcbstm32f200.o
    0x08001d84   0x0000002c   Code   RO          278    i.LED_On            led_mcbstm32f200.o
    0x08001db0   0x00000118   Code   RO            5    i.Sound_Init        main.o
    0x08001ec8   0x00000002   Code   RO         3394    i.SystemInit        system_stm32f2xx.o
    0x08001eca   0x00000002   PAD
    0x08001ecc   0x00000044   Code   RO            6    i.TIM6_DAC_IRQHandler  main.o
    0x08001f10   0x00000084   Code   RO            7    i.USART1_Callback   main.o
    0x08001f94   0x00000018   Code   RO          390    i.USART1_Control    usart_stm32f2xx.o
    0x08001fac   0x00000010   Code   RO          391    i.USART1_GetCapabilities  usart_stm32f2xx.o
    0x08001fbc   0x00000010   Code   RO          392    i.USART1_GetModemStatus  usart_stm32f2xx.o
    0x08001fcc   0x00000010   Code   RO          393    i.USART1_GetRxCount  usart_stm32f2xx.o
    0x08001fdc   0x00000010   Code   RO          394    i.USART1_GetStatus  usart_stm32f2xx.o
    0x08001fec   0x00000010   Code   RO          395    i.USART1_GetTxCount  usart_stm32f2xx.o
    0x08001ffc   0x00000010   Code   RO          396    i.USART1_IRQHandler  usart_stm32f2xx.o
    0x0800200c   0x00000014   Code   RO          397    i.USART1_Initialize  usart_stm32f2xx.o
    0x08002020   0x00000014   Code   RO          398    i.USART1_PowerControl  usart_stm32f2xx.o
    0x08002034   0x00000018   Code   RO          399    i.USART1_Receive    usart_stm32f2xx.o
    0x0800204c   0x00000018   Code   RO          400    i.USART1_Send       usart_stm32f2xx.o
    0x08002064   0x00000014   Code   RO          401    i.USART1_SetModemControl  usart_stm32f2xx.o
    0x08002078   0x0000001c   Code   RO          402    i.USART1_Transfer   usart_stm32f2xx.o
    0x08002094   0x00000010   Code   RO          403    i.USART1_Uninitialize  usart_stm32f2xx.o
    0x080020a4   0x000008e8   Code   RO          404    i.USART_Control     usart_stm32f2xx.o
    0x0800298c   0x00000006   Code   RO          405    i.USART_GetCapabilities  usart_stm32f2xx.o
    0x08002992   0x0000008c   Code   RO          406    i.USART_GetModemStatus  usart_stm32f2xx.o
    0x08002a1e   0x00000008   Code   RO          407    i.USART_GetRxCount  usart_stm32f2xx.o
    0x08002a26   0x000000d4   Code   RO          408    i.USART_GetStatus   usart_stm32f2xx.o
    0x08002afa   0x00000008   Code   RO          409    i.USART_GetTxCount  usart_stm32f2xx.o
    0x08002b02   0x00000272   Code   RO          410    i.USART_IRQHandler  usart_stm32f2xx.o
    0x08002d74   0x00000092   Code   RO          411    i.USART_Initialize  usart_stm32f2xx.o
    0x08002e06   0x00000002   PAD
    0x08002e08   0x00000134   Code   RO          412    i.USART_PeripheralReset  usart_stm32f2xx.o
    0x08002f3c   0x000002c8   Code   RO          413    i.USART_PowerControl  usart_stm32f2xx.o
    0x08003204   0x000000a2   Code   RO          414    i.USART_Receive     usart_stm32f2xx.o
    0x080032a6   0x00000088   Code   RO          415    i.USART_Send        usart_stm32f2xx.o
    0x0800332e   0x0000008c   Code   RO          416    i.USART_SetModemControl  usart_stm32f2xx.o
    0x080033ba   0x0000006a   Code   RO          417    i.USART_Transfer    usart_stm32f2xx.o
    0x08003424   0x0000006a   Code   RO          418    i.USART_Uninitialize  usart_stm32f2xx.o
    0x0800348e   0x00000002   PAD
    0x08003490   0x00000010   Code   RO          419    i.USARTx_GetVersion  usart_stm32f2xx.o
    0x080034a0   0x00000028   Code   RO         4860    i.__ARM_fpclassify  m_ws.l(fpclassify.o)
    0x080034c8   0x00000026   Code   RO         4763    i.__ARM_fpclassifyf  m_ws.l(fpclassifyf.o)
    0x080034ee   0x00000006   Code   RO         4766    i.__mathlib_flt_infnan  m_ws.l(funder.o)
    0x080034f4   0x00000008   Code   RO         4768    i.__mathlib_flt_invalid  m_ws.l(funder.o)
    0x080034fc   0x0000000a   Code   RO         4771    i.__mathlib_flt_underflow  m_ws.l(funder.o)
    0x08003506   0x00000002   PAD
    0x08003508   0x00000168   Code   RO         4779    i.__mathlib_rredf2  m_ws.l(rredf.o)
    0x08003670   0x0000002c   Code   RO          329    i.__user_perthread_libspace  rtx_conf_cm.o
    0x0800369c   0x00000046   Code   RO         4524    i._init_box         RTX_CM3.lib(rt_membox.o)
    0x080036e2   0x0000000e   Code   RO         4663    i._is_digit         c_w.l(__printf_wp.o)
    0x080036f0   0x00000020   Code   RO          330    i._mutex_acquire    rtx_conf_cm.o
    0x08003710   0x0000001c   Code   RO          332    i._mutex_release    rtx_conf_cm.o
    0x0800372c   0x0000013c   Code   RO            8    i.app_main          main.o
    0x08003868   0x00000030   Code   RO         4577    i.dbg_init          RTX_CM3.lib(hal_cm.o)
    0x08003898   0x00000020   Code   RO         4578    i.dbg_task_notify   RTX_CM3.lib(hal_cm.o)
    0x080038b8   0x00000010   Code   RO         4579    i.dbg_task_switch   RTX_CM3.lib(hal_cm.o)
    0x080038c8   0x00000054   Code   RO            9    i.generateSine      main.o
    0x0800391c   0x00000110   Code   RO           10    i.get_note_step_from_string  main.o
    0x08003a2c   0x0000002a   Code   RO         3430    i.isrMessageGet     RTX_CM3.lib(rt_cmsis.o)
    0x08003a56   0x0000002c   Code   RO         3431    i.isrMessagePut     RTX_CM3.lib(rt_cmsis.o)
    0x08003a82   0x00000002   PAD
    0x08003a84   0x00000056   Code   RO         4379    i.isr_mbx_receive   RTX_CM3.lib(rt_mailbox.o)
    0x08003ada   0x0000000e   Code   RO         4380    i.isr_mbx_send      RTX_CM3.lib(rt_mailbox.o)
    0x08003ae8   0x00000038   Code   RO           11    i.main              main.o
    0x08003b20   0x00000024   Code   RO         3435    i.osKernelInitialize  RTX_CM3.lib(rt_cmsis.o)
    0x08003b44   0x0000006c   Code   RO         3437    i.osKernelStart     RTX_CM3.lib(rt_cmsis.o)
    0x08003bb0   0x0000001c   Code   RO         3439    i.osMailAlloc       RTX_CM3.lib(rt_cmsis.o)
    0x08003bcc   0x0000002c   Code   RO         3441    i.osMailCreate      RTX_CM3.lib(rt_cmsis.o)
    0x08003bf8   0x0000001c   Code   RO         3442    i.osMailFree        RTX_CM3.lib(rt_cmsis.o)
    0x08003c14   0x00000016   Code   RO         3443    i.osMailGet         RTX_CM3.lib(rt_cmsis.o)
    0x08003c2a   0x00000014   Code   RO         3444    i.osMailPut         RTX_CM3.lib(rt_cmsis.o)
    0x08003c3e   0x00000002   PAD
    0x08003c40   0x00000018   Code   RO         3446    i.osMessageGet      RTX_CM3.lib(rt_cmsis.o)
    0x08003c58   0x00000018   Code   RO         3447    i.osMessagePut      RTX_CM3.lib(rt_cmsis.o)
    0x08003c70   0x0000002c   Code   RO         3463    i.osThreadCreate    RTX_CM3.lib(rt_cmsis.o)
    0x08003c9c   0x00000018   Code   RO         3464    i.osThreadExit      RTX_CM3.lib(rt_cmsis.o)
    0x08003cb4   0x0000000c   Code   RO         3470    i.osTimerCall       RTX_CM3.lib(rt_cmsis.o)
    0x08003cc0   0x0000002c   Code   RO         3475    i.osTimerThread     RTX_CM3.lib(rt_cmsis.o)
    0x08003cec   0x00000022   Code   RO          333    i.os_error          rtx_conf_cm.o
    0x08003d0e   0x00000004   Code   RO          334    i.os_idle_demon     rtx_conf_cm.o
    0x08003d12   0x00000002   PAD
    0x08003d14   0x00000028   Code   RO         4171    i.os_tick_init      RTX_CM3.lib(rt_system.o)
    0x08003d3c   0x00000002   Code   RO         4172    i.os_tick_irqack    RTX_CM3.lib(rt_system.o)
    0x08003d3e   0x0000001a   Code   RO         4525    i.rt_alloc_box      RTX_CM3.lib(rt_membox.o)
    0x08003d58   0x0000003e   Code   RO         4553    i.rt_alloc_mem      RTX_CM3.lib(rt_memory.o)
    0x08003d96   0x00000002   PAD
    0x08003d98   0x00000038   Code   RO         4052    i.rt_block          RTX_CM3.lib(rt_task.o)
    0x08003dd0   0x00000048   Code   RO         4502    i.rt_chk_robin      RTX_CM3.lib(rt_robin.o)
    0x08003e18   0x00000070   Code   RO         4303    i.rt_dec_dly        RTX_CM3.lib(rt_list.o)
    0x08003e88   0x00000044   Code   RO         4053    i.rt_dispatch       RTX_CM3.lib(rt_task.o)
    0x08003ecc   0x00000050   Code   RO         4264    i.rt_evt_psh        RTX_CM3.lib(rt_event.o)
    0x08003f1c   0x0000002c   Code   RO         4526    i.rt_free_box       RTX_CM3.lib(rt_membox.o)
    0x08003f48   0x00000028   Code   RO         4554    i.rt_free_mem       RTX_CM3.lib(rt_memory.o)
    0x08003f70   0x00000028   Code   RO         4304    i.rt_get_first      RTX_CM3.lib(rt_list.o)
    0x08003f98   0x00000008   Code   RO         3480    i.rt_id2obj         RTX_CM3.lib(rt_cmsis.o)
    0x08003fa0   0x00000048   Code   RO         4054    i.rt_init_context   RTX_CM3.lib(rt_task.o)
    0x08003fe8   0x0000001a   Code   RO         4555    i.rt_init_mem       RTX_CM3.lib(rt_memory.o)
    0x08004002   0x00000002   PAD
    0x08004004   0x00000018   Code   RO         4503    i.rt_init_robin     RTX_CM3.lib(rt_robin.o)
    0x0800401c   0x00000080   Code   RO         4580    i.rt_init_stack     RTX_CM3.lib(hal_cm.o)
    0x0800409c   0x00000008   Code   RO         4381    i.rt_mbx_check      RTX_CM3.lib(rt_mailbox.o)
    0x080040a4   0x0000001a   Code   RO         4382    i.rt_mbx_init       RTX_CM3.lib(rt_mailbox.o)
    0x080040be   0x00000002   PAD
    0x080040c0   0x000000f0   Code   RO         4383    i.rt_mbx_psh        RTX_CM3.lib(rt_mailbox.o)
    0x080041b0   0x00000098   Code   RO         4384    i.rt_mbx_send       RTX_CM3.lib(rt_mailbox.o)
    0x08004248   0x000000b4   Code   RO         4385    i.rt_mbx_wait       RTX_CM3.lib(rt_mailbox.o)
    0x080042fc   0x00000044   Code   RO         3481    i.rt_ms2tick        RTX_CM3.lib(rt_cmsis.o)
    0x08004340   0x000000d8   Code   RO         4138    i.rt_mut_release    RTX_CM3.lib(rt_mutex.o)
    0x08004418   0x00000078   Code   RO         4139    i.rt_mut_wait       RTX_CM3.lib(rt_mutex.o)
    0x08004490   0x0000007c   Code   RO         4175    i.rt_pop_req        RTX_CM3.lib(rt_system.o)
    0x0800450c   0x00000020   Code   RO         4176    i.rt_psh_req        RTX_CM3.lib(rt_system.o)
    0x0800452c   0x0000005c   Code   RO         4306    i.rt_psq_enq        RTX_CM3.lib(rt_list.o)
    0x08004588   0x00000048   Code   RO         4307    i.rt_put_dly        RTX_CM3.lib(rt_list.o)
    0x080045d0   0x00000036   Code   RO         4308    i.rt_put_prio       RTX_CM3.lib(rt_list.o)
    0x08004606   0x00000002   PAD
    0x08004608   0x00000014   Code   RO         4309    i.rt_put_rdy_first  RTX_CM3.lib(rt_list.o)
    0x0800461c   0x00000034   Code   RO         4310    i.rt_resort_prio    RTX_CM3.lib(rt_list.o)
    0x08004650   0x00000006   Code   RO         4581    i.rt_ret_val        RTX_CM3.lib(hal_cm.o)
    0x08004656   0x00000008   Code   RO         4582    i.rt_ret_val2       RTX_CM3.lib(hal_cm.o)
    0x0800465e   0x00000028   Code   RO         4311    i.rt_rmv_dly        RTX_CM3.lib(rt_list.o)
    0x08004686   0x00000002   PAD
    0x08004688   0x00000030   Code   RO         4312    i.rt_rmv_list       RTX_CM3.lib(rt_list.o)
    0x080046b8   0x00000034   Code   RO         4430    i.rt_sem_psh        RTX_CM3.lib(rt_semaphore.o)
    0x080046ec   0x00000024   Code   RO         4178    i.rt_stk_check      RTX_CM3.lib(rt_system.o)
    0x08004710   0x00000028   Code   RO         4055    i.rt_switch_req     RTX_CM3.lib(rt_task.o)
    0x08004738   0x000000cc   Code   RO         4056    i.rt_sys_init       RTX_CM3.lib(rt_task.o)
    0x08004804   0x00000078   Code   RO         4057    i.rt_sys_start      RTX_CM3.lib(rt_task.o)
    0x0800487c   0x00000040   Code   RO         4180    i.rt_systick        RTX_CM3.lib(rt_system.o)
    0x080048bc   0x00000012   Code   RO         3482    i.rt_tid2ptcb       RTX_CM3.lib(rt_cmsis.o)
    0x080048ce   0x00000002   PAD
    0x080048d0   0x00000034   Code   RO         3483    i.rt_timer_insert   RTX_CM3.lib(rt_cmsis.o)
    0x08004904   0x00000088   Code   RO         4058    i.rt_tsk_create     RTX_CM3.lib(rt_task.o)
    0x0800498c   0x0000017c   Code   RO         4059    i.rt_tsk_delete     RTX_CM3.lib(rt_task.o)
    0x08004b08   0x0000007c   Code   RO         4061    i.rt_tsk_prio       RTX_CM3.lib(rt_task.o)
    0x08004b84   0x00000010   Code   RO         4062    i.rt_tsk_self       RTX_CM3.lib(rt_task.o)
    0x08004b94   0x00000188   Code   RO         4725    i.sinf              m_ws.l(sinf.o)
    0x08004d1c   0x00000070   Code   RO         3486    i.svcKernelInitialize  RTX_CM3.lib(rt_cmsis.o)
    0x08004d8c   0x00000048   Code   RO         3488    i.svcKernelStart    RTX_CM3.lib(rt_cmsis.o)
    0x08004dd4   0x00000042   Code   RO         3490    i.svcMailCreate     RTX_CM3.lib(rt_cmsis.o)
    0x08004e16   0x00000024   Code   RO         3491    i.svcMessageCreate  RTX_CM3.lib(rt_cmsis.o)
    0x08004e3a   0x0000003a   Code   RO         3492    i.svcMessageGet     RTX_CM3.lib(rt_cmsis.o)
    0x08004e74   0x00000036   Code   RO         3493    i.svcMessagePut     RTX_CM3.lib(rt_cmsis.o)
    0x08004eaa   0x00000002   PAD
    0x08004eac   0x0000006c   Code   RO         3506    i.svcThreadCreate   RTX_CM3.lib(rt_cmsis.o)
    0x08004f18   0x0000001c   Code   RO         3507    i.svcThreadGetId    RTX_CM3.lib(rt_cmsis.o)
    0x08004f34   0x00000038   Code   RO         3510    i.svcThreadTerminate  RTX_CM3.lib(rt_cmsis.o)
    0x08004f6c   0x00000018   Code   RO         3512    i.svcTimerCall      RTX_CM3.lib(rt_cmsis.o)
    0x08004f84   0x00000058   Code   RO         3517    i.sysMailAlloc      RTX_CM3.lib(rt_cmsis.o)
    0x08004fdc   0x00000060   Code   RO         3518    i.sysMailFree       RTX_CM3.lib(rt_cmsis.o)
    0x0800503c   0x0000005c   Code   RO         3521    i.sysTimerTick      RTX_CM3.lib(rt_cmsis.o)
    0x08005098   0x0000002c   Code   RO         4852    locale$$code        c_w.l(lc_numeric_c.o)
    0x080050c4   0x0000000c   Code   RO         4752    x$fpl$dretinf       fz_ws.l(dretinf.o)
    0x080050d0   0x00000056   Code   RO         4692    x$fpl$f2d           fz_ws.l(f2d.o)
    0x08005126   0x00000002   PAD
    0x08005128   0x000000c4   Code   RO         4694    x$fpl$fadd          fz_ws.l(faddsub_clz.o)
    0x080051ec   0x0000000c   Code   RO         4923    x$fpl$fcheck1       fz_ws.l(fcheck1.o)
    0x080051f8   0x00000018   Code   RO         4854    x$fpl$fcmpinf       fz_ws.l(fcmpi.o)
    0x08005210   0x00000184   Code   RO         4701    x$fpl$fdiv          fz_ws.l(fdiv.o)
    0x08005394   0x00000036   Code   RO         4704    x$fpl$ffix          fz_ws.l(ffix.o)
    0x080053ca   0x00000002   PAD
    0x080053cc   0x0000003e   Code   RO         4708    x$fpl$ffixu         fz_ws.l(ffixu.o)
    0x0800540a   0x00000002   PAD
    0x0800540c   0x00000030   Code   RO         4713    x$fpl$fflt          fz_ws.l(fflt_clz.o)
    0x0800543c   0x00000026   Code   RO         4712    x$fpl$ffltu         fz_ws.l(fflt_clz.o)
    0x08005462   0x00000002   PAD
    0x08005464   0x00000068   Code   RO         4754    x$fpl$fleqf         fz_ws.l(fleqf.o)
    0x080054cc   0x00000102   Code   RO         4718    x$fpl$fmul          fz_ws.l(fmul.o)
    0x080055ce   0x0000008c   Code   RO         4756    x$fpl$fnaninf       fz_ws.l(fnaninf.o)
    0x0800565a   0x0000000a   Code   RO         4758    x$fpl$fretinf       fz_ws.l(fretinf.o)
    0x08005664   0x00000062   Code   RO         4720    x$fpl$frleqf        fz_ws.l(frleqf.o)
    0x080056c6   0x00000002   PAD
    0x080056c8   0x00000060   Code   RO         4760    x$fpl$frnd          fz_ws.l(frnd.o)
    0x08005728   0x00000014   Code   RO         4695    x$fpl$frsb          fz_ws.l(faddsub_clz.o)
    0x0800573c   0x000000ea   Code   RO         4696    x$fpl$fsub          fz_ws.l(faddsub_clz.o)
    0x08005826   0x00000004   Code   RO         4722    x$fpl$printf1       fz_ws.l(printf1.o)
    0x0800582a   0x00000064   Code   RO         4954    x$fpl$retnan        fz_ws.l(retnan.o)
    0x0800588e   0x0000004c   Code   RO         4858    x$fpl$scalbnf       fz_ws.l(scalbnf.o)
    0x080058da   0x00000030   Code   RO         4964    x$fpl$trapveneer    fz_ws.l(trapv.o)
    0x0800590a   0x00000000   Code   RO         4762    x$fpl$usenofp       fz_ws.l(usenofp.o)
    0x0800590a   0x00000002   PAD
    0x0800590c   0x0000001c   Data   RO           13    .constdata          main.o
    0x08005928   0x00000040   Data   RO          281    .constdata          led_mcbstm32f200.o
    0x08005968   0x00000068   Data   RO          336    .constdata          rtx_conf_cm.o
    0x080059d0   0x00000088   Data   RO          421    .constdata          usart_stm32f2xx.o
    0x08005a58   0x00000018   Data   RO         3395    .constdata          system_stm32f2xx.o
    0x08005a70   0x00000020   Data   RO         4780    .constdata          m_ws.l(rredf.o)
    0x08005a90   0x00000094   Data   RO         4827    .constdata          c_w.l(bigflt0.o)
    0x08005b24   0x00000020   Data   RO         4994    Region$$Table       anon$$obj.o
    0x08005b44   0x0000001c   Data   RO         4851    locale$$data        c_w.l(lc_numeric_c.o)


    Execution Region RW_IRAM1 (Base: 0x20000000, Size: 0x00003318, Max: 0x00020000, ABSOLUTE)

    Base Addr    Size         Type   Attr      Idx    E Section Name        Object

    0x20000000   0x0000001c   Data   RW           14    .data               main.o
    0x2000001c   0x00000014   Data   RW          337    .data               rtx_conf_cm.o
    0x20000030   0x00000009   Data   RW          605    .data               stm32f2xx_hal.o
    0x20000039   0x00000003   PAD
    0x2000003c   0x00000004   Data   RW         3396    .data               system_stm32f2xx.o
    0x20000040   0x00000008   Data   RW         3524    .data               RTX_CM3.lib(rt_cmsis.o)
    0x20000048   0x00000008   Data   RW         4064    .data               RTX_CM3.lib(rt_task.o)
    0x20000050   0x00000008   Data   RW         4183    .data               RTX_CM3.lib(rt_system.o)
    0x20000058   0x00000004   Data   RW         4473    .data               RTX_CM3.lib(rt_time.o)
    0x2000005c   0x00000008   Data   RW         4504    .data               RTX_CM3.lib(rt_robin.o)
    0x20000064   0x00000001   Data   RW         4583    .data               RTX_CM3.lib(hal_cm.o)
    0x20000065   0x00000003   PAD
    0x20000068   0x0000095c   Zero   RW           12    .bss                main.o
    0x200009c4   0x00000004   PAD
    0x200009c8   0x00002250   Zero   RW          335    .bss                rtx_conf_cm.o
    0x20002c18   0x00000038   Zero   RW          420    .bss                usart_stm32f2xx.o
    0x20002c50   0x00000034   Zero   RW         4063    .bss                RTX_CM3.lib(rt_task.o)
    0x20002c84   0x00000030   Zero   RW         4313    .bss                RTX_CM3.lib(rt_list.o)
    0x20002cb4   0x00000060   Zero   RW         4641    .bss                c_w.l(libspace.o)
    0x20002d14   0x00000004   PAD
    0x20002d18   0x00000200   Zero   RW         3384    HEAP                startup_stm32f207xx.o
    0x20002f18   0x00000400   Zero   RW         3383    STACK               startup_stm32f207xx.o


==============================================================================

Image component sizes


      Code (inc. data)   RO Data    RW Data    ZI Data      Debug   Object Name

         0          0          0          0          0      19036   adc_mcbstm32f200.o
       284         26         64          0          0       2944   led_mcbstm32f200.o
      1284        274         28         28       2396     583546   main.o
       170         38        104         20       8784      10051   rtx_conf_cm.o
        64         26        388          0       1536        864   startup_stm32f207xx.o
        12          6          0          9          0       7025   stm32f2xx_hal.o
        68          6          0          0          0      27685   stm32f2xx_hal_cortex.o
       172          0          0          0          0       1380   stm32f2xx_hal_dma.o
       884         96          0          0          0       3661   stm32f2xx_hal_gpio.o
        56         14          0          0          0       1125   stm32f2xx_hal_rcc.o
         2          0         24          4          0       1391   system_stm32f2xx.o
      5772        220        136          0         56      53962   usart_stm32f2xx.o

    ----------------------------------------------------------------------
      8776        706        776         64      12776     712670   Object Totals
         0          0         32          0          0          0   (incl. Generated)
         8          0          0          3          4          0   (incl. Padding)

    ----------------------------------------------------------------------

      Code (inc. data)   RO Data    RW Data    ZI Data      Debug   Library Member Name

       238         24          0          1          0       3268   hal_cm.o
       304         36          0          0          0        760   hal_cm3.o
      1580        168          0          8          0      38916   rt_cmsis.o
        80          4          0          0          0        653   rt_event.o
       530         34          0          0         48       8169   rt_list.o
       706         14          0          0          0       4731   rt_mailbox.o
       140          0          0          0          0       1901   rt_membox.o
       128          0          0          0          0       2275   rt_memory.o
       336         14          0          0          0       1631   rt_mutex.o
        96         22          0          8          0       1134   rt_robin.o
        52          4          0          0          0        565   rt_semaphore.o
       298         52          0          8          0       6151   rt_system.o
      1216        174          0          8         52       9565   rt_task.o
         0          0          0          4          0        210   rt_time.o
         4          4          0          0          0        200   svc_table.o
         8          0          0          0          0         68   __main.o
       284          0          0          0          0        156   __printf_wp.o
         0          0          0          0          0          0   __rtentry.o
        20          0          0          0          0          0   __rtentry2.o
         6          0          0          0          0          0   __rtentry4.o
        52          8          0          0          0          0   __scatter.o
        26          0          0          0          0          0   __scatter_copy.o
        28          0          0          0          0          0   __scatter_zi.o
        44          0          0          0          0        108   _printf_char.o
        48          6          0          0          0         96   _printf_char_common.o
         6          0          0          0          0          0   _printf_f.o
      1050          0          0          0          0        216   _printf_fp_dec.o
       128         16          0          0          0         84   _printf_fp_infnan.o
         0          0          0          0          0          0   _printf_percent.o
         4          0          0          0          0          0   _printf_percent_end.o
         6          0          0          0          0          0   _printf_s.o
        82          0          0          0          0         80   _printf_str.o
        22          0          0          0          0        100   _rserrno.o
        10          0          0          0          0         68   _sputc.o
       220          4        148          0          0         96   bigflt0.o
      1910        128          0          0          0        672   btod.o
        18          0          0          0          0         80   exit.o
         6          0          0          0          0        152   heapauxi.o
         0          0          0          0          0          0   indicate_semi.o
        44         10         28          0          0         76   lc_numeric_c.o
         2          0          0          0          0          0   libinit.o
        18          0          0          0          0          0   libinit2.o
         2          0          0          0          0          0   libshutdown.o
         2          0          0          0          0          0   libshutdown2.o
         8          4          0          0         96         68   libspace.o
       138          0          0          0          0         80   lludiv10.o
        40          6          0          0          0         84   noretval__2sprintf.o
         4          0          0          0          0         68   rt_errno_addr_twolibspace.o
        10          0          0          0          0         76   rt_locale_twolibspace.o
        68          0          0          0          0         68   rt_memclr.o
        78          0          0          0          0         80   rt_memclr_w.o
         2          0          0          0          0          0   rtexit.o
        10          0          0          0          0          0   rtexit2.o
       128          0          0          0          0         68   strcmpv7m.o
        62          0          0          0          0         76   strlen.o
       150          0          0          0          0         80   strncmp.o
        86          0          0          0          0         76   strncpy.o
        12          4          0          0          0         68   sys_exit.o
        74          0          0          0          0         80   sys_stackheap_outer.o
         2          0          0          0          0         68   use_no_semi.o
        12          0          0          0          0         68   dretinf.o
        86          4          0          0          0         84   f2d.o
       450          8          0          0          0        236   faddsub_clz.o
        12          4          0          0          0         68   fcheck1.o
        24          0          0          0          0         68   fcmpi.o
       388         76          0          0          0         96   fdiv.o
        54          4          0          0          0         84   ffix.o
        62          4          0          0          0         84   ffixu.o
        86          0          0          0          0        136   fflt_clz.o
       104          4          0          0          0         84   fleqf.o
       258          4          0          0          0         84   fmul.o
       140          4          0          0          0         84   fnaninf.o
        10          0          0          0          0         68   fretinf.o
        98          0          0          0          0         68   frleqf.o
        96          4          0          0          0         76   frnd.o
         4          0          0          0          0         68   printf1.o
       100          0          0          0          0         68   retnan.o
        76          0          0          0          0         68   scalbnf.o
        48          0          0          0          0         68   trapv.o
         0          0          0          0          0          0   usenofp.o
        40          0          0          0          0         68   fpclassify.o
        38          0          0          0          0         68   fpclassifyf.o
        24          0          0          0          0        204   funder.o
       360         16         32          0          0         88   rredf.o
       392         54          0          0          0        124   sinf.o

    ----------------------------------------------------------------------
     13632        922        208         40        200      85433   Library Totals
        44          0          0          3          4          0   (incl. Padding)

    ----------------------------------------------------------------------

      Code (inc. data)   RO Data    RW Data    ZI Data      Debug   Library Name

      5708        550          0         37        100      80129   RTX_CM3.lib
      4918        186        176          0         96       3092   c_w.l
      2108        116          0          0          0       1660   fz_ws.l
       854         70         32          0          0        552   m_ws.l

    ----------------------------------------------------------------------
     13632        922        208         40        200      85433   Library Totals

    ----------------------------------------------------------------------

==============================================================================


      Code (inc. data)   RO Data    RW Data    ZI Data      Debug   

     22408       1628        984        104      12976     787959   Grand Totals
     22408       1628        984        104      12976     787959   ELF Image Totals
     22408       1628        984        104          0          0   ROM Totals

==============================================================================

    Total RO  Size (Code + RO Data)                23392 (  22.84kB)
    Total RW  Size (RW Data + ZI Data)             13080 (  12.77kB)
    Total ROM Size (Code + RO Data + RW Data)      23496 (  22.95kB)

==============================================================================

