Component: ARM Compiler 5.06 update 1 (build 61) Tool: armlink [4d35a8]

==============================================================================

Section Cross References

    main.o(i.Init_USART1) refers to usart_stm32f2xx.o(.constdata) for Driver_USART1
    main.o(i.Init_USART1) refers to main.o(i.USART1_Callback) for USART1_Callback
    main.o(i.Init_USART1) refers to main.o(.data) for rx_char
    main.o(i.Sound_Init) refers to main.o(i.generateSineTable) for generateSineTable
    main.o(i.TIM6_DAC_IRQHandler) refers to frleqf.o(x$fpl$frleqf) for __aeabi_cfrcmple
    main.o(i.TIM6_DAC_IRQHandler) refers to main.o(i.generateSine) for generateSine
    main.o(i.TIM6_DAC_IRQHandler) refers to main.o(.data) for g_current_note_step
    main.o(i.USART1_Callback) refers to rt_cmsis.o(i.osSemaphoreRelease) for osSemaphoreRelease
    main.o(i.USART1_Callback) refers to main.o(.data) for rx_buffer_idx
    main.o(i.USART1_Callback) refers to main.o(.bss) for rx_buffer
    main.o(i.USART1_Callback) refers to usart_stm32f2xx.o(.constdata) for Driver_USART1
    main.o(i.app_main) refers to _printf_percent.o(.ARM.Collect$$_printf_percent$$00000000) for _printf_percent
    main.o(i.app_main) refers to _printf_f.o(.ARM.Collect$$_printf_percent$$00000003) for _printf_f
    main.o(i.app_main) refers to _printf_s.o(.ARM.Collect$$_printf_percent$$00000014) for _printf_s
    main.o(i.app_main) refers to printf1.o(x$fpl$printf1) for _printf_fp_dec
    main.o(i.app_main) refers to _printf_str.o(.text) for _printf_str
    main.o(i.app_main) refers to rt_cmsis.o(i.osSemaphoreWait) for osSemaphoreWait
    main.o(i.app_main) refers to strncmp.o(.text) for strncmp
    main.o(i.app_main) refers to strlen.o(.text) for strlen
    main.o(i.app_main) refers to strncpy.o(.text) for strncpy
    main.o(i.app_main) refers to main.o(i.get_note_step_from_string) for get_note_step_from_string
    main.o(i.app_main) refers to f2d.o(x$fpl$f2d) for __aeabi_f2d
    main.o(i.app_main) refers to noretval__2sprintf.o(.text) for __2sprintf
    main.o(i.app_main) refers to led_mcbstm32f200.o(i.LED_On) for LED_On
    main.o(i.app_main) refers to led_mcbstm32f200.o(i.LED_Off) for LED_Off
    main.o(i.app_main) refers to rt_memclr.o(.text) for __aeabi_memclr
    main.o(i.app_main) refers to main.o(.data) for rx_semaphore_id
    main.o(i.app_main) refers to main.o(.bss) for rx_buffer
    main.o(i.app_main) refers to usart_stm32f2xx.o(.constdata) for Driver_USART1
    main.o(i.generateSine) refers to ffix.o(x$fpl$ffix) for __aeabi_f2iz
    main.o(i.generateSine) refers to faddsub_clz.o(x$fpl$fadd) for __aeabi_fadd
    main.o(i.generateSine) refers to frleqf.o(x$fpl$frleqf) for __aeabi_cfrcmple
    main.o(i.generateSine) refers to faddsub_clz.o(x$fpl$fsub) for __aeabi_fsub
    main.o(i.generateSine) refers to main.o(.data) for sine_index
    main.o(i.generateSine) refers to main.o(.bss) for sine_table
    main.o(i.generateSineTable) refers to fflt_clz.o(x$fpl$fflt) for __aeabi_i2f
    main.o(i.generateSineTable) refers to fmul.o(x$fpl$fmul) for __aeabi_fmul
    main.o(i.generateSineTable) refers to fdiv.o(x$fpl$fdiv) for __aeabi_fdiv
    main.o(i.generateSineTable) refers to f2d.o(x$fpl$f2d) for __aeabi_f2d
    main.o(i.generateSineTable) refers to sin.o(i.sin) for sin
    main.o(i.generateSineTable) refers to dmul.o(x$fpl$dmul) for __aeabi_dmul
    main.o(i.generateSineTable) refers to daddsub_clz.o(x$fpl$dadd) for __aeabi_dadd
    main.o(i.generateSineTable) refers to dfixu.o(x$fpl$dfixu) for __aeabi_d2uiz
    main.o(i.generateSineTable) refers to main.o(.bss) for sine_table
    main.o(i.get_note_step_from_string) refers to strcmpv7m.o(.text) for strcmp
    main.o(i.main) refers to led_mcbstm32f200.o(i.LED_Initialize) for LED_Initialize
    main.o(i.main) refers to main.o(i.Sound_Init) for Sound_Init
    main.o(i.main) refers to main.o(i.Init_USART1) for Init_USART1
    main.o(i.main) refers to rt_cmsis.o(i.osKernelInitialize) for osKernelInitialize
    main.o(i.main) refers to rt_cmsis.o(i.osSemaphoreCreate) for osSemaphoreCreate
    main.o(i.main) refers to rt_cmsis.o(i.osThreadCreate) for osThreadCreate
    main.o(i.main) refers to rt_cmsis.o(i.osKernelStart) for osKernelStart
    main.o(i.main) refers to main.o(.constdata) for os_semaphore_def_rx_semaphore
    main.o(i.main) refers to main.o(.data) for rx_semaphore_id
    main.o(.constdata) refers to main.o(i.app_main) for app_main
    main.o(.constdata) refers to main.o(.data) for os_semaphore_cb_rx_semaphore
    adc_mcbstm32f200.o(i.ADC_ConversionDone) refers to stm32f2xx_hal_adc.o(i.HAL_ADC_PollForConversion) for HAL_ADC_PollForConversion
    adc_mcbstm32f200.o(i.ADC_ConversionDone) refers to adc_mcbstm32f200.o(.bss) for hadc3
    adc_mcbstm32f200.o(i.ADC_ConversionDone) refers to adc_mcbstm32f200.o(.data) for AD_done
    adc_mcbstm32f200.o(i.ADC_GetValue) refers to stm32f2xx_hal_adc.o(i.HAL_ADC_PollForConversion) for HAL_ADC_PollForConversion
[...]
    .constdata                               0x08006388   Section      104  rtx_conf_cm.o(.constdata)
    __tagsym$$used                           0x080063a4   Number         0  rtx_conf_cm.o(.constdata)
    __tagsym$$used                           0x080063a8   Number         0  rtx_conf_cm.o(.constdata)
    __tagsym$$used                           0x080063ac   Number         0  rtx_conf_cm.o(.constdata)
    __tagsym$$used                           0x080063b0   Number         0  rtx_conf_cm.o(.constdata)
    .constdata                               0x080063f0   Section      136  usart_stm32f2xx.o(.constdata)
    usart_driver_version                     0x080063f0   Data           4  usart_stm32f2xx.o(.constdata)
    USART1_tx                                0x080063f4   Data          12  usart_stm32f2xx.o(.constdata)
    USART1_rx                                0x08006400   Data          12  usart_stm32f2xx.o(.constdata)
    USART1_Resources                         0x0800640c   Data          52  usart_stm32f2xx.o(.constdata)
    .constdata                               0x08006478   Section       24  system_stm32f2xx.o(.constdata)
    .constdata                               0x08006490   Section       48  cos_i.o(.constdata)
    C                                        0x08006490   Data          48  cos_i.o(.constdata)
    .constdata                               0x080064c0   Section      200  rred.o(.constdata)
    pio2s                                    0x080064c0   Data          48  rred.o(.constdata)
    twooverpi                                0x080064f0   Data         152  rred.o(.constdata)
    .constdata                               0x08006588   Section       40  sin_i.o(.constdata)
    S                                        0x08006588   Data          40  sin_i.o(.constdata)
    .constdata                               0x080065b0   Section      148  bigflt0.o(.constdata)
    tenpwrs_x                                0x080065b0   Data          60  bigflt0.o(.constdata)
    tenpwrs_i                                0x080065ec   Data          64  bigflt0.o(.constdata)
    locale$$data                             0x08006664   Section       28  lc_numeric_c.o(locale$$data)
    __lcnum_c_name                           0x08006668   Data           2  lc_numeric_c.o(locale$$data)
    __lcnum_c_start                          0x08006670   Data           0  lc_numeric_c.o(locale$$data)
    __lcnum_c_point                          0x0800667c   Data           0  lc_numeric_c.o(locale$$data)
    __lcnum_c_thousands                      0x0800667e   Data           0  lc_numeric_c.o(locale$$data)
    __lcnum_c_grouping                       0x0800667f   Data           0  lc_numeric_c.o(locale$$data)
    __lcnum_c_end                            0x08006680   Data           0  lc_numeric_c.o(locale$$data)
    .data                                    0x20000000   Section       32  main.o(.data)
    .data                                    0x20000020   Section       20  rtx_conf_cm.o(.data)
    nr_mutex                                 0x20000030   Data           4  rtx_conf_cm.o(.data)
    .data                                    0x20000034   Section        9  stm32f2xx_hal.o(.data)
    .data                                    0x20000040   Section        4  system_stm32f2xx.o(.data)
    .data                                    0x20000044   Section        8  rt_cmsis.o(.data)
    .data                                    0x2000004c   Section        8  rt_task.o(.data)
    .data                                    0x20000054   Section        8  rt_system.o(.data)
    os_lock                                  0x20000054   Data           1  rt_system.o(.data)
    os_psh_flag                              0x20000055   Data           1  rt_system.o(.data)
    pend_flags                               0x20000056   Data           1  rt_system.o(.data)
    .data                                    0x2000005c   Section        4  rt_time.o(.data)
    .data                                    0x20000060   Section        8  rt_robin.o(.data)
    .data                                    0x20000068   Section        1  hal_cm.o(.data)
    .bss                                     0x2000006c   Section     2080  main.o(.bss)
    .bss                                     0x20000890   Section     8784  rtx_conf_cm.o(.bss)
    std_libspace                             0x200027c0   Data         672  rtx_conf_cm.o(.bss)
    std_libmutex                             0x20002a60   Data         128  rtx_conf_cm.o(.bss)
    .bss                                     0x20002ae0   Section       56  usart_stm32f2xx.o(.bss)
    USART1_Info                              0x20002ae0   Data          20  usart_stm32f2xx.o(.bss)
    USART1_TransferInfo                      0x20002af4   Data          36  usart_stm32f2xx.o(.bss)
    .bss                                     0x20002b18   Section       52  rt_task.o(.bss)
    .bss                                     0x20002b4c   Section       48  rt_list.o(.bss)
    .bss                                     0x20002b7c   Section       96  libspace.o(.bss)
    HEAP                                     0x20002be0   Section      512  startup_stm32f207xx.o(HEAP)
    Heap_Mem                                 0x20002be0   Data         512  startup_stm32f207xx.o(HEAP)
    STACK                                    0x20002de0   Section     1024  startup_stm32f207xx.o(STACK)
    Stack_Mem                                0x20002de0   Data        1024  startup_stm32f207xx.o(STACK)
    __initial_sp                             0x200031e0   Data           0  startup_stm32f207xx.o(STACK)

    Global Symbols

    Symbol Name                              Value     Ov Type        Size  Object(Section)

    BuildAttributes$$THM_ISAv4$P$D$K$B$S$PE$A:L22UL41UL21$X:L11$S22US41US21$IEEE1$IW$USESV6$~STKCKD$USESV7$~SHL$OTIME$ROPI$IEEEX$EBA8$UX$STANDARDLIB$REQ8$PRES8$EABIv2 0x00000000   Number         0  anon$$obj.o ABSOLUTE
    __ARM_use_no_argv                        0x00000000   Number         0  main.o ABSOLUTE
    __ARM_exceptions_init                     - Undefined Weak Reference
    __alloca_initialize                       - Undefined Weak Reference
    __arm_preinit_                            - Undefined Weak Reference
    __cpp_initialize__aeabi_                  - Undefined Weak Reference
    __cxa_finalize                            - Undefined Weak Reference
    __sigvec_lookup                           - Undefined Weak Reference
    _atexit_init                              - Undefined Weak Reference
    _call_atexit_fns                          - Undefined Weak Reference
    _clock_init                               - Undefined Weak Reference
    _fp_trap_init                             - Undefined Weak Reference
    _fp_trap_shutdown                         - Undefined Weak Reference
    _get_lc_collate                           - Undefined Weak Reference
    _get_lc_ctype                             - Undefined Weak Reference
    _get_lc_monetary                          - Undefined Weak Reference
    _get_lc_time                              - Undefined Weak Reference
    _getenv_init                              - Undefined Weak Reference
    _handle_redirection                       - Undefined Weak Reference
    _init_alloc                               - Undefined Weak Reference
    _init_user_alloc                          - Undefined Weak Reference
    _initio                                   - Undefined Weak Reference
    _printf_mbtowc                            - Undefined Weak Reference
    _printf_post_padding                      - Undefined Weak Reference
    _printf_pre_padding                       - Undefined Weak Reference
    _rand_init                                - Undefined Weak Reference
    _signal_finish                            - Undefined Weak Reference
    _signal_init                              - Undefined Weak Reference
    _terminate_alloc                          - Undefined Weak Reference
    _terminate_user_alloc                     - Undefined Weak Reference
    _terminateio                              - Undefined Weak Reference
    __Vectors_Size                           0x00000184   Number         0  startup_stm32f207xx.o ABSOLUTE
    __RL_RTX_VER                             0x00000482   Number         0  rt_system.o ABSOLUTE
    __Vectors                                0x08000000   Data           4  startup_stm32f207xx.o(RESET)
    __Vectors_End                            0x08000184   Data           0  startup_stm32f207xx.o(RESET)
    __main                                   0x08000185   Thumb Code     8  __main.o(!!!main)
    __scatterload                            0x0800018d   Thumb Code     0  __scatter.o(!!!scatter)
    __scatterload_rt2                        0x0800018d   Thumb Code    44  __scatter.o(!!!scatter)
    __scatterload_rt2_thumb_only             0x0800018d   Thumb Code     0  __scatter.o(!!!scatter)
    __scatterload_null                       0x0800019b   Thumb Code     0  __scatter.o(!!!scatter)
    __scatterload_copy                       0x080001c1   Thumb Code    26  __scatter_copy.o(!!handler_copy)
    __scatterload_zeroinit                   0x080001dd   Thumb Code    28  __scatter_zi.o(!!handler_zi)
    _printf_f                                0x080001f9   Thumb Code     0  _printf_f.o(.ARM.Collect$$_printf_percent$$00000003)
    _printf_percent                          0x080001f9   Thumb Code     0  _printf_percent.o(.ARM.Collect$$_printf_percent$$00000000)
    _printf_s                                0x080001ff   Thumb Code     0  _printf_s.o(.ARM.Collect$$_printf_percent$$00000014)
    _printf_percent_end                      0x08000205   Thumb Code     0  _printf_percent_end.o(.ARM.Collect$$_printf_percent$$00000017)
    __rt_lib_init                            0x08000209   Thumb Code     0  libinit.o(.ARM.Collect$$libinit$$00000000)
    __rt_lib_init_fp_1                       0x0800020b   Thumb Code     0  libinit2.o(.ARM.Collect$$libinit$$00000002)
    __rt_lib_init_heap_1                     0x0800020b   Thumb Code     0  libinit2.o(.ARM.Collect$$libinit$$0000000A)
    __rt_lib_init_lc_common                  0x0800020b   Thumb Code     0  libinit2.o(.ARM.Collect$$libinit$$0000000F)
    __rt_lib_init_preinit_1                  0x0800020b   Thumb Code     0  libinit2.o(.ARM.Collect$$libinit$$00000004)
    __rt_lib_init_rand_1                     0x0800020b   Thumb Code     0  libinit2.o(.ARM.Collect$$libinit$$0000000E)
    __rt_lib_init_user_alloc_1               0x0800020b   Thumb Code     0  libinit2.o(.ARM.Collect$$libinit$$0000000C)
    __rt_lib_init_lc_collate_1               0x08000211   Thumb Code     0  libinit2.o(.ARM.Collect$$libinit$$00000011)
    __rt_lib_init_lc_ctype_1                 0x08000211   Thumb Code     0  libinit2.o(.ARM.Collect$$libinit$$00000013)
    __rt_lib_init_lc_monetary_1              0x08000211   Thumb Code     0  libinit2.o(.ARM.Collect$$libinit$$00000015)
    __rt_lib_init_lc_numeric_2               0x08000211   Thumb Code     0  libinit2.o(.ARM.Collect$$libinit$$00000016)
    __rt_lib_init_alloca_1                   0x0800021b   Thumb Code     0  libinit2.o(.ARM.Collect$$libinit$$0000002E)
    __rt_lib_init_argv_1                     0x0800021b   Thumb Code     0  libinit2.o(.ARM.Collect$$libinit$$0000002C)
    __rt_lib_init_atexit_1                   0x0800021b   Thumb Code     0  libinit2.o(.ARM.Collect$$libinit$$0000001B)
    __rt_lib_init_clock_1                    0x0800021b   Thumb Code     0  libinit2.o(.ARM.Collect$$libinit$$00000021)
    __rt_lib_init_cpp_1                      0x0800021b   Thumb Code     0  libinit2.o(.ARM.Collect$$libinit$$00000032)
    __rt_lib_init_exceptions_1               0x0800021b   Thumb Code     0  libinit2.o(.ARM.Collect$$libinit$$00000030)
    __rt_lib_init_fp_trap_1                  0x0800021b   Thumb Code     0  libinit2.o(.ARM.Collect$$libinit$$0000001F)
    __rt_lib_init_getenv_1                   0x0800021b   Thumb Code     0  libinit2.o(.ARM.Collect$$libinit$$00000023)
    __rt_lib_init_lc_numeric_1               0x0800021b   Thumb Code     0  libinit2.o(.ARM.Collect$$libinit$$00000017)
    __rt_lib_init_lc_time_1                  0x0800021b   Thumb Code     0  libinit2.o(.ARM.Collect$$libinit$$00000019)
    __rt_lib_init_return                     0x0800021b   Thumb Code     0  libinit2.o(.ARM.Collect$$libinit$$00000033)
    __rt_lib_init_signal_1                   0x0800021b   Thumb Code     0  libinit2.o(.ARM.Collect$$libinit$$0000001D)
    __rt_lib_init_stdio_1                    0x0800021b   Thumb Code     0  libinit2.o(.ARM.Collect$$libinit$$00000025)
    __rt_lib_shutdown                        0x0800021d   Thumb Code     0  libshutdown.o(.ARM.Collect$$libshutdown$$00000000)
    __rt_lib_shutdown_cpp_1                  0x0800021f   Thumb Code     0  libshutdown2.o(.ARM.Collect$$libshutdown$$00000002)
    __rt_lib_shutdown_fp_trap_1              0x0800021f   Thumb Code     0  libshutdown2.o(.ARM.Collect$$libshutdown$$00000007)
    __rt_lib_shutdown_heap_1                 0x0800021f   Thumb Code     0  libshutdown2.o(.ARM.Collect$$libshutdown$$0000000F)
    __rt_lib_shutdown_return                 0x0800021f   Thumb Code     0  libshutdown2.o(.ARM.Collect$$libshutdown$$00000010)
    __rt_lib_shutdown_signal_1               0x0800021f   Thumb Code     0  libshutdown2.o(.ARM.Collect$$libshutdown$$0000000A)
    __rt_lib_shutdown_stdio_1                0x0800021f   Thumb Code     0  libshutdown2.o(.ARM.Collect$$libshutdown$$00000004)
    __rt_lib_shutdown_user_alloc_1           0x0800021f   Thumb Code     0  libshutdown2.o(.ARM.Collect$$libshutdown$$0000000C)
    __rt_entry                               0x08000221   Thumb Code     0  __rtentry.o(.ARM.Collect$$rtentry$$00000000)
    __rt_entry_presh_1                       0x08000221   Thumb Code     0  __rtentry2.o(.ARM.Collect$$rtentry$$00000002)
    __rt_entry_sh                            0x08000221   Thumb Code     0  __rtentry4.o(.ARM.Collect$$rtentry$$00000004)
    __rt_entry_li                            0x08000227   Thumb Code     0  __rtentry2.o(.ARM.Collect$$rtentry$$0000000A)
    __rt_entry_postsh_1                      0x08000227   Thumb Code     0  __rtentry2.o(.ARM.Collect$$rtentry$$00000009)
    __rt_entry_postli_1                      0x0800022b   Thumb Code     0  __rtentry2.o(.ARM.Collect$$rtentry$$0000000B)
    __rt_entry_main                          0x08000233   Thumb Code     0  __rtentry2.o(.ARM.Collect$$rtentry$$0000000D)
    __rt_exit                                0x0800023b   Thumb Code     0  rtexit.o(.ARM.Collect$$rtexit$$00000000)
    __rt_exit_ls                             0x0800023d   Thumb Code     0  rtexit2.o(.ARM.Collect$$rtexit$$00000003)
    __rt_exit_prels_1                        0x0800023d   Thumb Code     0  rtexit2.o(.ARM.Collect$$rtexit$$00000002)
    __rt_exit_exit                           0x08000241   Thumb Code     0  rtexit2.o(.ARM.Collect$$rtexit$$00000004)
    _platform_post_lib_init                  0x08000249   Thumb Code    24  rtx_conf_cm.o(.emb_text)
    rt_set_PSP                               0x08000265   Thumb Code     6  hal_cm3.o(.emb_text)
    rt_get_PSP                               0x0800026b   Thumb Code     6  hal_cm3.o(.emb_text)
    os_set_env                               0x08000271   Thumb Code    24  hal_cm3.o(.emb_text)
    _alloc_box                               0x0800028d   Thumb Code    28  hal_cm3.o(.emb_text)
    _free_box                                0x080002ad   Thumb Code    28  hal_cm3.o(.emb_text)
    SVC_Handler                              0x080002cd   Thumb Code   108  hal_cm3.o(.emb_text)
    PendSV_Handler                           0x08000345   Thumb Code    56  hal_cm3.o(.emb_text)
    SysTick_Handler                          0x08000381   Thumb Code     8  hal_cm3.o(.emb_text)
    OS_Tick_Handler                          0x08000389   Thumb Code    12  hal_cm3.o(.emb_text)
    Reset_Handler                            0x08000395   Thumb Code     8  startup_stm32f207xx.o(.text)
    NMI_Handler                              0x0800039d   Thumb Code     2  startup_stm32f207xx.o(.text)
    HardFault_Handler                        0x0800039f   Thumb Code     2  startup_stm32f207xx.o(.text)
    MemManage_Handler                        0x080003a1   Thumb Code     2  startup_stm32f207xx.o(.text)
    BusFault_Handler                         0x080003a3   Thumb Code     2  startup_stm32f207xx.o(.text)
    UsageFault_Handler                       0x080003a5   Thumb Code     2  startup_stm32f207xx.o(.text)
    DebugMon_Handler                         0x080003a9   Thumb Code     2  startup_stm32f207xx.o(.text)
    ADC_IRQHandler                           0x080003af   Thumb Code     0  startup_stm32f207xx.o(.text)
    CAN1_RX0_IRQHandler                      0x080003af   Thumb Code     0  startup_stm32f207xx.o(.text)
    CAN1_RX1_IRQHandler                      0x080003af   Thumb Code     0  startup_stm32f207xx.o(.text)
    CAN1_SCE_IRQHandler                      0x080003af   Thumb Code     0  startup_stm32f207xx.o(.text)
    CAN1_TX_IRQHandler                       0x080003af   Thumb Code     0  startup_stm32f207xx.o(.text)
    CAN2_RX0_IRQHandler                      0x080003af   Thumb Code     0  startup_stm32f207xx.o(.text)
    CAN2_RX1_IRQHandler                      0x080003af   Thumb Code     0  startup_stm32f207xx.o(.text)
    CAN2_SCE_IRQHandler                      0x080003af   Thumb Code     0  startup_stm32f207xx.o(.text)
    CAN2_TX_IRQHandler                       0x080003af   Thumb Code     0  startup_stm32f207xx.o(.text)
    DCMI_IRQHandler                          0x080003af   Thumb Code     0  startup_stm32f207xx.o(.text)
    DMA1_Stream0_IRQHandler                  0x080003af   Thumb Code     0  startup_stm32f207xx.o(.text)
    DMA1_Stream1_IRQHandler                  0x080003af   Thumb Code     0  startup_stm32f207xx.o(.text)
    DMA1_Stream2_IRQHandler                  0x080003af   Thumb Code     0  startup_stm32f207xx.o(.text)
    DMA1_Stream3_IRQHandler                  0x080003af   Thumb Code     0  startup_stm32f207xx.o(.text)
    DMA1_Stream4_IRQHandler                  0x080003af   Thumb Code     0  startup_stm32f207xx.o(.text)
    DMA1_Stream5_IRQHandler                  0x080003af   Thumb Code     0  startup_stm32f207xx.o(.text)
    DMA1_Stream6_IRQHandler                  0x080003af   Thumb Code     0  startup_stm32f207xx.o(.text)
    DMA1_Stream7_IRQHandler                  0x080003af   Thumb Code     0  startup_stm32f207xx.o(.text)
    DMA2_Stream0_IRQHandler                  0x080003af   Thumb Code     0  startup_stm32f207xx.o(.text)
    DMA2_Stream1_IRQHandler                  0x080003af   Thumb Code     0  startup_stm32f207xx.o(.text)
    DMA2_Stream2_IRQHandler                  0x080003af   Thumb Code     0  startup_stm32f207xx.o(.text)
    DMA2_Stream3_IRQHandler                  0x080003af   Thumb Code     0  startup_stm32f207xx.o(.text)
    DMA2_Stream4_IRQHandler                  0x080003af   Thumb Code     0  startup_stm32f207xx.o(.text)
    DMA2_Stream5_IRQHandler                  0x080003af   Thumb Code     0  startup_stm32f207xx.o(.text)
    DMA2_Stream6_IRQHandler                  0x080003af   Thumb Code     0  startup_stm32f207xx.o(.text)
    DMA2_Stream7_IRQHandler                  0x080003af   Thumb Code     0  startup_stm32f207xx.o(.text)
    ETH_IRQHandler                           0x080003af   Thumb Code     0  startup_stm32f207xx.o(.text)
    ETH_WKUP_IRQHandler                      0x080003af   Thumb Code     0  startup_stm32f207xx.o(.text)
    EXTI0_IRQHandler                         0x080003af   Thumb Code     0  startup_stm32f207xx.o(.text)
    EXTI15_10_IRQHandler                     0x080003af   Thumb Code     0  startup_stm32f207xx.o(.text)
    EXTI1_IRQHandler                         0x080003af   Thumb Code     0  startup_stm32f207xx.o(.text)
    EXTI2_IRQHandler                         0x080003af   Thumb Code     0  startup_stm32f207xx.o(.text)
    EXTI3_IRQHandler                         0x080003af   Thumb Code     0  startup_stm32f207xx.o(.text)
    EXTI4_IRQHandler                         0x080003af   Thumb Code     0  startup_stm32f207xx.o(.text)
    EXTI9_5_IRQHandler                       0x080003af   Thumb Code     0  startup_stm32f207xx.o(.text)
    FLASH_IRQHandler                         0x080003af   Thumb Code     0  startup_stm32f207xx.o(.text)
    FSMC_IRQHandler                          0x080003af   Thumb Code     0  startup_stm32f207xx.o(.text)
    HASH_RNG_IRQHandler                      0x080003af   Thumb Code     0  startup_stm32f207xx.o(.text)
    I2C1_ER_IRQHandler                       0x080003af   Thumb Code     0  startup_stm32f207xx.o(.text)
    I2C1_EV_IRQHandler                       0x080003af   Thumb Code     0  startup_stm32f207xx.o(.text)
    I2C2_ER_IRQHandler                       0x080003af   Thumb Code     0  startup_stm32f207xx.o(.text)
    I2C2_EV_IRQHandler                       0x080003af   Thumb Code     0  startup_stm32f207xx.o(.text)
    I2C3_ER_IRQHandler                       0x080003af   Thumb Code     0  startup_stm32f207xx.o(.text)
    I2C3_EV_IRQHandler                       0x080003af   Thumb Code     0  startup_stm32f207xx.o(.text)
    OTG_FS_IRQHandler                        0x080003af   Thumb Code     0  startup_stm32f207xx.o(.text)
    OTG_FS_WKUP_IRQHandler                   0x080003af   Thumb Code     0  startup_stm32f207xx.o(.text)
    OTG_HS_EP1_IN_IRQHandler                 0x080003af   Thumb Code     0  startup_stm32f207xx.o(.text)
    OTG_HS_EP1_OUT_IRQHandler                0x080003af   Thumb Code     0  startup_stm32f207xx.o(.text)
    OTG_HS_IRQHandler                        0x080003af   Thumb Code     0  startup_stm32f207xx.o(.text)
    OTG_HS_WKUP_IRQHandler                   0x080003af   Thumb Code     0  startup_stm32f207xx.o(.text)
    PVD_IRQHandler                           0x080003af   Thumb Code     0  startup_stm32f207xx.o(.text)
    RCC_IRQHandler                           0x080003af   Thumb Code     0  startup_stm32f207xx.o(.text)
    RTC_Alarm_IRQHandler                     0x080003af   Thumb Code     0  startup_stm32f207xx.o(.text)
    RTC_WKUP_IRQHandler                      0x080003af   Thumb Code     0  startup_stm32f207xx.o(.text)
    SDIO_IRQHandler                          0x080003af   Thumb Code     0  startup_stm32f207xx.o(.text)
    SPI1_IRQHandler                          0x080003af   Thumb Code     0  startup_stm32f207xx.o(.text)
    SPI2_IRQHandler                          0x080003af   Thumb Code     0  startup_stm32f207xx.o(.text)
    SPI3_IRQHandler                          0x080003af   Thumb Code     0  startup_stm32f207xx.o(.text)
    TAMP_STAMP_IRQHandler                    0x080003af   Thumb Code     0  startup_stm32f207xx.o(.text)
    TIM1_BRK_TIM9_IRQHandler                 0x080003af   Thumb Code     0  startup_stm32f207xx.o(.text)
    TIM1_CC_IRQHandler                       0x080003af   Thumb Code     0  startup_stm32f207xx.o(.text)
    TIM1_TRG_COM_TIM11_IRQHandler            0x080003af   Thumb Code     0  startup_stm32f207xx.o(.text)
    TIM1_UP_TIM10_IRQHandler                 0x080003af   Thumb Code     0  startup_stm32f207xx.o(.text)
    TIM2_IRQHandler                          0x080003af   Thumb Code     0  startup_stm32f207xx.o(.text)
    TIM3_IRQHandler                          0x080003af   Thumb Code     0  startup_stm32f207xx.o(.text)
    TIM4_IRQHandler                          0x080003af   Thumb Code     0  startup_stm32f207xx.o(.text)
    TIM5_IRQHandler                          0x080003af   Thumb Code     0  startup_stm32f207xx.o(.text)
    TIM7_IRQHandler                          0x080003af   Thumb Code     0  startup_stm32f207xx.o(.text)
    TIM8_BRK_TIM12_IRQHandler                0x080003af   Thumb Code     0  startup_stm32f207xx.o(.text)
    TIM8_CC_IRQHandler                       0x080003af   Thumb Code     0  startup_stm32f207xx.o(.text)
    TIM8_TRG_COM_TIM14_IRQHandler            0x080003af   Thumb Code     0  startup_stm32f207xx.o(.text)
    TIM8_UP_TIM13_IRQHandler                 0x080003af   Thumb Code     0  startup_stm32f207xx.o(.text)
    UART4_IRQHandler                         0x080003af   Thumb Code     0  startup_stm32f207xx.o(.text)
    UART5_IRQHandler                         0x080003af   Thumb Code     0  startup_stm32f207xx.o(.text)
    USART2_IRQHandler                        0x080003af   Thumb Code     0  startup_stm32f207xx.o(.text)
    USART3_IRQHandler                        0x080003af   Thumb Code     0  startup_stm32f207xx.o(.text)
    USART6_IRQHandler                        0x080003af   Thumb Code     0  startup_stm32f207xx.o(.text)
    WWDG_IRQHandler                          0x080003af   Thumb Code     0  startup_stm32f207xx.o(.text)
    __user_initial_stackheap                 0x080003b1   Thumb Code     0  startup_stm32f207xx.o(.text)
    __user_libspace                          0x080003d5   Thumb Code     8  libspace.o(.text)
    __user_perproc_libspace                  0x080003d5   Thumb Code     0  libspace.o(.text)
    __2sprintf                               0x080003dd   Thumb Code    34  noretval__2sprintf.o(.text)
    __printf                                 0x08000405   Thumb Code   104  __printf.o(.text)
    _printf_str                              0x0800046d   Thumb Code    82  _printf_str.o(.text)
    exit                                     0x080004bf   Thumb Code    18  exit.o(.text)
    strlen                                   0x080004d1   Thumb Code    62  strlen.o(.text)
    strncmp                                  0x0800050f   Thumb Code   150  strncmp.o(.text)
    __aeabi_memclr                           0x080005a5   Thumb Code     0  rt_memclr.o(.text)
    __rt_memclr                              0x080005a5   Thumb Code    68  rt_memclr.o(.text)
    _memset                                  0x080005a9   Thumb Code     0  rt_memclr.o(.text)
    __aeabi_memclr4                          0x080005e9   Thumb Code     0  rt_memclr_w.o(.text)
    __aeabi_memclr8                          0x080005e9   Thumb Code     0  rt_memclr_w.o(.text)
    __rt_memclr_w                            0x080005e9   Thumb Code    78  rt_memclr_w.o(.text)
    _memset_w                                0x080005ed   Thumb Code     0  rt_memclr_w.o(.text)
    strncpy                                  0x08000637   Thumb Code    86  strncpy.o(.text)
    strcmp                                   0x0800068d   Thumb Code   128  strcmpv7m.o(.text)
    __use_two_region_memory                  0x0800070d   Thumb Code     2  heapauxi.o(.text)
    __rt_heap_escrow$2region                 0x0800070f   Thumb Code     2  heapauxi.o(.text)
    __rt_heap_expand$2region                 0x08000711   Thumb Code     2  heapauxi.o(.text)
    __read_errno                             0x08000713   Thumb Code    10  _rserrno.o(.text)
    __set_errno                              0x0800071d   Thumb Code    12  _rserrno.o(.text)
    __lib_sel_fp_printf                      0x08000729   Thumb Code     2  _printf_fp_dec.o(.text)
    _printf_fp_dec_real                      0x080008d7   Thumb Code   620  _printf_fp_dec.o(.text)
    _printf_char_common                      0x08000b4f   Thumb Code    32  _printf_char_common.o(.text)
    _sputc                                   0x08000b75   Thumb Code    10  _sputc.o(.text)
    _printf_cs_common                        0x08000b7f   Thumb Code    20  _printf_char.o(.text)
    _printf_char                             0x08000b93   Thumb Code    16  _printf_char.o(.text)
    _printf_string                           0x08000ba3   Thumb Code     8  _printf_char.o(.text)
    __rt_locale                              0x08000bab   Thumb Code    10  rt_locale_twolibspace.o(.text)
    __aeabi_errno_addr                       0x08000bb5   Thumb Code     4  rt_errno_addr_twolibspace.o(.text)
    __errno$twolibspace                      0x08000bb5   Thumb Code     0  rt_errno_addr_twolibspace.o(.text)
    __rt_errno_addr$twolibspace              0x08000bb5   Thumb Code     0  rt_errno_addr_twolibspace.o(.text)
    _ll_udiv10                               0x08000bb9   Thumb Code   138  lludiv10.o(.text)
    _printf_fp_infnan                        0x08000c45   Thumb Code   112  _printf_fp_infnan.o(.text)
    _btod_etento                             0x08000cc5   Thumb Code   216  bigflt0.o(.text)
    _sys_exit                                0x08000da1   Thumb Code     8  sys_exit.o(.text)
    __user_setup_stackheap                   0x08000dad   Thumb Code    74  sys_stackheap_outer.o(.text)
    __I$use$semihosting                      0x08000df7   Thumb Code     0  use_no_semi.o(.text)
    __use_no_semihosting_swi                 0x08000df7   Thumb Code     2  use_no_semi.o(.text)
    __semihosting_library_function           0x08000df9   Thumb Code     0  indicate_semi.o(.text)
    _btod_d2e                                0x08000df9   Thumb Code    62  btod.o(CL$$btod_d2e)
    _d2e_denorm_low                          0x08000e37   Thumb Code    70  btod.o(CL$$btod_d2e_denorm_low)
    _d2e_norm_op1                            0x08000e7d   Thumb Code    96  btod.o(CL$$btod_d2e_norm_op1)
    __btod_div_common                        0x08000edd   Thumb Code   696  btod.o(CL$$btod_div_common)
    _e2e                                     0x08001215   Thumb Code   198  btod.o(CL$$btod_e2e)
    _btod_ediv                               0x080012db   Thumb Code    40  btod.o(CL$$btod_ediv)
    _btod_emul                               0x08001303   Thumb Code    40  btod.o(CL$$btod_emul)
    __btod_mult_common                       0x0800132b   Thumb Code   580  btod.o(CL$$btod_mult_common)
    SVC_Count                                0x08001570   Data           4  svc_table.o(SVC_TABLE)
    SVC_Table                                0x08001574   Data           0  svc_table.o(SVC_TABLE)
    HAL_DMA_Abort                            0x080016f9   Thumb Code   172  stm32f2xx_hal_dma.o(i.HAL_DMA_Abort)
    HAL_GPIO_DeInit                          0x080017a5   Thumb Code   302  stm32f2xx_hal_gpio.o(i.HAL_GPIO_DeInit)
    HAL_GPIO_Init                            0x08001901   Thumb Code   458  stm32f2xx_hal_gpio.o(i.HAL_GPIO_Init)
    HAL_GPIO_ReadPin                         0x08001afd   Thumb Code    16  stm32f2xx_hal_gpio.o(i.HAL_GPIO_ReadPin)
    HAL_GPIO_WritePin                        0x08001b0d   Thumb Code    12  stm32f2xx_hal_gpio.o(i.HAL_GPIO_WritePin)
    HAL_GetTick                              0x08001b19   Thumb Code     6  stm32f2xx_hal.o(i.HAL_GetTick)
    HAL_NVIC_DisableIRQ                      0x08001b25   Thumb Code    62  stm32f2xx_hal_cortex.o(i.HAL_NVIC_DisableIRQ)
    HAL_RCC_GetHCLKFreq                      0x08001b69   Thumb Code     6  stm32f2xx_hal_rcc.o(i.HAL_RCC_GetHCLKFreq)
    HAL_RCC_GetPCLK2Freq                     0x08001b75   Thumb Code    36  stm32f2xx_hal_rcc.o(i.HAL_RCC_GetPCLK2Freq)
    Init_USART1                              0x08001ba1   Thumb Code    62  main.o(i.Init_USART1)
    LED_Initialize                           0x08001bed   Thumb Code   178  led_mcbstm32f200.o(i.LED_Initialize)
    LED_Off                                  0x08001cb1   Thumb Code    40  led_mcbstm32f200.o(i.LED_Off)
    LED_On                                   0x08001cdd   Thumb Code    40  led_mcbstm32f200.o(i.LED_On)
    Sound_Init                               0x08001d09   Thumb Code   162  main.o(i.Sound_Init)
    SystemInit                               0x08001dc5   Thumb Code     2  system_stm32f2xx.o(i.SystemInit)
    TIM6_DAC_IRQHandler                      0x08001dc9   Thumb Code    56  main.o(i.TIM6_DAC_IRQHandler)
    USART1_Callback                          0x08001e0d   Thumb Code    82  main.o(i.USART1_Callback)
    USART1_IRQHandler                        0x08001edd   Thumb Code    10  usart_stm32f2xx.o(i.USART1_IRQHandler)
    USART_IRQHandler                         0x080029e3   Thumb Code   626  usart_stm32f2xx.o(i.USART_IRQHandler)
    __ARM_fpclassify                         0x08003381   Thumb Code    40  fpclassify.o(i.__ARM_fpclassify)
    __ieee754_rem_pio2                       0x080033a9   Thumb Code   828  rred.o(i.__ieee754_rem_pio2)
    __kernel_cos                             0x08003731   Thumb Code   230  cos_i.o(i.__kernel_cos)
    __kernel_poly                            0x0800382d   Thumb Code   170  poly.o(i.__kernel_poly)
    __kernel_sin                             0x080038d9   Thumb Code   224  sin_i.o(i.__kernel_sin)
    __mathlib_dbl_infnan                     0x080039c5   Thumb Code     6  dunder.o(i.__mathlib_dbl_infnan)
    __mathlib_dbl_invalid                    0x080039cb   Thumb Code    12  dunder.o(i.__mathlib_dbl_invalid)
    __mathlib_dbl_underflow                  0x080039d9   Thumb Code    10  dunder.o(i.__mathlib_dbl_underflow)
    __user_perthread_libspace                0x080039e9   Thumb Code    32  rtx_conf_cm.o(i.__user_perthread_libspace)
    _init_box                                0x08003a15   Thumb Code    70  rt_membox.o(i._init_box)
    _mutex_acquire                           0x08003a5d   Thumb Code    22  rtx_conf_cm.o(i._mutex_acquire)
    _mutex_release                           0x08003a7d   Thumb Code    18  rtx_conf_cm.o(i._mutex_release)
    app_main                                 0x08003a99   Thumb Code   230  main.o(i.app_main)
    dbg_init                                 0x08003bc5   Thumb Code    34  hal_cm.o(i.dbg_init)
    dbg_task_notify                          0x08003bf5   Thumb Code    32  hal_cm.o(i.dbg_task_notify)
    dbg_task_switch                          0x08003c15   Thumb Code    16  hal_cm.o(i.dbg_task_switch)
    generateSine                             0x08003c25   Thumb Code    70  main.o(i.generateSine)
    generateSineTable                        0x08003c79   Thumb Code   108  main.o(i.generateSineTable)
    get_note_step_from_string                0x08003cf1   Thumb Code   178  main.o(i.get_note_step_from_string)
    isrMessageGet                            0x08003e01   Thumb Code    42  rt_cmsis.o(i.isrMessageGet)
    isrMessagePut                            0x08003e2b   Thumb Code    44  rt_cmsis.o(i.isrMessagePut)
    isrSemaphoreRelease                      0x08003e57   Thumb Code    40  rt_cmsis.o(i.isrSemaphoreRelease)
    isr_mbx_receive                          0x08003e81   Thumb Code    86  rt_mailbox.o(i.isr_mbx_receive)
    isr_mbx_send                             0x08003ed7   Thumb Code    14  rt_mailbox.o(i.isr_mbx_send)
    isr_sem_send                             0x08003ee5   Thumb Code    16  rt_semaphore.o(i.isr_sem_send)
    main                                     0x08003ef5   Thumb Code    44  main.o(i.main)
    osKernelInitialize                       0x08003f2d   Thumb Code    30  rt_cmsis.o(i.osKernelInitialize)
    osKernelStart                            0x08003f51   Thumb Code    98  rt_cmsis.o(i.osKernelStart)
    osMessageGet                             0x08003fbd   Thumb Code    18  rt_cmsis.o(i.osMessageGet)
    osSemaphoreCreate                        0x08003fd5   Thumb Code    36  rt_cmsis.o(i.osSemaphoreCreate)
    osSemaphoreRelease                       0x08004001   Thumb Code    18  rt_cmsis.o(i.osSemaphoreRelease)
    osSemaphoreWait                          0x08004019   Thumb Code    20  rt_cmsis.o(i.osSemaphoreWait)
    osThreadCreate                           0x08004031   Thumb Code    36  rt_cmsis.o(i.osThreadCreate)
    osThreadExit                             0x0800405d   Thumb Code    14  rt_cmsis.o(i.osThreadExit)
    osTimerCall                              0x08004075   Thumb Code     8  rt_cmsis.o(i.osTimerCall)
    osTimerThread                            0x08004081   Thumb Code    38  rt_cmsis.o(i.osTimerThread)
    os_error                                 0x080040ad   Thumb Code    34  rtx_conf_cm.o(i.os_error)
    os_idle_demon                            0x080040cf   Thumb Code     4  rtx_conf_cm.o(i.os_idle_demon)
    os_tick_init                             0x080040d5   Thumb Code    32  rt_system.o(i.os_tick_init)
    os_tick_irqack                           0x080040fd   Thumb Code     2  rt_system.o(i.os_tick_irqack)
    rt_alloc_box                             0x080040ff   Thumb Code    26  rt_membox.o(i.rt_alloc_box)
    rt_alloc_mem                             0x08004119   Thumb Code    62  rt_memory.o(i.rt_alloc_mem)
    rt_block                                 0x08004159   Thumb Code    48  rt_task.o(i.rt_block)
    rt_chk_robin                             0x08004191   Thumb Code    60  rt_robin.o(i.rt_chk_robin)
    rt_dec_dly                               0x080041d9   Thumb Code   102  rt_list.o(i.rt_dec_dly)
    rt_dispatch                              0x08004249   Thumb Code    60  rt_task.o(i.rt_dispatch)
    rt_evt_psh                               0x0800428d   Thumb Code    76  rt_event.o(i.rt_evt_psh)
    rt_free_box                              0x080042dd   Thumb Code    44  rt_membox.o(i.rt_free_box)
    rt_free_mem                              0x08004309   Thumb Code    40  rt_memory.o(i.rt_free_mem)
    rt_get_first                             0x08004331   Thumb Code    40  rt_list.o(i.rt_get_first)
    rt_init_mem                              0x080043a9   Thumb Code    26  rt_memory.o(i.rt_init_mem)
    rt_init_robin                            0x080043c5   Thumb Code    14  rt_robin.o(i.rt_init_robin)
    rt_init_stack                            0x080043dd   Thumb Code   118  hal_cm.o(i.rt_init_stack)
    rt_mbx_check                             0x0800445d   Thumb Code     8  rt_mailbox.o(i.rt_mbx_check)
    rt_mbx_init                              0x08004465   Thumb Code    26  rt_mailbox.o(i.rt_mbx_init)
    rt_mbx_psh                               0x08004481   Thumb Code   236  rt_mailbox.o(i.rt_mbx_psh)
    rt_mbx_wait                              0x08004571   Thumb Code   174  rt_mailbox.o(i.rt_mbx_wait)
    rt_mut_release                           0x08004669   Thumb Code   208  rt_mutex.o(i.rt_mut_release)
    rt_mut_wait                              0x08004741   Thumb Code   114  rt_mutex.o(i.rt_mut_wait)
    rt_pop_req                               0x080047b9   Thumb Code   112  rt_system.o(i.rt_pop_req)
    rt_psh_req                               0x08004835   Thumb Code    22  rt_system.o(i.rt_psh_req)
    rt_psq_enq                               0x08004855   Thumb Code    88  rt_list.o(i.rt_psq_enq)
    rt_put_dly                               0x080048b1   Thumb Code    68  rt_list.o(i.rt_put_dly)
    rt_put_prio                              0x080048f9   Thumb Code    54  rt_list.o(i.rt_put_prio)
    rt_put_rdy_first                         0x08004931   Thumb Code    14  rt_list.o(i.rt_put_rdy_first)
    rt_resort_prio                           0x08004945   Thumb Code    46  rt_list.o(i.rt_resort_prio)
    rt_ret_val                               0x08004979   Thumb Code     6  hal_cm.o(i.rt_ret_val)
    rt_ret_val2                              0x0800497f   Thumb Code     8  hal_cm.o(i.rt_ret_val2)
    rt_rmv_dly                               0x08004987   Thumb Code    40  rt_list.o(i.rt_rmv_dly)
    rt_rmv_list                              0x080049b1   Thumb Code    44  rt_list.o(i.rt_rmv_list)
    rt_sem_init                              0x080049e1   Thumb Code    12  rt_semaphore.o(i.rt_sem_init)
    rt_sem_psh                               0x080049ed   Thumb Code    48  rt_semaphore.o(i.rt_sem_psh)
    rt_sem_send                              0x08004a21   Thumb Code    42  rt_semaphore.o(i.rt_sem_send)
    rt_sem_wait                              0x08004a4d   Thumb Code    58  rt_semaphore.o(i.rt_sem_wait)
    rt_stk_check                             0x08004a8d   Thumb Code    28  rt_system.o(i.rt_stk_check)
    rt_switch_req                            0x08004ab1   Thumb Code    30  rt_task.o(i.rt_switch_req)
    rt_sys_init                              0x08004ad9   Thumb Code   138  rt_task.o(i.rt_sys_init)
    rt_sys_start                             0x08004ba5   Thumb Code   110  rt_task.o(i.rt_sys_start)
    rt_systick                               0x08004c1d   Thumb Code    50  rt_system.o(i.rt_systick)
    rt_tsk_create                            0x08004ca5   Thumb Code   118  rt_task.o(i.rt_tsk_create)
    rt_tsk_delete                            0x08004d2d   Thumb Code   352  rt_task.o(i.rt_tsk_delete)
    rt_tsk_prio                              0x08004ea9   Thumb Code   108  rt_task.o(i.rt_tsk_prio)
    rt_tsk_self                              0x08004f25   Thumb Code    12  rt_task.o(i.rt_tsk_self)
    sin                                      0x08004f35   Thumb Code   150  sin.o(i.sin)
    svcKernelInitialize                      0x08004fd5   Thumb Code    80  rt_cmsis.o(i.svcKernelInitialize)
    svcKernelStart                           0x08005045   Thumb Code    62  rt_cmsis.o(i.svcKernelStart)
    svcMessageCreate                         0x0800508d   Thumb Code    36  rt_cmsis.o(i.svcMessageCreate)
    svcMessageGet                            0x080050b1   Thumb Code    58  rt_cmsis.o(i.svcMessageGet)
    svcSemaphoreCreate                       0x080050eb   Thumb Code    36  rt_cmsis.o(i.svcSemaphoreCreate)
    svcSemaphoreRelease                      0x0800510f   Thumb Code    40  rt_cmsis.o(i.svcSemaphoreRelease)
    svcSemaphoreWait                         0x08005137   Thumb Code    50  rt_cmsis.o(i.svcSemaphoreWait)
    svcThreadCreate                          0x08005169   Thumb Code    96  rt_cmsis.o(i.svcThreadCreate)
    svcThreadGetId                           0x080051d5   Thumb Code    22  rt_cmsis.o(i.svcThreadGetId)
    svcThreadTerminate                       0x080051f1   Thumb Code    50  rt_cmsis.o(i.svcThreadTerminate)
    svcTimerCall                             0x08005229   Thumb Code    24  rt_cmsis.o(i.svcTimerCall)
    sysTimerTick                             0x08005241   Thumb Code    84  rt_cmsis.o(i.sysTimerTick)
    _get_lc_numeric                          0x0800529d   Thumb Code    44  lc_numeric_c.o(locale$$code)
    __aeabi_dadd                             0x080052c9   Thumb Code     0  daddsub_clz.o(x$fpl$dadd)
    _dadd                                    0x080052c9   Thumb Code   332  daddsub_clz.o(x$fpl$dadd)
    __fpl_dcheck_NaN1                        0x08005419   Thumb Code    10  dcheck1.o(x$fpl$dcheck1)
    __aeabi_ddiv                             0x08005429   Thumb Code     0  ddiv.o(x$fpl$ddiv)
    _ddiv                                    0x08005429   Thumb Code   552  ddiv.o(x$fpl$ddiv)
    __aeabi_d2iz                             0x080056d9   Thumb Code     0  dfix.o(x$fpl$dfix)
    _dfix                                    0x080056d9   Thumb Code    94  dfix.o(x$fpl$dfix)
    __aeabi_d2uiz                            0x08005739   Thumb Code     0  dfixu.o(x$fpl$dfixu)
    _dfixu                                   0x08005739   Thumb Code    90  dfixu.o(x$fpl$dfixu)
    __aeabi_i2d                              0x08005793   Thumb Code     0  dflt_clz.o(x$fpl$dflt)
    _dflt                                    0x08005793   Thumb Code    46  dflt_clz.o(x$fpl$dflt)
    __aeabi_ui2d                             0x080057c1   Thumb Code     0  dflt_clz.o(x$fpl$dfltu)
    _dfltu                                   0x080057c1   Thumb Code    38  dflt_clz.o(x$fpl$dfltu)
    __aeabi_dmul                             0x080057e9   Thumb Code     0  dmul.o(x$fpl$dmul)
    _dmul                                    0x080057e9   Thumb Code   332  dmul.o(x$fpl$dmul)
    __fpl_dnaninf                            0x0800593d   Thumb Code   156  dnaninf.o(x$fpl$dnaninf)
    __fpl_dretinf                            0x080059d9   Thumb Code    12  dretinf.o(x$fpl$dretinf)
    __aeabi_drsub                            0x080059e5   Thumb Code     0  daddsub_clz.o(x$fpl$drsb)
    _drsb                                    0x080059e5   Thumb Code    22  daddsub_clz.o(x$fpl$drsb)
    __aeabi_dsub                             0x080059fd   Thumb Code     0  daddsub_clz.o(x$fpl$dsub)
    _dsub                                    0x080059fd   Thumb Code   464  daddsub_clz.o(x$fpl$dsub)
    __aeabi_f2d                              0x08005bd1   Thumb Code     0  f2d.o(x$fpl$f2d)
    _f2d                                     0x08005bd1   Thumb Code    86  f2d.o(x$fpl$f2d)
    __aeabi_fadd                             0x08005c29   Thumb Code     0  faddsub_clz.o(x$fpl$fadd)
    _fadd                                    0x08005c29   Thumb Code   196  faddsub_clz.o(x$fpl$fadd)
    __fpl_fcmp_Inf                           0x08005ced   Thumb Code    24  fcmpi.o(x$fpl$fcmpinf)
    __aeabi_fdiv                             0x08005d05   Thumb Code     0  fdiv.o(x$fpl$fdiv)
    _fdiv                                    0x08005d05   Thumb Code   384  fdiv.o(x$fpl$fdiv)
    __aeabi_f2iz                             0x08005e89   Thumb Code     0  ffix.o(x$fpl$ffix)
    _ffix                                    0x08005e89   Thumb Code    54  ffix.o(x$fpl$ffix)
    __aeabi_i2f                              0x08005ec1   Thumb Code     0  fflt_clz.o(x$fpl$fflt)
    _fflt                                    0x08005ec1   Thumb Code    48  fflt_clz.o(x$fpl$fflt)
    __aeabi_cfcmple                          0x08005ef1   Thumb Code     0  fleqf.o(x$fpl$fleqf)
    _fcmple                                  0x08005ef1   Thumb Code   104  fleqf.o(x$fpl$fleqf)
    __fpl_fcmple_InfNaN                      0x08005f43   Thumb Code     0  fleqf.o(x$fpl$fleqf)
    __aeabi_fmul                             0x08005f59   Thumb Code     0  fmul.o(x$fpl$fmul)
    _fmul                                    0x08005f59   Thumb Code   258  fmul.o(x$fpl$fmul)
    __fpl_fnaninf                            0x0800605b   Thumb Code   140  fnaninf.o(x$fpl$fnaninf)
    __fpl_fretinf                            0x080060e7   Thumb Code    10  fretinf.o(x$fpl$fretinf)
    __aeabi_cfrcmple                         0x080060f1   Thumb Code     0  frleqf.o(x$fpl$frleqf)
    _frcmple                                 0x080060f1   Thumb Code    98  frleqf.o(x$fpl$frleqf)
    __aeabi_fsub                             0x08006155   Thumb Code     0  faddsub_clz.o(x$fpl$fsub)
    _fsub                                    0x08006155   Thumb Code   234  faddsub_clz.o(x$fpl$fsub)
    _printf_fp_dec                           0x0800623f   Thumb Code     4  printf1.o(x$fpl$printf1)
    __fpl_return_NaN                         0x08006243   Thumb Code   100  retnan.o(x$fpl$retnan)
    __ARM_scalbn                             0x080062a7   Thumb Code    92  scalbn.o(x$fpl$scalbn)
    __fpl_cmpreturn                          0x08006303   Thumb Code    48  trapv.o(x$fpl$trapveneer)
    __I$use$fp                               0x08006332   Number         0  usenofp.o(x$fpl$usenofp)
    os_thread_def_app_main                   0x08006334   Data          16  main.o(.constdata)
    os_semaphore_def_rx_semaphore            0x08006344   Data           4  main.o(.constdata)
    os_maxtaskrun                            0x08006388   Data           2  rtx_conf_cm.o(.constdata)
    os_stackinfo                             0x0800638c   Data           4  rtx_conf_cm.o(.constdata)
    os_rrobin                                0x08006390   Data           4  rtx_conf_cm.o(.constdata)
    os_tickfreq                              0x08006394   Data           4  rtx_conf_cm.o(.constdata)
    os_tickus_i                              0x08006398   Data           2  rtx_conf_cm.o(.constdata)
    os_tickus_f                              0x0800639a   Data           2  rtx_conf_cm.o(.constdata)
    os_trv                                   0x0800639c   Data           4  rtx_conf_cm.o(.constdata)
    os_flags                                 0x080063a0   Data           1  rtx_conf_cm.o(.constdata)
    CMSIS_RTOS_API_Version                   0x080063a4   Data           4  rtx_conf_cm.o(.constdata)
    CMSIS_RTOS_RTX_Version                   0x080063a8   Data           4  rtx_conf_cm.o(.constdata)
    os_clockrate                             0x080063ac   Data           4  rtx_conf_cm.o(.constdata)
    os_timernum                              0x080063b0   Data           4  rtx_conf_cm.o(.constdata)
    mp_tcb_size                              0x080063b4   Data           2  rtx_conf_cm.o(.constdata)
    mp_stk_size                              0x080063b8   Data           4  rtx_conf_cm.o(.constdata)
    os_stack_sz                              0x080063bc   Data           4  rtx_conf_cm.o(.constdata)
    os_fifo_size                             0x080063c0   Data           1  rtx_conf_cm.o(.constdata)
    os_thread_def_osTimerThread              0x080063c4   Data          16  rtx_conf_cm.o(.constdata)
    os_messageQ_def_osTimerMessageQ          0x080063d4   Data           8  rtx_conf_cm.o(.constdata)
    mp_tmr_size                              0x080063dc   Data           2  rtx_conf_cm.o(.constdata)
    os_thread_def_main                       0x080063e0   Data          16  rtx_conf_cm.o(.constdata)
    Driver_USART1                            0x08006440   Data          56  usart_stm32f2xx.o(.constdata)
    AHBPrescTable                            0x08006478   Data          16  system_stm32f2xx.o(.constdata)
    APBPrescTable                            0x08006488   Data           8  system_stm32f2xx.o(.constdata)
    Region$$Table$$Base                      0x08006644   Number         0  anon$$obj.o(Region$$Table)
    Region$$Table$$Limit                     0x08006664   Number         0  anon$$obj.o(Region$$Table)
    sine_index                               0x20000000   Data           4  main.o(.data)
    g_current_note_step                      0x20000004   Data           4  main.o(.data)
    note_step                                0x20000008   Data           4  main.o(.data)
    os_semaphore_cb_rx_semaphore             0x2000000c   Data           8  main.o(.data)
    rx_semaphore_id                          0x20000014   Data           4  main.o(.data)
    rx_char                                  0x20000018   Data           1  main.o(.data)
    rx_buffer_idx                            0x2000001c   Data           4  main.o(.data)
    osThreadId_osTimerThread                 0x20000020   Data           4  rtx_conf_cm.o(.data)
    osMessageQId_osTimerMessageQ             0x20000024   Data           4  rtx_conf_cm.o(.data)
    os_tmr                                   0x20000028   Data           4  rtx_conf_cm.o(.data)
    m_tmr                                    0x2000002c   Data           4  rtx_conf_cm.o(.data)
    uwTick                                   0x20000034   Data           4  stm32f2xx_hal.o(.data)
    uwTickPrio                               0x20000038   Data           4  stm32f2xx_hal.o(.data)
    uwTickFreq                               0x2000003c   Data           1  stm32f2xx_hal.o(.data)
    SystemCoreClock                          0x20000040   Data           4  system_stm32f2xx.o(.data)
    os_initialized                           0x20000044   Data           1  rt_cmsis.o(.data)
    os_running                               0x20000045   Data           1  rt_cmsis.o(.data)
    os_timer_head                            0x20000048   Data           4  rt_cmsis.o(.data)
    os_tsk                                   0x2000004c   Data           8  rt_task.o(.data)
    os_tick_irqn                             0x20000058   Data           4  rt_system.o(.data)
    os_time                                  0x2000005c   Data           4  rt_time.o(.data)
    os_robin                                 0x20000060   Data           8  rt_robin.o(.data)
    dbg_msg                                  0x20000068   Data           1  hal_cm.o(.data)
    sine_table                               0x2000006c   Data        2048  main.o(.bss)
    rx_buffer                                0x2000086c   Data          32  main.o(.bss)
    mp_tcb                                   0x20000890   Data         376  rtx_conf_cm.o(.bss)
    mp_stk                                   0x20000a08   Data        6160  rtx_conf_cm.o(.bss)
    os_stack_mem                             0x20002218   Data        1256  rtx_conf_cm.o(.bss)
    os_fifo                                  0x20002700   Data         132  rtx_conf_cm.o(.bss)
    os_active_TCB                            0x20002784   Data          28  rtx_conf_cm.o(.bss)
    os_messageQ_q_osTimerMessageQ            0x200027a0   Data          32  rtx_conf_cm.o(.bss)
    os_idle_TCB                              0x20002b18   Data          52  rt_task.o(.bss)
    os_rdy                                   0x20002b4c   Data          24  rt_list.o(.bss)
    os_dly                                   0x20002b64   Data          24  rt_list.o(.bss)
    __libspace_start                         0x20002b7c   Data          96  libspace.o(.bss)
    __temporary_stack_top$libspace           0x20002bdc   Data           0  libspace.o(.bss)



==============================================================================

Memory Map of the image

  Image Entry point : 0x08000185

  Load Region LR_IROM1 (Base: 0x08000000, Size: 0x000066ec, Max: 0x00100000, ABSOLUTE)

    Execution Region ER_IROM1 (Base: 0x08000000, Size: 0x00006680, Max: 0x00100000, ABSOLUTE)

    Base Addr    Size         Type   Attr      Idx    E Section Name        Object

    0x08000000   0x00000184   Data   RO         3391    RESET               startup_stm32f207xx.o
    0x08000184   0x00000008   Code   RO         4698  * !!!main             c_w.l(__main.o)
    0x0800018c   0x00000034   Code   RO         5035    !!!scatter          c_w.l(__scatter.o)
    0x080001c0   0x0000001a   Code   RO         5037    !!handler_copy      c_w.l(__scatter_copy.o)
    0x080001da   0x00000002   PAD
    0x080001dc   0x0000001c   Code   RO         5039    !!handler_zi        c_w.l(__scatter_zi.o)
    0x080001f8   0x00000000   Code   RO         4681    .ARM.Collect$$_printf_percent$$00000000  c_w.l(_printf_percent.o)
    0x080001f8   0x00000006   Code   RO         4680    .ARM.Collect$$_printf_percent$$00000003  c_w.l(_printf_f.o)
    0x080001fe   0x00000006   Code   RO         4679    .ARM.Collect$$_printf_percent$$00000014  c_w.l(_printf_s.o)
    0x08000204   0x00000004   Code   RO         4765    .ARM.Collect$$_printf_percent$$00000017  c_w.l(_printf_percent_end.o)
    0x08000208   0x00000002   Code   RO         4915    .ARM.Collect$$libinit$$00000000  c_w.l(libinit.o)
    0x0800020a   0x00000000   Code   RO         4917    .ARM.Collect$$libinit$$00000002  c_w.l(libinit2.o)
    0x0800020a   0x00000000   Code   RO         4919    .ARM.Collect$$libinit$$00000004  c_w.l(libinit2.o)
    0x0800020a   0x00000000   Code   RO         4922    .ARM.Collect$$libinit$$0000000A  c_w.l(libinit2.o)
    0x0800020a   0x00000000   Code   RO         4924    .ARM.Collect$$libinit$$0000000C  c_w.l(libinit2.o)
    0x0800020a   0x00000000   Code   RO         4926    .ARM.Collect$$libinit$$0000000E  c_w.l(libinit2.o)
    0x0800020a   0x00000006   Code   RO         4927    .ARM.Collect$$libinit$$0000000F  c_w.l(libinit2.o)
    0x08000210   0x00000000   Code   RO         4929    .ARM.Collect$$libinit$$00000011  c_w.l(libinit2.o)
    0x08000210   0x00000000   Code   RO         4931    .ARM.Collect$$libinit$$00000013  c_w.l(libinit2.o)
    0x08000210   0x00000000   Code   RO         4933    .ARM.Collect$$libinit$$00000015  c_w.l(libinit2.o)
    0x08000210   0x0000000a   Code   RO         4934    .ARM.Collect$$libinit$$00000016  c_w.l(libinit2.o)
    0x0800021a   0x00000000   Code   RO         4935    .ARM.Collect$$libinit$$00000017  c_w.l(libinit2.o)
    0x0800021a   0x00000000   Code   RO         4937    .ARM.Collect$$libinit$$00000019  c_w.l(libinit2.o)
    0x0800021a   0x00000000   Code   RO         4939    .ARM.Collect$$libinit$$0000001B  c_w.l(libinit2.o)
    0x0800021a   0x00000000   Code   RO         4941    .ARM.Collect$$libinit$$0000001D  c_w.l(libinit2.o)
    0x0800021a   0x00000000   Code   RO         4943    .ARM.Collect$$libinit$$0000001F  c_w.l(libinit2.o)
    0x0800021a   0x00000000   Code   RO         4945    .ARM.Collect$$libinit$$00000021  c_w.l(libinit2.o)
    0x0800021a   0x00000000   Code   RO         4947    .ARM.Collect$$libinit$$00000023  c_w.l(libinit2.o)
    0x0800021a   0x00000000   Code   RO         4949    .ARM.Collect$$libinit$$00000025  c_w.l(libinit2.o)
    0x0800021a   0x00000000   Code   RO         4953    .ARM.Collect$$libinit$$0000002C  c_w.l(libinit2.o)
    0x0800021a   0x00000000   Code   RO         4955    .ARM.Collect$$libinit$$0000002E  c_w.l(libinit2.o)
    0x0800021a   0x00000000   Code   RO         4957    .ARM.Collect$$libinit$$00000030  c_w.l(libinit2.o)
    0x0800021a   0x00000000   Code   RO         4959    .ARM.Collect$$libinit$$00000032  c_w.l(libinit2.o)
    0x0800021a   0x00000002   Code   RO         4960    .ARM.Collect$$libinit$$00000033  c_w.l(libinit2.o)
    0x0800021c   0x00000002   Code   RO         4961    .ARM.Collect$$libshutdown$$00000000  c_w.l(libshutdown.o)
    0x0800021e   0x00000000   Code   RO         4976    .ARM.Collect$$libshutdown$$00000002  c_w.l(libshutdown2.o)
    0x0800021e   0x00000000   Code   RO         4978    .ARM.Collect$$libshutdown$$00000004  c_w.l(libshutdown2.o)
    0x0800021e   0x00000000   Code   RO         4981    .ARM.Collect$$libshutdown$$00000007  c_w.l(libshutdown2.o)
    0x0800021e   0x00000000   Code   RO         4984    .ARM.Collect$$libshutdown$$0000000A  c_w.l(libshutdown2.o)
    0x0800021e   0x00000000   Code   RO         4986    .ARM.Collect$$libshutdown$$0000000C  c_w.l(libshutdown2.o)
    0x0800021e   0x00000000   Code   RO         4989    .ARM.Collect$$libshutdown$$0000000F  c_w.l(libshutdown2.o)
    0x0800021e   0x00000002   Code   RO         4990    .ARM.Collect$$libshutdown$$00000010  c_w.l(libshutdown2.o)
    0x08000220   0x00000000   Code   RO         4748    .ARM.Collect$$rtentry$$00000000  c_w.l(__rtentry.o)
    0x08000220   0x00000000   Code   RO         4806    .ARM.Collect$$rtentry$$00000002  c_w.l(__rtentry2.o)
    0x08000220   0x00000006   Code   RO         4818    .ARM.Collect$$rtentry$$00000004  c_w.l(__rtentry4.o)
    0x08000226   0x00000000   Code   RO         4808    .ARM.Collect$$rtentry$$00000009  c_w.l(__rtentry2.o)
    0x08000226   0x00000004   Code   RO         4809    .ARM.Collect$$rtentry$$0000000A  c_w.l(__rtentry2.o)
    0x0800022a   0x00000008   Code   RO         4810    .ARM.Collect$$rtentry$$0000000B  c_w.l(__rtentry2.o)
    0x08000232   0x00000008   Code   RO         4812    .ARM.Collect$$rtentry$$0000000D  c_w.l(__rtentry2.o)
    0x0800023a   0x00000002   Code   RO         4749    .ARM.Collect$$rtexit$$00000000  c_w.l(rtexit.o)
    0x0800023c   0x00000000   Code   RO         4821    .ARM.Collect$$rtexit$$00000002  c_w.l(rtexit2.o)
    0x0800023c   0x00000004   Code   RO         4822    .ARM.Collect$$rtexit$$00000003  c_w.l(rtexit2.o)
    0x08000240   0x00000006   Code   RO         4823    .ARM.Collect$$rtexit$$00000004  c_w.l(rtexit2.o)
    0x08000246   0x00000002   PAD
    0x08000248   0x0000001c   Code   RO          334    .emb_text           rtx_conf_cm.o
    0x08000264   0x00000130   Code   RO         4631    .emb_text           RTX_CM3.lib(hal_cm3.o)
    0x08000394   0x00000040   Code   RO         3392    .text               startup_stm32f207xx.o
    0x080003d4   0x00000008   Code   RO         4646    .text               c_w.l(libspace.o)
    0x080003dc   0x00000028   Code   RO         4653    .text               c_w.l(noretval__2sprintf.o)
    0x08000404   0x00000068   Code   RO         4655    .text               c_w.l(__printf.o)
    0x0800046c   0x00000052   Code   RO         4657    .text               c_w.l(_printf_str.o)
    0x080004be   0x00000012   Code   RO         4682    .text               c_w.l(exit.o)
    0x080004d0   0x0000003e   Code   RO         4684    .text               c_w.l(strlen.o)
    0x0800050e   0x00000096   Code   RO         4686    .text               c_w.l(strncmp.o)
    0x080005a4   0x00000044   Code   RO         4688    .text               c_w.l(rt_memclr.o)
    0x080005e8   0x0000004e   Code   RO         4690    .text               c_w.l(rt_memclr_w.o)
    0x08000636   0x00000056   Code   RO         4692    .text               c_w.l(strncpy.o)
    0x0800068c   0x00000080   Code   RO         4694    .text               c_w.l(strcmpv7m.o)
    0x0800070c   0x00000006   Code   RO         4696    .text               c_w.l(heapauxi.o)
    0x08000712   0x00000016   Code   RO         4755    .text               c_w.l(_rserrno.o)
    0x08000728   0x0000041a   Code   RO         4757    .text               c_w.l(_printf_fp_dec.o)
    0x08000b42   0x00000002   PAD
    0x08000b44   0x00000030   Code   RO         4759    .text               c_w.l(_printf_char_common.o)
    0x08000b74   0x0000000a   Code   RO         4761    .text               c_w.l(_sputc.o)
    0x08000b7e   0x0000002c   Code   RO         4763    .text               c_w.l(_printf_char.o)
    0x08000baa   0x0000000a   Code   RO         4834    .text               c_w.l(rt_locale_twolibspace.o)
    0x08000bb4   0x00000004   Code   RO         4841    .text               c_w.l(rt_errno_addr_twolibspace.o)
    0x08000bb8   0x0000008a   Code   RO         4843    .text               c_w.l(lludiv10.o)
    0x08000c42   0x00000002   PAD
    0x08000c44   0x00000080   Code   RO         4845    .text               c_w.l(_printf_fp_infnan.o)
    0x08000cc4   0x000000dc   Code   RO         4849    .text               c_w.l(bigflt0.o)
    0x08000da0   0x0000000c   Code   RO         4901    .text               c_w.l(sys_exit.o)
    0x08000dac   0x0000004a   Code   RO         4903    .text               c_w.l(sys_stackheap_outer.o)
    0x08000df6   0x00000002   Code   RO         4964    .text               c_w.l(use_no_semi.o)
    0x08000df8   0x00000000   Code   RO         4966    .text               c_w.l(indicate_semi.o)
    0x08000df8   0x0000003e   Code   RO         4852    CL$$btod_d2e        c_w.l(btod.o)
    0x08000e36   0x00000046   Code   RO         4854    CL$$btod_d2e_denorm_low  c_w.l(btod.o)
    0x08000e7c   0x00000060   Code   RO         4853    CL$$btod_d2e_norm_op1  c_w.l(btod.o)
    0x08000edc   0x00000338   Code   RO         4862    CL$$btod_div_common  c_w.l(btod.o)
    0x08001214   0x000000c6   Code   RO         4859    CL$$btod_e2e        c_w.l(btod.o)
    0x080012da   0x00000028   Code   RO         4856    CL$$btod_ediv       c_w.l(btod.o)
    0x08001302   0x00000028   Code   RO         4855    CL$$btod_emul       c_w.l(btod.o)
    0x0800132a   0x00000244   Code   RO         4861    CL$$btod_mult_common  c_w.l(btod.o)
    0x0800156e   0x00000002   PAD
    0x08001570   0x00000004   Code   RO         4641    SVC_TABLE           RTX_CM3.lib(svc_table.o)
    0x08001574   0x00000184   Code   RO          395    i.Enable_GPIO_Clock  usart_stm32f2xx.o
    0x080016f8   0x000000ac   Code   RO         1428    i.HAL_DMA_Abort     stm32f2xx_hal_dma.o
    0x080017a4   0x0000015c   Code   RO         1572    i.HAL_GPIO_DeInit   stm32f2xx_hal_gpio.o
    0x08001900   0x000001fc   Code   RO         1575    i.HAL_GPIO_Init     stm32f2xx_hal_gpio.o
    0x08001afc   0x00000010   Code   RO         1577    i.HAL_GPIO_ReadPin  stm32f2xx_hal_gpio.o
    0x08001b0c   0x0000000c   Code   RO         1579    i.HAL_GPIO_WritePin  stm32f2xx_hal_gpio.o
    0x08001b18   0x0000000c   Code   RO          597    i.HAL_GetTick       stm32f2xx_hal.o
    0x08001b24   0x00000044   Code   RO         1049    i.HAL_NVIC_DisableIRQ  stm32f2xx_hal_cortex.o
    0x08001b68   0x0000000c   Code   RO         1644    i.HAL_RCC_GetHCLKFreq  stm32f2xx_hal_rcc.o
    0x08001b74   0x0000002c   Code   RO         1647    i.HAL_RCC_GetPCLK2Freq  stm32f2xx_hal_rcc.o
    0x08001ba0   0x0000004c   Code   RO            4    i.Init_USART1       main.o
    0x08001bec   0x000000c4   Code   RO          282    i.LED_Initialize    led_mcbstm32f200.o
    0x08001cb0   0x0000002c   Code   RO          283    i.LED_Off           led_mcbstm32f200.o
    0x08001cdc   0x0000002c   Code   RO          284    i.LED_On            led_mcbstm32f200.o
    0x08001d08   0x000000bc   Code   RO            5    i.Sound_Init        main.o
    0x08001dc4   0x00000002   Code   RO         3400    i.SystemInit        system_stm32f2xx.o
    0x08001dc6   0x00000002   PAD
    0x08001dc8   0x00000044   Code   RO            6    i.TIM6_DAC_IRQHandler  main.o
    0x08001e0c   0x00000068   Code   RO            7    i.USART1_Callback   main.o
    0x08001e74   0x00000018   Code   RO          396    i.USART1_Control    usart_stm32f2xx.o
    0x08001e8c   0x00000010   Code   RO          397    i.USART1_GetCapabilities  usart_stm32f2xx.o
    0x08001e9c   0x00000010   Code   RO          398    i.USART1_GetModemStatus  usart_stm32f2xx.o
    0x08001eac   0x00000010   Code   RO          399    i.USART1_GetRxCount  usart_stm32f2xx.o
    0x08001ebc   0x00000010   Code   RO          400    i.USART1_GetStatus  usart_stm32f2xx.o
    0x08001ecc   0x00000010   Code   RO          401    i.USART1_GetTxCount  usart_stm32f2xx.o
    0x08001edc   0x00000010   Code   RO          402    i.USART1_IRQHandler  usart_stm32f2xx.o
    0x08001eec   0x00000014   Code   RO          403    i.USART1_Initialize  usart_stm32f2xx.o
    0x08001f00   0x00000014   Code   RO          404    i.USART1_PowerControl  usart_stm32f2xx.o
    0x08001f14   0x00000018   Code   RO          405    i.USART1_Receive    usart_stm32f2xx.o
    0x08001f2c   0x00000018   Code   RO          406    i.USART1_Send       usart_stm32f2xx.o
    0x08001f44   0x00000014   Code   RO          407    i.USART1_SetModemControl  usart_stm32f2xx.o
    0x08001f58   0x0000001c   Code   RO          408    i.USART1_Transfer   usart_stm32f2xx.o
    0x08001f74   0x00000010   Code   RO          409    i.USART1_Uninitialize  usart_stm32f2xx.o
    0x08001f84   0x000008e8   Code   RO          410    i.USART_Control     usart_stm32f2xx.o
    0x0800286c   0x00000006   Code   RO          411    i.USART_GetCapabilities  usart_stm32f2xx.o
    0x08002872   0x0000008c   Code   RO          412    i.USART_GetModemStatus  usart_stm32f2xx.o
    0x080028fe   0x00000008   Code   RO          413    i.USART_GetRxCount  usart_stm32f2xx.o
    0x08002906   0x000000d4   Code   RO          414    i.USART_GetStatus   usart_stm32f2xx.o
    0x080029da   0x00000008   Code   RO          415    i.USART_GetTxCount  usart_stm32f2xx.o
    0x080029e2   0x00000272   Code   RO          416    i.USART_IRQHandler  usart_stm32f2xx.o
    0x08002c54   0x00000092   Code   RO          417    i.USART_Initialize  usart_stm32f2xx.o
    0x08002ce6   0x00000002   PAD
    0x08002ce8   0x00000134   Code   RO          418    i.USART_PeripheralReset  usart_stm32f2xx.o
    0x08002e1c   0x000002c8   Code   RO          419    i.USART_PowerControl  usart_stm32f2xx.o
    0x080030e4   0x000000a2   Code   RO          420    i.USART_Receive     usart_stm32f2xx.o
    0x08003186   0x00000088   Code   RO          421    i.USART_Send        usart_stm32f2xx.o
    0x0800320e   0x0000008c   Code   RO          422    i.USART_SetModemControl  usart_stm32f2xx.o
    0x0800329a   0x0000006a   Code   RO          423    i.USART_Transfer    usart_stm32f2xx.o
    0x08003304   0x0000006a   Code   RO          424    i.USART_Uninitialize  usart_stm32f2xx.o
    0x0800336e   0x00000002   PAD
    0x08003370   0x00000010   Code   RO          425    i.USARTx_GetVersion  usart_stm32f2xx.o
    0x08003380   0x00000028   Code   RO         4897    i.__ARM_fpclassify  m_ws.l(fpclassify.o)
    0x080033a8   0x00000388   Code   RO         4794    i.__ieee754_rem_pio2  m_ws.l(rred.o)
    0x08003730   0x000000fc   Code   RO         4777    i.__kernel_cos      m_ws.l(cos_i.o)
    0x0800382c   0x000000aa   Code   RO         4899    i.__kernel_poly     m_ws.l(poly.o)
    0x080038d6   0x00000002   PAD
    0x080038d8   0x000000ec   Code   RO         4799    i.__kernel_sin      m_ws.l(sin_i.o)
    0x080039c4   0x00000006   Code   RO         4781    i.__mathlib_dbl_infnan  m_ws.l(dunder.o)
    0x080039ca   0x0000000c   Code   RO         4783    i.__mathlib_dbl_invalid  m_ws.l(dunder.o)
    0x080039d6   0x00000002   PAD
    0x080039d8   0x00000010   Code   RO         4786    i.__mathlib_dbl_underflow  m_ws.l(dunder.o)
    0x080039e8   0x0000002c   Code   RO          335    i.__user_perthread_libspace  rtx_conf_cm.o
    0x08003a14   0x00000046   Code   RO         4530    i._init_box         RTX_CM3.lib(rt_membox.o)
    0x08003a5a   0x00000002   PAD
    0x08003a5c   0x00000020   Code   RO          336    i._mutex_acquire    rtx_conf_cm.o
    0x08003a7c   0x0000001c   Code   RO          338    i._mutex_release    rtx_conf_cm.o
    0x08003a98   0x0000012c   Code   RO            8    i.app_main          main.o
    0x08003bc4   0x00000030   Code   RO         4583    i.dbg_init          RTX_CM3.lib(hal_cm.o)
    0x08003bf4   0x00000020   Code   RO         4584    i.dbg_task_notify   RTX_CM3.lib(hal_cm.o)
    0x08003c14   0x00000010   Code   RO         4585    i.dbg_task_switch   RTX_CM3.lib(hal_cm.o)
    0x08003c24   0x00000054   Code   RO            9    i.generateSine      main.o
    0x08003c78   0x00000078   Code   RO           10    i.generateSineTable  main.o
    0x08003cf0   0x00000110   Code   RO           11    i.get_note_step_from_string  main.o
    0x08003e00   0x0000002a   Code   RO         3436    i.isrMessageGet     RTX_CM3.lib(rt_cmsis.o)
    0x08003e2a   0x0000002c   Code   RO         3437    i.isrMessagePut     RTX_CM3.lib(rt_cmsis.o)
    0x08003e56   0x00000028   Code   RO         3438    i.isrSemaphoreRelease  RTX_CM3.lib(rt_cmsis.o)
    0x08003e7e   0x00000002   PAD
    0x08003e80   0x00000056   Code   RO         4385    i.isr_mbx_receive   RTX_CM3.lib(rt_mailbox.o)
    0x08003ed6   0x0000000e   Code   RO         4386    i.isr_mbx_send      RTX_CM3.lib(rt_mailbox.o)
    0x08003ee4   0x00000010   Code   RO         4433    i.isr_sem_send      RTX_CM3.lib(rt_semaphore.o)
    0x08003ef4   0x00000038   Code   RO           12    i.main              main.o
    0x08003f2c   0x00000024   Code   RO         3441    i.osKernelInitialize  RTX_CM3.lib(rt_cmsis.o)
    0x08003f50   0x0000006c   Code   RO         3443    i.osKernelStart     RTX_CM3.lib(rt_cmsis.o)
    0x08003fbc   0x00000018   Code   RO         3452    i.osMessageGet      RTX_CM3.lib(rt_cmsis.o)
    0x08003fd4   0x0000002c   Code   RO         3462    i.osSemaphoreCreate  RTX_CM3.lib(rt_cmsis.o)
    0x08004000   0x00000018   Code   RO         3464    i.osSemaphoreRelease  RTX_CM3.lib(rt_cmsis.o)
    0x08004018   0x00000018   Code   RO         3465    i.osSemaphoreWait   RTX_CM3.lib(rt_cmsis.o)
    0x08004030   0x0000002c   Code   RO         3469    i.osThreadCreate    RTX_CM3.lib(rt_cmsis.o)
    0x0800405c   0x00000018   Code   RO         3470    i.osThreadExit      RTX_CM3.lib(rt_cmsis.o)
    0x08004074   0x0000000c   Code   RO         3476    i.osTimerCall       RTX_CM3.lib(rt_cmsis.o)
    0x08004080   0x0000002c   Code   RO         3481    i.osTimerThread     RTX_CM3.lib(rt_cmsis.o)
    0x080040ac   0x00000022   Code   RO          339    i.os_error          rtx_conf_cm.o
    0x080040ce   0x00000004   Code   RO          340    i.os_idle_demon     rtx_conf_cm.o
    0x080040d2   0x00000002   PAD
    0x080040d4   0x00000028   Code   RO         4177    i.os_tick_init      RTX_CM3.lib(rt_system.o)
    0x080040fc   0x00000002   Code   RO         4178    i.os_tick_irqack    RTX_CM3.lib(rt_system.o)
    0x080040fe   0x0000001a   Code   RO         4531    i.rt_alloc_box      RTX_CM3.lib(rt_membox.o)
    0x08004118   0x0000003e   Code   RO         4559    i.rt_alloc_mem      RTX_CM3.lib(rt_memory.o)
    0x08004156   0x00000002   PAD
    0x08004158   0x00000038   Code   RO         4058    i.rt_block          RTX_CM3.lib(rt_task.o)
    0x08004190   0x00000048   Code   RO         4508    i.rt_chk_robin      RTX_CM3.lib(rt_robin.o)
    0x080041d8   0x00000070   Code   RO         4309    i.rt_dec_dly        RTX_CM3.lib(rt_list.o)
    0x08004248   0x00000044   Code   RO         4059    i.rt_dispatch       RTX_CM3.lib(rt_task.o)
    0x0800428c   0x00000050   Code   RO         4270    i.rt_evt_psh        RTX_CM3.lib(rt_event.o)
    0x080042dc   0x0000002c   Code   RO         4532    i.rt_free_box       RTX_CM3.lib(rt_membox.o)
    0x08004308   0x00000028   Code   RO         4560    i.rt_free_mem       RTX_CM3.lib(rt_memory.o)
    0x08004330   0x00000028   Code   RO         4310    i.rt_get_first      RTX_CM3.lib(rt_list.o)
    0x08004358   0x00000008   Code   RO         3486    i.rt_id2obj         RTX_CM3.lib(rt_cmsis.o)
    0x08004360   0x00000048   Code   RO         4060    i.rt_init_context   RTX_CM3.lib(rt_task.o)
    0x080043a8   0x0000001a   Code   RO         4561    i.rt_init_mem       RTX_CM3.lib(rt_memory.o)
    0x080043c2   0x00000002   PAD
    0x080043c4   0x00000018   Code   RO         4509    i.rt_init_robin     RTX_CM3.lib(rt_robin.o)
    0x080043dc   0x00000080   Code   RO         4586    i.rt_init_stack     RTX_CM3.lib(hal_cm.o)
    0x0800445c   0x00000008   Code   RO         4387    i.rt_mbx_check      RTX_CM3.lib(rt_mailbox.o)
    0x08004464   0x0000001a   Code   RO         4388    i.rt_mbx_init       RTX_CM3.lib(rt_mailbox.o)
    0x0800447e   0x00000002   PAD
    0x08004480   0x000000f0   Code   RO         4389    i.rt_mbx_psh        RTX_CM3.lib(rt_mailbox.o)
    0x08004570   0x000000b4   Code   RO         4391    i.rt_mbx_wait       RTX_CM3.lib(rt_mailbox.o)
    0x08004624   0x00000044   Code   RO         3487    i.rt_ms2tick        RTX_CM3.lib(rt_cmsis.o)
    0x08004668   0x000000d8   Code   RO         4144    i.rt_mut_release    RTX_CM3.lib(rt_mutex.o)
    0x08004740   0x00000078   Code   RO         4145    i.rt_mut_wait       RTX_CM3.lib(rt_mutex.o)
    0x080047b8   0x0000007c   Code   RO         4181    i.rt_pop_req        RTX_CM3.lib(rt_system.o)
    0x08004834   0x00000020   Code   RO         4182    i.rt_psh_req        RTX_CM3.lib(rt_system.o)
    0x08004854   0x0000005c   Code   RO         4312    i.rt_psq_enq        RTX_CM3.lib(rt_list.o)
    0x080048b0   0x00000048   Code   RO         4313    i.rt_put_dly        RTX_CM3.lib(rt_list.o)
    0x080048f8   0x00000036   Code   RO         4314    i.rt_put_prio       RTX_CM3.lib(rt_list.o)
    0x0800492e   0x00000002   PAD
    0x08004930   0x00000014   Code   RO         4315    i.rt_put_rdy_first  RTX_CM3.lib(rt_list.o)
    0x08004944   0x00000034   Code   RO         4316    i.rt_resort_prio    RTX_CM3.lib(rt_list.o)
    0x08004978   0x00000006   Code   RO         4587    i.rt_ret_val        RTX_CM3.lib(hal_cm.o)
    0x0800497e   0x00000008   Code   RO         4588    i.rt_ret_val2       RTX_CM3.lib(hal_cm.o)
    0x08004986   0x00000028   Code   RO         4317    i.rt_rmv_dly        RTX_CM3.lib(rt_list.o)
    0x080049ae   0x00000002   PAD
    0x080049b0   0x00000030   Code   RO         4318    i.rt_rmv_list       RTX_CM3.lib(rt_list.o)
    0x080049e0   0x0000000c   Code   RO         4435    i.rt_sem_init       RTX_CM3.lib(rt_semaphore.o)
    0x080049ec   0x00000034   Code   RO         4436    i.rt_sem_psh        RTX_CM3.lib(rt_semaphore.o)
    0x08004a20   0x0000002a   Code   RO         4437    i.rt_sem_send       RTX_CM3.lib(rt_semaphore.o)
    0x08004a4a   0x00000002   PAD
    0x08004a4c   0x00000040   Code   RO         4438    i.rt_sem_wait       RTX_CM3.lib(rt_semaphore.o)
    0x08004a8c   0x00000024   Code   RO         4184    i.rt_stk_check      RTX_CM3.lib(rt_system.o)
    0x08004ab0   0x00000028   Code   RO         4061    i.rt_switch_req     RTX_CM3.lib(rt_task.o)
    0x08004ad8   0x000000cc   Code   RO         4062    i.rt_sys_init       RTX_CM3.lib(rt_task.o)
    0x08004ba4   0x00000078   Code   RO         4063    i.rt_sys_start      RTX_CM3.lib(rt_task.o)
    0x08004c1c   0x00000040   Code   RO         4186    i.rt_systick        RTX_CM3.lib(rt_system.o)
    0x08004c5c   0x00000012   Code   RO         3488    i.rt_tid2ptcb       RTX_CM3.lib(rt_cmsis.o)
    0x08004c6e   0x00000002   PAD
    0x08004c70   0x00000034   Code   RO         3489    i.rt_timer_insert   RTX_CM3.lib(rt_cmsis.o)
    0x08004ca4   0x00000088   Code   RO         4064    i.rt_tsk_create     RTX_CM3.lib(rt_task.o)
    0x08004d2c   0x0000017c   Code   RO         4065    i.rt_tsk_delete     RTX_CM3.lib(rt_task.o)
    0x08004ea8   0x0000007c   Code   RO         4067    i.rt_tsk_prio       RTX_CM3.lib(rt_task.o)
    0x08004f24   0x00000010   Code   RO         4068    i.rt_tsk_self       RTX_CM3.lib(rt_task.o)
    0x08004f34   0x000000a0   Code   RO         4741    i.sin               m_ws.l(sin.o)
    0x08004fd4   0x00000070   Code   RO         3492    i.svcKernelInitialize  RTX_CM3.lib(rt_cmsis.o)
    0x08005044   0x00000048   Code   RO         3494    i.svcKernelStart    RTX_CM3.lib(rt_cmsis.o)
    0x0800508c   0x00000024   Code   RO         3497    i.svcMessageCreate  RTX_CM3.lib(rt_cmsis.o)
    0x080050b0   0x0000003a   Code   RO         3498    i.svcMessageGet     RTX_CM3.lib(rt_cmsis.o)
    0x080050ea   0x00000024   Code   RO         3505    i.svcSemaphoreCreate  RTX_CM3.lib(rt_cmsis.o)
    0x0800510e   0x00000028   Code   RO         3507    i.svcSemaphoreRelease  RTX_CM3.lib(rt_cmsis.o)
    0x08005136   0x00000032   Code   RO         3508    i.svcSemaphoreWait  RTX_CM3.lib(rt_cmsis.o)
    0x08005168   0x0000006c   Code   RO         3512    i.svcThreadCreate   RTX_CM3.lib(rt_cmsis.o)
    0x080051d4   0x0000001c   Code   RO         3513    i.svcThreadGetId    RTX_CM3.lib(rt_cmsis.o)
    0x080051f0   0x00000038   Code   RO         3516    i.svcThreadTerminate  RTX_CM3.lib(rt_cmsis.o)
    0x08005228   0x00000018   Code   RO         3518    i.svcTimerCall      RTX_CM3.lib(rt_cmsis.o)
    0x08005240   0x0000005c   Code   RO         3527    i.sysTimerTick      RTX_CM3.lib(rt_cmsis.o)
    0x0800529c   0x0000002c   Code   RO         4875    locale$$code        c_w.l(lc_numeric_c.o)
    0x080052c8   0x00000150   Code   RO         4700    x$fpl$dadd          fz_ws.l(daddsub_clz.o)
    0x08005418   0x00000010   Code   RO         4962    x$fpl$dcheck1       fz_ws.l(dcheck1.o)
    0x08005428   0x000002b0   Code   RO         4878    x$fpl$ddiv          fz_ws.l(ddiv.o)
    0x080056d8   0x0000005e   Code   RO         4881    x$fpl$dfix          fz_ws.l(dfix.o)
    0x08005736   0x00000002   PAD
    0x08005738   0x0000005a   Code   RO         4706    x$fpl$dfixu         fz_ws.l(dfixu.o)
    0x08005792   0x0000002e   Code   RO         4886    x$fpl$dflt          fz_ws.l(dflt_clz.o)
    0x080057c0   0x00000026   Code   RO         4885    x$fpl$dfltu         fz_ws.l(dflt_clz.o)
    0x080057e6   0x00000002   PAD
    0x080057e8   0x00000154   Code   RO         4710    x$fpl$dmul          fz_ws.l(dmul.o)
    0x0800593c   0x0000009c   Code   RO         4766    x$fpl$dnaninf       fz_ws.l(dnaninf.o)
    0x080059d8   0x0000000c   Code   RO         4768    x$fpl$dretinf       fz_ws.l(dretinf.o)
    0x080059e4   0x00000016   Code   RO         4701    x$fpl$drsb          fz_ws.l(daddsub_clz.o)
    0x080059fa   0x00000002   PAD
    0x080059fc   0x000001d4   Code   RO         4702    x$fpl$dsub          fz_ws.l(daddsub_clz.o)
    0x08005bd0   0x00000056   Code   RO         4712    x$fpl$f2d           fz_ws.l(f2d.o)
    0x08005c26   0x00000002   PAD
    0x08005c28   0x000000c4   Code   RO         4714    x$fpl$fadd          fz_ws.l(faddsub_clz.o)
    0x08005cec   0x00000018   Code   RO         4891    x$fpl$fcmpinf       fz_ws.l(fcmpi.o)
    0x08005d04   0x00000184   Code   RO         4721    x$fpl$fdiv          fz_ws.l(fdiv.o)
    0x08005e88   0x00000036   Code   RO         4724    x$fpl$ffix          fz_ws.l(ffix.o)
    0x08005ebe   0x00000002   PAD
    0x08005ec0   0x00000030   Code   RO         4729    x$fpl$fflt          fz_ws.l(fflt_clz.o)
    0x08005ef0   0x00000068   Code   RO         4770    x$fpl$fleqf         fz_ws.l(fleqf.o)
    0x08005f58   0x00000102   Code   RO         4734    x$fpl$fmul          fz_ws.l(fmul.o)
    0x0800605a   0x0000008c   Code   RO         4772    x$fpl$fnaninf       fz_ws.l(fnaninf.o)
    0x080060e6   0x0000000a   Code   RO         4774    x$fpl$fretinf       fz_ws.l(fretinf.o)
    0x080060f0   0x00000062   Code   RO         4736    x$fpl$frleqf        fz_ws.l(frleqf.o)
    0x08006152   0x00000002   PAD
    0x08006154   0x000000ea   Code   RO         4716    x$fpl$fsub          fz_ws.l(faddsub_clz.o)
    0x0800623e   0x00000004   Code   RO         4738    x$fpl$printf1       fz_ws.l(printf1.o)
    0x08006242   0x00000064   Code   RO         4993    x$fpl$retnan        fz_ws.l(retnan.o)
    0x080062a6   0x0000005c   Code   RO         4895    x$fpl$scalbn        fz_ws.l(scalbn.o)
    0x08006302   0x00000030   Code   RO         5003    x$fpl$trapveneer    fz_ws.l(trapv.o)
    0x08006332   0x00000000   Code   RO         4776    x$fpl$usenofp       fz_ws.l(usenofp.o)
    0x08006332   0x00000002   PAD
    0x08006334   0x00000014   Data   RO           14    .constdata          main.o
    0x08006348   0x00000040   Data   RO          287    .constdata          led_mcbstm32f200.o
    0x08006388   0x00000068   Data   RO          342    .constdata          rtx_conf_cm.o
    0x080063f0   0x00000088   Data   RO          427    .constdata          usart_stm32f2xx.o
    0x08006478   0x00000018   Data   RO         3401    .constdata          system_stm32f2xx.o
    0x08006490   0x00000030   Data   RO         4778    .constdata          m_ws.l(cos_i.o)
    0x080064c0   0x000000c8   Data   RO         4796    .constdata          m_ws.l(rred.o)
    0x08006588   0x00000028   Data   RO         4800    .constdata          m_ws.l(sin_i.o)
    0x080065b0   0x00000094   Data   RO         4850    .constdata          c_w.l(bigflt0.o)
    0x08006644   0x00000020   Data   RO         5033    Region$$Table       anon$$obj.o
    0x08006664   0x0000001c   Data   RO         4874    locale$$data        c_w.l(lc_numeric_c.o)


    Execution Region RW_IRAM1 (Base: 0x20000000, Size: 0x000031e0, Max: 0x00020000, ABSOLUTE)

    Base Addr    Size         Type   Attr      Idx    E Section Name        Object

    0x20000000   0x00000020   Data   RW           15    .data               main.o
    0x20000020   0x00000014   Data   RW          343    .data               rtx_conf_cm.o
    0x20000034   0x00000009   Data   RW          611    .data               stm32f2xx_hal.o
    0x2000003d   0x00000003   PAD
    0x20000040   0x00000004   Data   RW         3402    .data               system_stm32f2xx.o
    0x20000044   0x00000008   Data   RW         3530    .data               RTX_CM3.lib(rt_cmsis.o)
    0x2000004c   0x00000008   Data   RW         4070    .data               RTX_CM3.lib(rt_task.o)
    0x20000054   0x00000008   Data   RW         4189    .data               RTX_CM3.lib(rt_system.o)
    0x2000005c   0x00000004   Data   RW         4479    .data               RTX_CM3.lib(rt_time.o)
    0x20000060   0x00000008   Data   RW         4510    .data               RTX_CM3.lib(rt_robin.o)
    0x20000068   0x00000001   Data   RW         4589    .data               RTX_CM3.lib(hal_cm.o)
    0x20000069   0x00000003   PAD
    0x2000006c   0x00000820   Zero   RW           13    .bss                main.o
    0x2000088c   0x00000004   PAD
    0x20000890   0x00002250   Zero   RW          341    .bss                rtx_conf_cm.o
    0x20002ae0   0x00000038   Zero   RW          426    .bss                usart_stm32f2xx.o
    0x20002b18   0x00000034   Zero   RW         4069    .bss                RTX_CM3.lib(rt_task.o)
    0x20002b4c   0x00000030   Zero   RW         4319    .bss                RTX_CM3.lib(rt_list.o)
    0x20002b7c   0x00000060   Zero   RW         4647    .bss                c_w.l(libspace.o)
    0x20002bdc   0x00000004   PAD
    0x20002be0   0x00000200   Zero   RW         3390    HEAP                startup_stm32f207xx.o
    0x20002de0   0x00000400   Zero   RW         3389    STACK               startup_stm32f207xx.o


==============================================================================

Image component sizes


      Code (inc. data)   RO Data    RW Data    ZI Data      Debug   Object Name

         0          0          0          0          0      19036   adc_mcbstm32f200.o
       284         26         64          0          0       2944   led_mcbstm32f200.o
      1268        276         20         32       2080     583741   main.o
       170         38        104         20       8784      10051   rtx_conf_cm.o
        64         26        388          0       1536        864   startup_stm32f207xx.o
        12          6          0          9          0       7025   stm32f2xx_hal.o
        68          6          0          0          0      27685   stm32f2xx_hal_cortex.o
       172          0          0          0          0       1380   stm32f2xx_hal_dma.o
       884         96          0          0          0       3661   stm32f2xx_hal_gpio.o
        56         14          0          0          0       1125   stm32f2xx_hal_rcc.o
         2          0         24          4          0       1391   system_stm32f2xx.o
      5772        220        136          0         56      53962   usart_stm32f2xx.o

    ----------------------------------------------------------------------
      8760        708        768         68      12460     712865   Object Totals
         0          0         32          0          0          0   (incl. Generated)
         8          0          0          3          4          0   (incl. Padding)

    ----------------------------------------------------------------------

      Code (inc. data)   RO Data    RW Data    ZI Data      Debug   Library Member Name

       238         24          0          1          0       3268   hal_cm.o
       304         36          0          0          0        760   hal_cm3.o
      1368        156          0          8          0      36572   rt_cmsis.o
        80          4          0          0          0        653   rt_event.o
       530         34          0          0         48       8169   rt_list.o
       554         10          0          0          0       3901   rt_mailbox.o
       140          0          0          0          0       1901   rt_membox.o
       128          0          0          0          0       2275   rt_memory.o
       336         14          0          0          0       1631   rt_mutex.o
        96         22          0          8          0       1134   rt_robin.o
       186         10          0          0          0       2870   rt_semaphore.o
       298         52          0          8          0       6151   rt_system.o
      1216        174          0          8         52       9565   rt_task.o
         0          0          0          4          0        210   rt_time.o
         4          4          0          0          0        200   svc_table.o
         8          0          0          0          0         68   __main.o
       104          0          0          0          0         84   __printf.o
         0          0          0          0          0          0   __rtentry.o
        20          0          0          0          0          0   __rtentry2.o
         6          0          0          0          0          0   __rtentry4.o
        52          8          0          0          0          0   __scatter.o
        26          0          0          0          0          0   __scatter_copy.o
        28          0          0          0          0          0   __scatter_zi.o
        44          0          0          0          0        108   _printf_char.o
        48          6          0          0          0         96   _printf_char_common.o
         6          0          0          0          0          0   _printf_f.o
      1050          0          0          0          0        216   _printf_fp_dec.o
       128         16          0          0          0         84   _printf_fp_infnan.o
         0          0          0          0          0          0   _printf_percent.o
         4          0          0          0          0          0   _printf_percent_end.o
         6          0          0          0          0          0   _printf_s.o
        82          0          0          0          0         80   _printf_str.o
        22          0          0          0          0        100   _rserrno.o
        10          0          0          0          0         68   _sputc.o
       220          4        148          0          0         96   bigflt0.o
      1910        128          0          0          0        672   btod.o
        18          0          0          0          0         80   exit.o
         6          0          0          0          0        152   heapauxi.o
         0          0          0          0          0          0   indicate_semi.o
        44         10         28          0          0         76   lc_numeric_c.o
         2          0          0          0          0          0   libinit.o
        18          0          0          0          0          0   libinit2.o
         2          0          0          0          0          0   libshutdown.o
         2          0          0          0          0          0   libshutdown2.o
         8          4          0          0         96         68   libspace.o
       138          0          0          0          0         80   lludiv10.o
        40          6          0          0          0         84   noretval__2sprintf.o
         4          0          0          0          0         68   rt_errno_addr_twolibspace.o
        10          0          0          0          0         76   rt_locale_twolibspace.o
        68          0          0          0          0         68   rt_memclr.o
        78          0          0          0          0         80   rt_memclr_w.o
         2          0          0          0          0          0   rtexit.o
        10          0          0          0          0          0   rtexit2.o
       128          0          0          0          0         68   strcmpv7m.o
        62          0          0          0          0         76   strlen.o
       150          0          0          0          0         80   strncmp.o
        86          0          0          0          0         76   strncpy.o
        12          4          0          0          0         68   sys_exit.o
        74          0          0          0          0         80   sys_stackheap_outer.o
         2          0          0          0          0         68   use_no_semi.o
       826         16          0          0          0        348   daddsub_clz.o
        16          4          0          0          0         68   dcheck1.o
       688        140          0          0          0        208   ddiv.o
        94          4          0          0          0         92   dfix.o
        90          4          0          0          0         92   dfixu.o
        84          0          0          0          0        136   dflt_clz.o
       340         12          0          0          0        104   dmul.o
       156          4          0          0          0         92   dnaninf.o
        12          0          0          0          0         68   dretinf.o
        86          4          0          0          0         84   f2d.o
       430          8          0          0          0        168   faddsub_clz.o
        24          0          0          0          0         68   fcmpi.o
       388         76          0          0          0         96   fdiv.o
        54          4          0          0          0         84   ffix.o
        48          0          0          0          0         68   fflt_clz.o
       104          4          0          0          0         84   fleqf.o
       258          4          0          0          0         84   fmul.o
       140          4          0          0          0         84   fnaninf.o
        10          0          0          0          0         68   fretinf.o
        98          0          0          0          0         68   frleqf.o
         4          0          0          0          0         68   printf1.o
       100          0          0          0          0         68   retnan.o
        92          0          0          0          0         68   scalbn.o
        48          0          0          0          0         68   trapv.o
         0          0          0          0          0          0   usenofp.o
       252         22         48          0          0        124   cos_i.o
        34          6          0          0          0        204   dunder.o
        40          0          0          0          0         68   fpclassify.o
       170          0          0          0          0         96   poly.o
       904         76        200          0          0        140   rred.o
       160         10          0          0          0        108   sin.o
       236         12         40          0          0        128   sin_i.o

    ----------------------------------------------------------------------
     16248       1140        464         40        200      85584   Library Totals
        46          0          0          3          4          0   (incl. Padding)

    ----------------------------------------------------------------------

      Code (inc. data)   RO Data    RW Data    ZI Data      Debug   Library Name

      5478        540          0         37        100      79260   RTX_CM3.lib
      4738        186        176          0         96       3020   c_w.l
      4190        288          0          0          0       2436   fz_ws.l
      1796        126        288          0          0        868   m_ws.l

    ----------------------------------------------------------------------
     16248       1140        464         40        200      85584   Library Totals

    ----------------------------------------------------------------------

==============================================================================


      Code (inc. data)   RO Data    RW Data    ZI Data      Debug   

     25008       1848       1232        108      12660     787889   Grand Totals
     25008       1848       1232        108      12660     787889   ELF Image Totals
     25008       1848       1232        108          0          0   ROM Totals

==============================================================================

    Total RO  Size (Code + RO Data)                26240 (  25.63kB)
    Total RW  Size (RW Data + ZI Data)             12768 (  12.47kB)
    Total ROM Size (Code + RO Data + RW Data)      26348 (  25.73kB)

==============================================================================

